{
  "complete": true,
  "n_responses": 840,
  "requests": 840,
  "status": {
    "ok": 840
  },
  "factorial_effects": [
    {
      "cohort": "controlled",
      "effect": "P",
      "n": 60,
      "difference": -0.00028235653235653504,
      "ci_low": -0.007967032967032977,
      "ci_high": 0.00777644230769231,
      "p": 0.9574042595740426,
      "p_holm": 1.0
    },
    {
      "cohort": "controlled",
      "effect": "D",
      "n": 60,
      "difference": -0.006509462759462768,
      "ci_low": -0.013484432234432249,
      "ci_high": -0.0005568910256410312,
      "p": 0.040995900409959006,
      "p_holm": 0.16398360163983602
    },
    {
      "cohort": "controlled",
      "effect": "G",
      "n": 60,
      "difference": 0.0016407203907203905,
      "ci_low": 0.0005418192918192917,
      "ci_high": 0.003006715506715506,
      "p": 0.031296870312968704,
      "p_holm": 0.15648435156484353
    },
    {
      "cohort": "controlled",
      "effect": "PD",
      "n": 60,
      "difference": -0.015216727716727723,
      "ci_low": -0.026984508547008554,
      "ci_high": -0.004410866910866905,
      "p": 0.011498850114988501,
      "p_holm": null
    },
    {
      "cohort": "controlled",
      "effect": "PG",
      "n": 60,
      "difference": -0.001114163614163614,
      "ci_low": -0.0038461538461538455,
      "ci_high": 0.0016025641025641025,
      "p": 0.37776222377762225,
      "p_holm": null
    },
    {
      "cohort": "controlled",
      "effect": "DG",
      "n": 60,
      "difference": -0.001114163614163614,
      "ci_low": -0.0038461538461538455,
      "ci_high": 0.0016025641025641025,
      "p": 0.37776222377762225,
      "p_holm": null
    },
    {
      "cohort": "controlled",
      "effect": "PDG",
      "n": 60,
      "difference": 0.006562881562881562,
      "ci_low": 0.002167277167277167,
      "ci_high": 0.012026862026862024,
      "p": 0.031296870312968704,
      "p_holm": null
    },
    {
      "cohort": "natural",
      "effect": "P",
      "n": 60,
      "difference": 0.006969881969881981,
      "ci_low": 9.714451465470119e-18,
      "ci_high": 0.019047619047619053,
      "p": 0.5011498850114988,
      "p_holm": 1.0
    },
    {
      "cohort": "natural",
      "effect": "D",
      "n": 60,
      "difference": -0.005352055352055348,
      "ci_low": -0.023759920634920634,
      "ci_high": 0.008424908424908423,
      "p": 0.6681331866813318,
      "p_holm": 1.0
    },
    {
      "cohort": "natural",
      "effect": "G",
      "n": 60,
      "difference": 0.007071632071632069,
      "ci_low": 0.0022486772486772486,
      "ci_high": 0.013157051282051262,
      "p": 0.0143985601439856,
      "p_holm": 0.08639136086391361
    },
    {
      "cohort": "natural",
      "effect": "PD",
      "n": 60,
      "difference": 0.0176027676027676,
      "ci_low": 0.0,
      "ci_high": 0.04251119251119251,
      "p": 0.24867513248675133,
      "p_holm": null
    },
    {
      "cohort": "natural",
      "effect": "PG",
      "n": 60,
      "difference": -0.0007122507122507125,
      "ci_low": -0.0021367521367521374,
      "ci_high": 0.0,
      "p": 1.0,
      "p_holm": null
    },
    {
      "cohort": "natural",
      "effect": "DG",
      "n": 60,
      "difference": -8.140008140007834e-05,
      "ci_low": -0.002747252747252743,
      "ci_high": 0.002503052503052508,
      "p": 1.0,
      "p_holm": null
    },
    {
      "cohort": "natural",
      "effect": "PDG",
      "n": 60,
      "difference": -0.0036223036223036226,
      "ci_low": -0.009442409442409443,
      "ci_high": 0.0,
      "p": 0.49735026497350265,
      "p_holm": null
    }
  ],
  "receipt_contrasts": [
    {
      "left": "full",
      "right": "simple",
      "n": 60,
      "difference": 0.04345238095238095,
      "ci_low": 0.012485119047619063,
      "ci_high": 0.07857142857142857,
      "p": 0.016298370162983702,
      "p_holm": 0.06519348065193481
    },
    {
      "left": "full",
      "right": "random",
      "n": 60,
      "difference": 0.018452380952380953,
      "ci_low": -0.006547619047619049,
      "ci_high": 0.04523809523809524,
      "p": 0.23197680231976803,
      "p_holm": 0.6959304069593041
    },
    {
      "left": "full",
      "right": "anchors",
      "n": 60,
      "difference": 0.0,
      "ci_low": -0.0125,
      "ci_high": 0.0125,
      "p": 1.0,
      "p_holm": 1.0
    },
    {
      "left": "full",
      "right": "no_def_full",
      "n": 60,
      "difference": 0.08809523809523809,
      "ci_low": 0.04226190476190476,
      "ci_high": 0.13392857142857142,
      "p": 0.0011998800119988001,
      "p_holm": 0.0059994000599940004
    },
    {
      "left": "simple",
      "right": "no_def_simple",
      "n": 60,
      "difference": -0.016666666666666666,
      "ci_low": -0.0625,
      "ci_high": 0.029166666666666667,
      "p": 0.5851414858514149,
      "p_holm": 1.0
    }
  ]
}
