note: "version 2" Tectonic command-line interface activated
note: using only cached resource files
note: Running TeX ...
warning: algorithm.sty:11:
Invalid UTF-8 byte or sequence at line 11 replaced by U+FFFD.
warning: main.tex:100: Underfull \vbox (badness 10000) has occurred while \output is active
warning: sections/introduction:55: Underfull \vbox (badness 10000) has occurred while \output is active
warning: sections/related_work:14: Underfull \vbox (badness 10000) has occurred while \output is active
warning: sections/overview:11: Underfull \vbox (badness 10000) has occurred while \output is active
warning: sections/overview:68: Underfull \vbox (badness 10000) has occurred while \output is active
warning: sections/overview:98: Underfull \vbox (badness 10000) has occurred while \output is active
warning: sections/implementation:31: Underfull \vbox (badness 10000) has occurred while \output is active
warning: sections/implementation:70: Underfull \vbox (badness 10000) has occurred while \output is active
warning: sections/implementation:103: Underfull \vbox (badness 10000) has occurred while \output is active
warning: sections/math_revision:36: Underfull \vbox (badness 10000) has occurred while \output is active
warning: sections/experiments:48: Underfull \vbox (badness 10000) has occurred while \output is active
warning: sections/experiments:88: Underfull \hbox (badness 7759) in paragraph at lines 83--88
warning: sections/experiments:89: Underfull \vbox (badness 10000) has occurred while \output is active
warning: sections/experiments:152: Underfull \vbox (badness 10000) has occurred while \output is active
warning: sections/experiments:203: Underfull \vbox (badness 10000) has occurred while \output is active
warning: sections/experiments:258: Underfull \vbox (badness 10000) has occurred while \output is active
warning: sections/ablation_offline:5: Underfull \vbox (badness 10000) has occurred while \output is active
warning: sections/v2_ablation:6: Underfull \vbox (badness 10000) has occurred while \output is active
warning: sections/v2_ablation:62: Underfull \vbox (badness 10000) has occurred while \output is active
warning: sections/experiments:320: Underfull \hbox (badness 1024) in paragraph at lines 310--320
warning: sections/external_receipts:22: Underfull \vbox (badness 10000) has occurred while \output is active
warning: sections/external_receipts:68: Underfull \vbox (badness 10000) has occurred while \output is active
warning: sections/receipt_followup:62: Underfull \vbox (badness 10000) has occurred while \output is active
warning: sections/reextraction_recovery:19: Underfull \vbox (badness 10000) has occurred while \output is active
warning: sections/recovery_ablation:1: Underfull \vbox (badness 10000) has occurred while \output is active
warning: sections/experiments:346: Underfull \vbox (badness 10000) has occurred while \output is active
warning: sections/experiments:346: Underfull \vbox (badness 10000) has occurred while \output is active
warning: sections/experiments:368: Underfull \vbox (badness 10000) has occurred while \output is active
warning: sections/experiments:382: Underfull \hbox (badness 1024) in paragraph at lines 377--382
warning: sections/conclusion:37: Underfull \vbox (badness 10000) has occurred while \output is active
warning: main.tex:126: Underfull \vbox (badness 10000) has occurred while \output is active
warning: sections/supplementary_diagnostics:20: Underfull \vbox (badness 10000) has occurred while \output is active
warning: sections/supplementary_diagnostics:45: Underfull \hbox (badness 5787) in paragraph at lines 39--45
warning: main.tex:132: Underfull \vbox (badness 10000) has occurred while \output is active
warning: main.tex:132: Underfull \vbox (badness 10000) has occurred while \output is active
note: Running BibTeX on main.aux ...
note: Rerunning TeX because bibtex was run ...
warning: algorithm.sty:11:
Invalid UTF-8 byte or sequence at line 11 replaced by U+FFFD.
warning: main.tex:100: Underfull \vbox (badness 10000) has occurred while \output is active
warning: sections/introduction:55: Underfull \vbox (badness 10000) has occurred while \output is active
warning: sections/related_work:14: Underfull \vbox (badness 10000) has occurred while \output is active
warning: sections/overview:11: Underfull \vbox (badness 10000) has occurred while \output is active
warning: sections/overview:68: Underfull \vbox (badness 10000) has occurred while \output is active
warning: sections/overview:98: Underfull \vbox (badness 10000) has occurred while \output is active
warning: sections/implementation:31: Underfull \vbox (badness 10000) has occurred while \output is active
warning: sections/implementation:70: Underfull \vbox (badness 10000) has occurred while \output is active
warning: sections/implementation:103: Underfull \vbox (badness 10000) has occurred while \output is active
warning: sections/math_revision:36: Underfull \vbox (badness 10000) has occurred while \output is active
warning: sections/experiments:48: Underfull \vbox (badness 10000) has occurred while \output is active
warning: sections/experiments:88: Underfull \hbox (badness 7759) in paragraph at lines 83--88
warning: sections/experiments:89: Underfull \vbox (badness 10000) has occurred while \output is active
warning: sections/experiments:152: Underfull \vbox (badness 10000) has occurred while \output is active
warning: sections/experiments:203: Underfull \vbox (badness 10000) has occurred while \output is active
warning: sections/experiments:258: Underfull \vbox (badness 10000) has occurred while \output is active
warning: sections/ablation_offline:5: Underfull \vbox (badness 10000) has occurred while \output is active
warning: sections/v2_ablation:6: Underfull \vbox (badness 10000) has occurred while \output is active
warning: sections/v2_ablation:62: Underfull \vbox (badness 10000) has occurred while \output is active
warning: sections/experiments:320: Underfull \hbox (badness 1024) in paragraph at lines 310--320
warning: sections/external_receipts:22: Underfull \vbox (badness 10000) has occurred while \output is active
warning: sections/external_receipts:68: Underfull \vbox (badness 10000) has occurred while \output is active
warning: sections/receipt_followup:62: Underfull \vbox (badness 10000) has occurred while \output is active
warning: sections/reextraction_recovery:19: Underfull \vbox (badness 10000) has occurred while \output is active
warning: sections/recovery_ablation:1: Underfull \vbox (badness 10000) has occurred while \output is active
warning: sections/experiments:346: Underfull \vbox (badness 10000) has occurred while \output is active
warning: sections/experiments:346: Underfull \vbox (badness 10000) has occurred while \output is active
warning: sections/experiments:368: Underfull \vbox (badness 10000) has occurred while \output is active
warning: sections/experiments:382: Underfull \hbox (badness 1024) in paragraph at lines 377--382
warning: sections/conclusion:37: Underfull \vbox (badness 10000) has occurred while \output is active
warning: main.bbl:20: Underfull \hbox (badness 2707) in paragraph at lines 16--20
warning: main.bbl:41: Underfull \vbox (badness 10000) has occurred while \output is active
warning: main.bbl:46: Underfull \hbox (badness 4096) in paragraph at lines 42--46
warning: main.bbl:108: Underfull \vbox (badness 10000) has occurred while \output is active
warning: main.bbl:175: Underfull \vbox (badness 10000) has occurred while \output is active
warning: main.bbl:238: Underfull \vbox (badness 10000) has occurred while \output is active
warning: main.tex:126: Underfull \vbox (badness 10000) has occurred while \output is active
warning: sections/supplementary_diagnostics:20: Underfull \vbox (badness 10000) has occurred while \output is active
warning: sections/supplementary_diagnostics:45: Underfull \hbox (badness 5787) in paragraph at lines 39--45
warning: main.tex:132: Underfull \vbox (badness 10000) has occurred while \output is active
warning: main.tex:132: Underfull \vbox (badness 10000) has occurred while \output is active
warning: internal consistency problem when checking if main.bbl changed
note: Rerunning TeX because "main.bbl" changed ...
warning: algorithm.sty:11:
Invalid UTF-8 byte or sequence at line 11 replaced by U+FFFD.
warning: main.tex:100: Underfull \vbox (badness 10000) has occurred while \output is active
warning: sections/introduction:55: Underfull \vbox (badness 10000) has occurred while \output is active
warning: sections/related_work:13: Underfull \vbox (badness 10000) has occurred while \output is active
warning: sections/overview:11: Underfull \vbox (badness 10000) has occurred while \output is active
warning: sections/overview:62: Underfull \vbox (badness 10000) has occurred while \output is active
warning: sections/overview:90: Underfull \vbox (badness 10000) has occurred while \output is active
warning: sections/implementation:31: Underfull \vbox (badness 10000) has occurred while \output is active
warning: sections/implementation:70: Underfull \vbox (badness 10000) has occurred while \output is active
warning: sections/implementation:103: Underfull \vbox (badness 10000) has occurred while \output is active
warning: sections/math_revision:36: Underfull \vbox (badness 10000) has occurred while \output is active
warning: sections/experiments:48: Underfull \vbox (badness 10000) has occurred while \output is active
warning: sections/experiments:71: Underfull \hbox (badness 1515) in paragraph at lines 68--71
warning: sections/experiments:88: Underfull \hbox (badness 7759) in paragraph at lines 83--88
warning: sections/experiments:88: Underfull \vbox (badness 10000) has occurred while \output is active
warning: sections/experiments:176: Underfull \vbox (badness 10000) has occurred while \output is active
warning: sections/experiments:203: Underfull \vbox (badness 10000) has occurred while \output is active
warning: sections/experiments:246: Underfull \vbox (badness 10000) has occurred while \output is active
warning: sections/experiments:302: Underfull \vbox (badness 10000) has occurred while \output is active
warning: sections/v2_ablation:4: Underfull \vbox (badness 10000) has occurred while \output is active
warning: sections/v2_ablation:58: Underfull \vbox (badness 10000) has occurred while \output is active
warning: sections/experiments:320: Underfull \hbox (badness 1024) in paragraph at lines 310--320
warning: sections/external_receipts:13: Underfull \vbox (badness 10000) has occurred while \output is active
warning: sections/external_receipts:67: Underfull \vbox (badness 10000) has occurred while \output is active
warning: sections/receipt_followup:22: Underfull \vbox (badness 10000) has occurred while \output is active
warning: sections/reextraction_recovery:12: Underfull \vbox (badness 10000) has occurred while \output is active
warning: sections/reextraction_recovery:48: Underfull \vbox (badness 10000) has occurred while \output is active
warning: sections/recovery_ablation:82: Underfull \vbox (badness 10000) has occurred while \output is active
warning: sections/experiments:346: Underfull \vbox (badness 10000) has occurred while \output is active
warning: sections/experiments:354: Underfull \vbox (badness 10000) has occurred while \output is active
warning: sections/experiments:382: Underfull \hbox (badness 1024) in paragraph at lines 377--382
warning: sections/conclusion:20: Underfull \vbox (badness 10000) has occurred while \output is active
warning: main.bbl:20: Underfull \hbox (badness 2707) in paragraph at lines 16--20
warning: main.bbl:22: Underfull \vbox (badness 10000) has occurred while \output is active
warning: main.bbl:46: Underfull \hbox (badness 4096) in paragraph at lines 42--46
warning: main.bbl:86: Underfull \vbox (badness 10000) has occurred while \output is active
warning: main.bbl:153: Underfull \vbox (badness 10000) has occurred while \output is active
warning: main.bbl:218: Underfull \vbox (badness 10000) has occurred while \output is active
warning: main.tex:126: Underfull \vbox (badness 10000) has occurred while \output is active
warning: sections/supplementary_diagnostics:20: Underfull \vbox (badness 10000) has occurred while \output is active
warning: sections/supplementary_diagnostics:45: Underfull \hbox (badness 5787) in paragraph at lines 39--45
warning: main.tex:132: Underfull \vbox (badness 10000) has occurred while \output is active
warning: main.tex:132: Underfull \vbox (badness 10000) has occurred while \output is active
warning: internal consistency problem when checking if main.bbl changed
note: Rerunning TeX because "main.bbl" changed ...
warning: algorithm.sty:11:
Invalid UTF-8 byte or sequence at line 11 replaced by U+FFFD.
warning: main.tex:100: Underfull \vbox (badness 10000) has occurred while \output is active
warning: sections/introduction:55: Underfull \vbox (badness 10000) has occurred while \output is active
warning: sections/related_work:13: Underfull \vbox (badness 10000) has occurred while \output is active
warning: sections/overview:11: Underfull \vbox (badness 10000) has occurred while \output is active
warning: sections/overview:62: Underfull \vbox (badness 10000) has occurred while \output is active
warning: sections/overview:90: Underfull \vbox (badness 10000) has occurred while \output is active
warning: sections/implementation:31: Underfull \vbox (badness 10000) has occurred while \output is active
warning: sections/implementation:70: Underfull \vbox (badness 10000) has occurred while \output is active
warning: sections/implementation:103: Underfull \vbox (badness 10000) has occurred while \output is active
warning: sections/math_revision:36: Underfull \vbox (badness 10000) has occurred while \output is active
warning: sections/experiments:48: Underfull \vbox (badness 10000) has occurred while \output is active
warning: sections/experiments:71: Underfull \hbox (badness 1515) in paragraph at lines 68--71
warning: sections/experiments:88: Underfull \hbox (badness 7759) in paragraph at lines 83--88
warning: sections/experiments:88: Underfull \vbox (badness 10000) has occurred while \output is active
warning: sections/experiments:176: Underfull \vbox (badness 10000) has occurred while \output is active
warning: sections/experiments:203: Underfull \vbox (badness 10000) has occurred while \output is active
warning: sections/experiments:246: Underfull \vbox (badness 10000) has occurred while \output is active
warning: sections/experiments:302: Underfull \vbox (badness 10000) has occurred while \output is active
warning: sections/v2_ablation:4: Underfull \vbox (badness 10000) has occurred while \output is active
warning: sections/v2_ablation:58: Underfull \vbox (badness 10000) has occurred while \output is active
warning: sections/experiments:320: Underfull \hbox (badness 1024) in paragraph at lines 310--320
warning: sections/external_receipts:13: Underfull \vbox (badness 10000) has occurred while \output is active
warning: sections/external_receipts:67: Underfull \vbox (badness 10000) has occurred while \output is active
warning: sections/receipt_followup:22: Underfull \vbox (badness 10000) has occurred while \output is active
warning: sections/reextraction_recovery:12: Underfull \vbox (badness 10000) has occurred while \output is active
warning: sections/reextraction_recovery:48: Underfull \vbox (badness 10000) has occurred while \output is active
warning: sections/recovery_ablation:82: Underfull \vbox (badness 10000) has occurred while \output is active
warning: sections/experiments:346: Underfull \vbox (badness 10000) has occurred while \output is active
warning: sections/experiments:354: Underfull \vbox (badness 10000) has occurred while \output is active
warning: sections/experiments:382: Underfull \hbox (badness 1024) in paragraph at lines 377--382
warning: sections/conclusion:20: Underfull \vbox (badness 10000) has occurred while \output is active
warning: main.bbl:20: Underfull \hbox (badness 2707) in paragraph at lines 16--20
warning: main.bbl:22: Underfull \vbox (badness 10000) has occurred while \output is active
warning: main.bbl:46: Underfull \hbox (badness 4096) in paragraph at lines 42--46
warning: main.bbl:86: Underfull \vbox (badness 10000) has occurred while \output is active
warning: main.bbl:153: Underfull \vbox (badness 10000) has occurred while \output is active
warning: main.bbl:218: Underfull \vbox (badness 10000) has occurred while \output is active
warning: main.tex:126: Underfull \vbox (badness 10000) has occurred while \output is active
warning: sections/supplementary_diagnostics:20: Underfull \vbox (badness 10000) has occurred while \output is active
warning: sections/supplementary_diagnostics:45: Underfull \hbox (badness 5787) in paragraph at lines 39--45
warning: main.tex:132: Underfull \vbox (badness 10000) has occurred while \output is active
warning: main.tex:132: Underfull \vbox (badness 10000) has occurred while \output is active
warning: internal consistency problem when checking if main.bbl changed
note: Rerunning TeX because "main.bbl" changed ...
warning: algorithm.sty:11:
Invalid UTF-8 byte or sequence at line 11 replaced by U+FFFD.
warning: main.tex:100: Underfull \vbox (badness 10000) has occurred while \output is active
warning: sections/introduction:55: Underfull \vbox (badness 10000) has occurred while \output is active
warning: sections/related_work:13: Underfull \vbox (badness 10000) has occurred while \output is active
warning: sections/overview:11: Underfull \vbox (badness 10000) has occurred while \output is active
warning: sections/overview:62: Underfull \vbox (badness 10000) has occurred while \output is active
warning: sections/overview:90: Underfull \vbox (badness 10000) has occurred while \output is active
warning: sections/implementation:31: Underfull \vbox (badness 10000) has occurred while \output is active
warning: sections/implementation:70: Underfull \vbox (badness 10000) has occurred while \output is active
warning: sections/implementation:103: Underfull \vbox (badness 10000) has occurred while \output is active
warning: sections/math_revision:36: Underfull \vbox (badness 10000) has occurred while \output is active
warning: sections/experiments:48: Underfull \vbox (badness 10000) has occurred while \output is active
warning: sections/experiments:71: Underfull \hbox (badness 1515) in paragraph at lines 68--71
warning: sections/experiments:88: Underfull \hbox (badness 7759) in paragraph at lines 83--88
warning: sections/experiments:88: Underfull \vbox (badness 10000) has occurred while \output is active
warning: sections/experiments:176: Underfull \vbox (badness 10000) has occurred while \output is active
warning: sections/experiments:203: Underfull \vbox (badness 10000) has occurred while \output is active
warning: sections/experiments:246: Underfull \vbox (badness 10000) has occurred while \output is active
warning: sections/experiments:302: Underfull \vbox (badness 10000) has occurred while \output is active
warning: sections/v2_ablation:4: Underfull \vbox (badness 10000) has occurred while \output is active
warning: sections/v2_ablation:58: Underfull \vbox (badness 10000) has occurred while \output is active
warning: sections/experiments:320: Underfull \hbox (badness 1024) in paragraph at lines 310--320
warning: sections/external_receipts:13: Underfull \vbox (badness 10000) has occurred while \output is active
warning: sections/external_receipts:67: Underfull \vbox (badness 10000) has occurred while \output is active
warning: sections/receipt_followup:22: Underfull \vbox (badness 10000) has occurred while \output is active
warning: sections/reextraction_recovery:12: Underfull \vbox (badness 10000) has occurred while \output is active
warning: sections/reextraction_recovery:48: Underfull \vbox (badness 10000) has occurred while \output is active
warning: sections/recovery_ablation:82: Underfull \vbox (badness 10000) has occurred while \output is active
warning: sections/experiments:346: Underfull \vbox (badness 10000) has occurred while \output is active
warning: sections/experiments:354: Underfull \vbox (badness 10000) has occurred while \output is active
warning: sections/experiments:382: Underfull \hbox (badness 1024) in paragraph at lines 377--382
warning: sections/conclusion:20: Underfull \vbox (badness 10000) has occurred while \output is active
warning: main.bbl:20: Underfull \hbox (badness 2707) in paragraph at lines 16--20
warning: main.bbl:22: Underfull \vbox (badness 10000) has occurred while \output is active
warning: main.bbl:46: Underfull \hbox (badness 4096) in paragraph at lines 42--46
warning: main.bbl:86: Underfull \vbox (badness 10000) has occurred while \output is active
warning: main.bbl:153: Underfull \vbox (badness 10000) has occurred while \output is active
warning: main.bbl:218: Underfull \vbox (badness 10000) has occurred while \output is active
warning: main.tex:126: Underfull \vbox (badness 10000) has occurred while \output is active
warning: sections/supplementary_diagnostics:20: Underfull \vbox (badness 10000) has occurred while \output is active
warning: sections/supplementary_diagnostics:45: Underfull \hbox (badness 5787) in paragraph at lines 39--45
warning: main.tex:132: Underfull \vbox (badness 10000) has occurred while \output is active
warning: main.tex:132: Underfull \vbox (badness 10000) has occurred while \output is active
warning: internal consistency problem when checking if main.bbl changed
note: Rerunning TeX because "main.bbl" changed ...
warning: algorithm.sty:11:
Invalid UTF-8 byte or sequence at line 11 replaced by U+FFFD.
warning: main.tex:100: Underfull \vbox (badness 10000) has occurred while \output is active
warning: sections/introduction:55: Underfull \vbox (badness 10000) has occurred while \output is active
warning: sections/related_work:13: Underfull \vbox (badness 10000) has occurred while \output is active
warning: sections/overview:11: Underfull \vbox (badness 10000) has occurred while \output is active
warning: sections/overview:62: Underfull \vbox (badness 10000) has occurred while \output is active
warning: sections/overview:90: Underfull \vbox (badness 10000) has occurred while \output is active
warning: sections/implementation:31: Underfull \vbox (badness 10000) has occurred while \output is active
warning: sections/implementation:70: Underfull \vbox (badness 10000) has occurred while \output is active
warning: sections/implementation:103: Underfull \vbox (badness 10000) has occurred while \output is active
warning: sections/math_revision:36: Underfull \vbox (badness 10000) has occurred while \output is active
warning: sections/experiments:48: Underfull \vbox (badness 10000) has occurred while \output is active
warning: sections/experiments:71: Underfull \hbox (badness 1515) in paragraph at lines 68--71
warning: sections/experiments:88: Underfull \hbox (badness 7759) in paragraph at lines 83--88
warning: sections/experiments:88: Underfull \vbox (badness 10000) has occurred while \output is active
warning: sections/experiments:176: Underfull \vbox (badness 10000) has occurred while \output is active
warning: sections/experiments:203: Underfull \vbox (badness 10000) has occurred while \output is active
warning: sections/experiments:246: Underfull \vbox (badness 10000) has occurred while \output is active
warning: sections/experiments:302: Underfull \vbox (badness 10000) has occurred while \output is active
warning: sections/v2_ablation:4: Underfull \vbox (badness 10000) has occurred while \output is active
warning: sections/v2_ablation:58: Underfull \vbox (badness 10000) has occurred while \output is active
warning: sections/experiments:320: Underfull \hbox (badness 1024) in paragraph at lines 310--320
warning: sections/external_receipts:13: Underfull \vbox (badness 10000) has occurred while \output is active
warning: sections/external_receipts:67: Underfull \vbox (badness 10000) has occurred while \output is active
warning: sections/receipt_followup:22: Underfull \vbox (badness 10000) has occurred while \output is active
warning: sections/reextraction_recovery:12: Underfull \vbox (badness 10000) has occurred while \output is active
warning: sections/reextraction_recovery:48: Underfull \vbox (badness 10000) has occurred while \output is active
warning: sections/recovery_ablation:82: Underfull \vbox (badness 10000) has occurred while \output is active
warning: sections/experiments:346: Underfull \vbox (badness 10000) has occurred while \output is active
warning: sections/experiments:354: Underfull \vbox (badness 10000) has occurred while \output is active
warning: sections/experiments:382: Underfull \hbox (badness 1024) in paragraph at lines 377--382
warning: sections/conclusion:20: Underfull \vbox (badness 10000) has occurred while \output is active
warning: main.bbl:20: Underfull \hbox (badness 2707) in paragraph at lines 16--20
warning: main.bbl:22: Underfull \vbox (badness 10000) has occurred while \output is active
warning: main.bbl:46: Underfull \hbox (badness 4096) in paragraph at lines 42--46
warning: main.bbl:86: Underfull \vbox (badness 10000) has occurred while \output is active
warning: main.bbl:153: Underfull \vbox (badness 10000) has occurred while \output is active
warning: main.bbl:218: Underfull \vbox (badness 10000) has occurred while \output is active
warning: main.tex:126: Underfull \vbox (badness 10000) has occurred while \output is active
warning: sections/supplementary_diagnostics:20: Underfull \vbox (badness 10000) has occurred while \output is active
warning: sections/supplementary_diagnostics:45: Underfull \hbox (badness 5787) in paragraph at lines 39--45
warning: main.tex:132: Underfull \vbox (badness 10000) has occurred while \output is active
warning: main.tex:132: Underfull \vbox (badness 10000) has occurred while \output is active
warning: internal consistency problem when checking if main.bbl changed
note: Rerunning TeX because "main.bbl" changed ...
warning: algorithm.sty:11:
Invalid UTF-8 byte or sequence at line 11 replaced by U+FFFD.
warning: main.tex:100: Underfull \vbox (badness 10000) has occurred while \output is active
warning: sections/introduction:55: Underfull \vbox (badness 10000) has occurred while \output is active
warning: sections/related_work:13: Underfull \vbox (badness 10000) has occurred while \output is active
warning: sections/overview:11: Underfull \vbox (badness 10000) has occurred while \output is active
warning: sections/overview:62: Underfull \vbox (badness 10000) has occurred while \output is active
warning: sections/overview:90: Underfull \vbox (badness 10000) has occurred while \output is active
warning: sections/implementation:31: Underfull \vbox (badness 10000) has occurred while \output is active
warning: sections/implementation:70: Underfull \vbox (badness 10000) has occurred while \output is active
warning: sections/implementation:103: Underfull \vbox (badness 10000) has occurred while \output is active
warning: sections/math_revision:36: Underfull \vbox (badness 10000) has occurred while \output is active
warning: sections/experiments:48: Underfull \vbox (badness 10000) has occurred while \output is active
warning: sections/experiments:71: Underfull \hbox (badness 1515) in paragraph at lines 68--71
warning: sections/experiments:88: Underfull \hbox (badness 7759) in paragraph at lines 83--88
warning: sections/experiments:88: Underfull \vbox (badness 10000) has occurred while \output is active
warning: sections/experiments:176: Underfull \vbox (badness 10000) has occurred while \output is active
warning: sections/experiments:203: Underfull \vbox (badness 10000) has occurred while \output is active
warning: sections/experiments:246: Underfull \vbox (badness 10000) has occurred while \output is active
warning: sections/experiments:302: Underfull \vbox (badness 10000) has occurred while \output is active
warning: sections/v2_ablation:4: Underfull \vbox (badness 10000) has occurred while \output is active
warning: sections/v2_ablation:58: Underfull \vbox (badness 10000) has occurred while \output is active
warning: sections/experiments:320: Underfull \hbox (badness 1024) in paragraph at lines 310--320
warning: sections/external_receipts:13: Underfull \vbox (badness 10000) has occurred while \output is active
warning: sections/external_receipts:67: Underfull \vbox (badness 10000) has occurred while \output is active
warning: sections/receipt_followup:22: Underfull \vbox (badness 10000) has occurred while \output is active
warning: sections/reextraction_recovery:12: Underfull \vbox (badness 10000) has occurred while \output is active
warning: sections/reextraction_recovery:48: Underfull \vbox (badness 10000) has occurred while \output is active
warning: sections/recovery_ablation:82: Underfull \vbox (badness 10000) has occurred while \output is active
warning: sections/experiments:346: Underfull \vbox (badness 10000) has occurred while \output is active
warning: sections/experiments:354: Underfull \vbox (badness 10000) has occurred while \output is active
warning: sections/experiments:382: Underfull \hbox (badness 1024) in paragraph at lines 377--382
warning: sections/conclusion:20: Underfull \vbox (badness 10000) has occurred while \output is active
warning: main.bbl:20: Underfull \hbox (badness 2707) in paragraph at lines 16--20
warning: main.bbl:22: Underfull \vbox (badness 10000) has occurred while \output is active
warning: main.bbl:46: Underfull \hbox (badness 4096) in paragraph at lines 42--46
warning: main.bbl:86: Underfull \vbox (badness 10000) has occurred while \output is active
warning: main.bbl:153: Underfull \vbox (badness 10000) has occurred while \output is active
warning: main.bbl:218: Underfull \vbox (badness 10000) has occurred while \output is active
warning: main.tex:126: Underfull \vbox (badness 10000) has occurred while \output is active
warning: sections/supplementary_diagnostics:20: Underfull \vbox (badness 10000) has occurred while \output is active
warning: sections/supplementary_diagnostics:45: Underfull \hbox (badness 5787) in paragraph at lines 39--45
warning: main.tex:132: Underfull \vbox (badness 10000) has occurred while \output is active
warning: main.tex:132: Underfull \vbox (badness 10000) has occurred while \output is active
warning: internal consistency problem when checking if main.bbl changed
warning: TeX rerun seems needed, but stopping at 6 passes
warning: warnings were issued by the TeX engine; use --print and/or --keep-logs for details.
note: Running xdvipdfmx ...
warning: Object @figure.1 already defined.
warning: Object @figure.2 already defined.
warning: Object @figure.3 already defined.
warning: Object @table.1 already defined.
warning: Object @table.2 already defined.
warning: Object @figure.4 already defined.
warning: Object @table.3 already defined.
warning: Object @figure.5 already defined.
warning: Object @table.4 already defined.
warning: Object @table.5 already defined.
warning: Object @figure.6 already defined.
warning: Object @table.6 already defined.
warning: Object @table.7 already defined.
warning: Object @table.8 already defined.
warning: Object @table.9 already defined.
warning: Object @table.10 already defined.
warning: Object @figure.7 already defined.
warning: Object @table.11 already defined.
warning: Object @figure.8 already defined.
warning: Object @table.12 already defined.
warning: Object @table.13 already defined.
warning: Object @table.14 already defined.
warning: Object @figure.9 already defined.
warning: Object @table.15 already defined.
warning: Object @figure.10 already defined.
warning: Object @table.appendix.16 already defined.
warning: Object @figure.appendix.11 already defined.
warning: Object @table.appendix.17 already defined.
warning: Object @table.appendix.18 already defined.
note: Writing `main.log` (34.51 KiB)
note: Writing `main.blg` (244 B)
note: Writing `main.pdf` (675.13 KiB)
note: Skipped writing 3 intermediate files (use --keep-intermediates to keep them)
