note: "version 2" Tectonic command-line interface activated
note: using only cached resource files
note: Running TeX ...
warning: accessing absolute path `/usr/share/fonts/truetype/msttcorefonts/timesbd.ttf`; build may not be reproducible in other environments
warning: accessing absolute path `/usr/share/fonts/truetype/msttcorefonts/timesbi.ttf`; build may not be reproducible in other environments
warning: accessing absolute path `/usr/share/fonts/truetype/msttcorefonts/times.ttf`; build may not be reproducible in other environments
warning: accessing absolute path `/usr/share/fonts/truetype/msttcorefonts/timesi.ttf`; build may not be reproducible in other environments
warning: algorithm.sty:11: 
Invalid UTF-8 byte or sequence at line 11 replaced by U+FFFD.
warning: sections/methodology:135: Underfull \hbox (badness 2035) in paragraph at lines 134--135
warning: main.tex:65: Underfull \hbox (badness 10000) in paragraph at lines 216--65
warning: main.tex:65: Underfull \hbox (badness 1931) in paragraph at lines 216--65
warning: main.tex:65: Underfull \hbox (badness 1418) in paragraph at lines 216--65
warning: main.tex:65: Underfull \hbox (badness 1824) in paragraph at lines 216--65
warning: main.tex:65: Underfull \hbox (badness 2903) in paragraph at lines 216--65
warning: main.tex:65: Underfull \hbox (badness 3128) in paragraph at lines 216--65
warning: sections/experiments:39: Underfull \vbox (badness 1661) has occurred while \output is active
warning: sections/rate_ablation:1: Underfull \vbox (badness 6332) has occurred while \output is active
warning: sections/rate_ablation:8: Underfull \vbox (badness 1803) has occurred while \output is active
warning: sections/experiments:84: Underfull \vbox (badness 10000) has occurred while \output is active
warning: sections/experiments:111: Underfull \vbox (badness 6641) has occurred while \output is active
warning: sections/experiments:115: Underfull \vbox (badness 10000) has occurred while \output is active
warning: sections/conclusion:4: Underfull \vbox (badness 10000) has occurred while \output is active
warning: sections/appendix:112: Underfull \hbox (badness 10000) in paragraph at lines 106--112
warning: sections/appendix:112: Underfull \hbox (badness 10000) in paragraph at lines 106--112
warning: sections/appendix:112: Underfull \hbox (badness 3635) in paragraph at lines 106--112
warning: sections/appendix:112: Underfull \hbox (badness 1383) in paragraph at lines 106--112
warning: sections/appendix:127: Underfull \hbox (badness 2343) in paragraph at lines 120--127
warning: sections/appendix:159: Underfull \hbox (badness 2486) in paragraph at lines 158--159
warning: sections/appendix:159: Underfull \hbox (badness 1552) in paragraph at lines 158--159
note: Running BibTeX on main.aux ...
note: Rerunning TeX because bibtex was run ...
warning: algorithm.sty:11: 
Invalid UTF-8 byte or sequence at line 11 replaced by U+FFFD.
warning: sections/methodology:135: Underfull \hbox (badness 2035) in paragraph at lines 134--135
warning: main.tex:65: Underfull \hbox (badness 10000) in paragraph at lines 216--65
warning: main.tex:65: Underfull \hbox (badness 1931) in paragraph at lines 216--65
warning: main.tex:65: Underfull \hbox (badness 1418) in paragraph at lines 216--65
warning: main.tex:65: Underfull \hbox (badness 1824) in paragraph at lines 216--65
warning: main.tex:65: Underfull \hbox (badness 2903) in paragraph at lines 216--65
warning: main.tex:65: Underfull \hbox (badness 3128) in paragraph at lines 216--65
warning: sections/experiments:39: Underfull \vbox (badness 1661) has occurred while \output is active
warning: sections/rate_ablation:1: Underfull \vbox (badness 6332) has occurred while \output is active
warning: sections/rate_ablation:8: Underfull \vbox (badness 1803) has occurred while \output is active
warning: sections/experiments:84: Underfull \vbox (badness 10000) has occurred while \output is active
warning: sections/experiments:111: Underfull \vbox (badness 6641) has occurred while \output is active
warning: sections/experiments:115: Underfull \vbox (badness 10000) has occurred while \output is active
warning: sections/conclusion:4: Underfull \vbox (badness 10000) has occurred while \output is active
warning: sections/appendix:112: Underfull \hbox (badness 10000) in paragraph at lines 106--112
warning: sections/appendix:112: Underfull \hbox (badness 10000) in paragraph at lines 106--112
warning: sections/appendix:112: Underfull \hbox (badness 3635) in paragraph at lines 106--112
warning: sections/appendix:112: Underfull \hbox (badness 1383) in paragraph at lines 106--112
warning: sections/appendix:127: Underfull \hbox (badness 2343) in paragraph at lines 120--127
warning: sections/appendix:159: Underfull \hbox (badness 2486) in paragraph at lines 158--159
warning: sections/appendix:159: Underfull \hbox (badness 1552) in paragraph at lines 158--159
warning: internal consistency problem when checking if main.bbl changed
note: Rerunning TeX because "main.bbl" changed ...
warning: algorithm.sty:11: 
Invalid UTF-8 byte or sequence at line 11 replaced by U+FFFD.
warning: sections/methodology:135: Underfull \hbox (badness 2035) in paragraph at lines 134--135
warning: main.tex:65: Underfull \hbox (badness 10000) in paragraph at lines 216--65
warning: main.tex:65: Underfull \hbox (badness 1931) in paragraph at lines 216--65
warning: main.tex:65: Underfull \hbox (badness 1418) in paragraph at lines 216--65
warning: main.tex:65: Underfull \hbox (badness 1824) in paragraph at lines 216--65
warning: main.tex:65: Underfull \hbox (badness 2903) in paragraph at lines 216--65
warning: main.tex:65: Underfull \hbox (badness 3128) in paragraph at lines 216--65
warning: sections/experiments:39: Underfull \vbox (badness 1661) has occurred while \output is active
warning: sections/rate_ablation:1: Underfull \vbox (badness 6332) has occurred while \output is active
warning: sections/rate_ablation:8: Underfull \vbox (badness 1803) has occurred while \output is active
warning: sections/experiments:84: Underfull \vbox (badness 10000) has occurred while \output is active
warning: sections/experiments:111: Underfull \vbox (badness 6641) has occurred while \output is active
warning: sections/experiments:115: Underfull \vbox (badness 10000) has occurred while \output is active
warning: sections/conclusion:4: Underfull \vbox (badness 10000) has occurred while \output is active
warning: sections/appendix:112: Underfull \hbox (badness 10000) in paragraph at lines 106--112
warning: sections/appendix:112: Underfull \hbox (badness 10000) in paragraph at lines 106--112
warning: sections/appendix:112: Underfull \hbox (badness 3635) in paragraph at lines 106--112
warning: sections/appendix:112: Underfull \hbox (badness 1383) in paragraph at lines 106--112
warning: sections/appendix:127: Underfull \hbox (badness 2343) in paragraph at lines 120--127
warning: sections/appendix:159: Underfull \hbox (badness 2486) in paragraph at lines 158--159
warning: sections/appendix:159: Underfull \hbox (badness 1552) in paragraph at lines 158--159
warning: internal consistency problem when checking if main.bbl changed
note: Rerunning TeX because "main.bbl" changed ...
warning: algorithm.sty:11: 
Invalid UTF-8 byte or sequence at line 11 replaced by U+FFFD.
warning: sections/methodology:135: Underfull \hbox (badness 2035) in paragraph at lines 134--135
warning: main.tex:65: Underfull \hbox (badness 10000) in paragraph at lines 216--65
warning: main.tex:65: Underfull \hbox (badness 1931) in paragraph at lines 216--65
warning: main.tex:65: Underfull \hbox (badness 1418) in paragraph at lines 216--65
warning: main.tex:65: Underfull \hbox (badness 1824) in paragraph at lines 216--65
warning: main.tex:65: Underfull \hbox (badness 2903) in paragraph at lines 216--65
warning: main.tex:65: Underfull \hbox (badness 3128) in paragraph at lines 216--65
warning: sections/experiments:39: Underfull \vbox (badness 1661) has occurred while \output is active
warning: sections/rate_ablation:1: Underfull \vbox (badness 6332) has occurred while \output is active
warning: sections/rate_ablation:8: Underfull \vbox (badness 1803) has occurred while \output is active
warning: sections/experiments:84: Underfull \vbox (badness 10000) has occurred while \output is active
warning: sections/experiments:111: Underfull \vbox (badness 6641) has occurred while \output is active
warning: sections/experiments:115: Underfull \vbox (badness 10000) has occurred while \output is active
warning: sections/conclusion:4: Underfull \vbox (badness 10000) has occurred while \output is active
warning: sections/appendix:112: Underfull \hbox (badness 10000) in paragraph at lines 106--112
warning: sections/appendix:112: Underfull \hbox (badness 10000) in paragraph at lines 106--112
warning: sections/appendix:112: Underfull \hbox (badness 3635) in paragraph at lines 106--112
warning: sections/appendix:112: Underfull \hbox (badness 1383) in paragraph at lines 106--112
warning: sections/appendix:127: Underfull \hbox (badness 2343) in paragraph at lines 120--127
warning: sections/appendix:159: Underfull \hbox (badness 2486) in paragraph at lines 158--159
warning: sections/appendix:159: Underfull \hbox (badness 1552) in paragraph at lines 158--159
warning: internal consistency problem when checking if main.bbl changed
note: Rerunning TeX because "main.bbl" changed ...
warning: algorithm.sty:11: 
Invalid UTF-8 byte or sequence at line 11 replaced by U+FFFD.
warning: sections/methodology:135: Underfull \hbox (badness 2035) in paragraph at lines 134--135
warning: main.tex:65: Underfull \hbox (badness 10000) in paragraph at lines 216--65
warning: main.tex:65: Underfull \hbox (badness 1931) in paragraph at lines 216--65
warning: main.tex:65: Underfull \hbox (badness 1418) in paragraph at lines 216--65
warning: main.tex:65: Underfull \hbox (badness 1824) in paragraph at lines 216--65
warning: main.tex:65: Underfull \hbox (badness 2903) in paragraph at lines 216--65
warning: main.tex:65: Underfull \hbox (badness 3128) in paragraph at lines 216--65
warning: sections/experiments:39: Underfull \vbox (badness 1661) has occurred while \output is active
warning: sections/rate_ablation:1: Underfull \vbox (badness 6332) has occurred while \output is active
warning: sections/rate_ablation:8: Underfull \vbox (badness 1803) has occurred while \output is active
warning: sections/experiments:84: Underfull \vbox (badness 10000) has occurred while \output is active
warning: sections/experiments:111: Underfull \vbox (badness 6641) has occurred while \output is active
warning: sections/experiments:115: Underfull \vbox (badness 10000) has occurred while \output is active
warning: sections/conclusion:4: Underfull \vbox (badness 10000) has occurred while \output is active
warning: sections/appendix:112: Underfull \hbox (badness 10000) in paragraph at lines 106--112
warning: sections/appendix:112: Underfull \hbox (badness 10000) in paragraph at lines 106--112
warning: sections/appendix:112: Underfull \hbox (badness 3635) in paragraph at lines 106--112
warning: sections/appendix:112: Underfull \hbox (badness 1383) in paragraph at lines 106--112
warning: sections/appendix:127: Underfull \hbox (badness 2343) in paragraph at lines 120--127
warning: sections/appendix:159: Underfull \hbox (badness 2486) in paragraph at lines 158--159
warning: sections/appendix:159: Underfull \hbox (badness 1552) in paragraph at lines 158--159
warning: internal consistency problem when checking if main.bbl changed
note: Rerunning TeX because "main.bbl" changed ...
warning: algorithm.sty:11: 
Invalid UTF-8 byte or sequence at line 11 replaced by U+FFFD.
warning: sections/methodology:135: Underfull \hbox (badness 2035) in paragraph at lines 134--135
warning: main.tex:65: Underfull \hbox (badness 10000) in paragraph at lines 216--65
warning: main.tex:65: Underfull \hbox (badness 1931) in paragraph at lines 216--65
warning: main.tex:65: Underfull \hbox (badness 1418) in paragraph at lines 216--65
warning: main.tex:65: Underfull \hbox (badness 1824) in paragraph at lines 216--65
warning: main.tex:65: Underfull \hbox (badness 2903) in paragraph at lines 216--65
warning: main.tex:65: Underfull \hbox (badness 3128) in paragraph at lines 216--65
warning: sections/experiments:39: Underfull \vbox (badness 1661) has occurred while \output is active
warning: sections/rate_ablation:1: Underfull \vbox (badness 6332) has occurred while \output is active
warning: sections/rate_ablation:8: Underfull \vbox (badness 1803) has occurred while \output is active
warning: sections/experiments:84: Underfull \vbox (badness 10000) has occurred while \output is active
warning: sections/experiments:111: Underfull \vbox (badness 6641) has occurred while \output is active
warning: sections/experiments:115: Underfull \vbox (badness 10000) has occurred while \output is active
warning: sections/conclusion:4: Underfull \vbox (badness 10000) has occurred while \output is active
warning: sections/appendix:112: Underfull \hbox (badness 10000) in paragraph at lines 106--112
warning: sections/appendix:112: Underfull \hbox (badness 10000) in paragraph at lines 106--112
warning: sections/appendix:112: Underfull \hbox (badness 3635) in paragraph at lines 106--112
warning: sections/appendix:112: Underfull \hbox (badness 1383) in paragraph at lines 106--112
warning: sections/appendix:127: Underfull \hbox (badness 2343) in paragraph at lines 120--127
warning: sections/appendix:159: Underfull \hbox (badness 2486) in paragraph at lines 158--159
warning: sections/appendix:159: Underfull \hbox (badness 1552) in paragraph at lines 158--159
warning: internal consistency problem when checking if main.bbl changed
note: Rerunning TeX because "main.bbl" changed ...
warning: algorithm.sty:11: 
Invalid UTF-8 byte or sequence at line 11 replaced by U+FFFD.
warning: sections/methodology:135: Underfull \hbox (badness 2035) in paragraph at lines 134--135
warning: main.tex:65: Underfull \hbox (badness 10000) in paragraph at lines 216--65
warning: main.tex:65: Underfull \hbox (badness 1931) in paragraph at lines 216--65
warning: main.tex:65: Underfull \hbox (badness 1418) in paragraph at lines 216--65
warning: main.tex:65: Underfull \hbox (badness 1824) in paragraph at lines 216--65
warning: main.tex:65: Underfull \hbox (badness 2903) in paragraph at lines 216--65
warning: main.tex:65: Underfull \hbox (badness 3128) in paragraph at lines 216--65
warning: sections/experiments:39: Underfull \vbox (badness 1661) has occurred while \output is active
warning: sections/rate_ablation:1: Underfull \vbox (badness 6332) has occurred while \output is active
warning: sections/rate_ablation:8: Underfull \vbox (badness 1803) has occurred while \output is active
warning: sections/experiments:84: Underfull \vbox (badness 10000) has occurred while \output is active
warning: sections/experiments:111: Underfull \vbox (badness 6641) has occurred while \output is active
warning: sections/experiments:115: Underfull \vbox (badness 10000) has occurred while \output is active
warning: sections/conclusion:4: Underfull \vbox (badness 10000) has occurred while \output is active
warning: sections/appendix:112: Underfull \hbox (badness 10000) in paragraph at lines 106--112
warning: sections/appendix:112: Underfull \hbox (badness 10000) in paragraph at lines 106--112
warning: sections/appendix:112: Underfull \hbox (badness 3635) in paragraph at lines 106--112
warning: sections/appendix:112: Underfull \hbox (badness 1383) in paragraph at lines 106--112
warning: sections/appendix:127: Underfull \hbox (badness 2343) in paragraph at lines 120--127
warning: sections/appendix:159: Underfull \hbox (badness 2486) in paragraph at lines 158--159
warning: sections/appendix:159: Underfull \hbox (badness 1552) in paragraph at lines 158--159
warning: internal consistency problem when checking if main.bbl changed
warning: TeX rerun seems needed, but stopping at 6 passes
warning: warnings were issued by the TeX engine; use --print and/or --keep-logs for details.
note: Running xdvipdfmx ...
note: Writing `main.pdf` (651.49 KiB)
note: Writing `main.aux` (22.01 KiB)
note: Writing `main.bbl` (4.25 KiB)
note: Writing `main.log` (32.63 KiB)
note: Writing `main.blg` (379 B)
