note: "version 2" Tectonic command-line interface activated
note: using only cached resource files
note: Running TeX ...
note: Running BibTeX on main.aux ...
note: Rerunning TeX because bibtex was run ...
note: Rerunning TeX because "main.aux" changed ...
note: Rerunning TeX because "main.bbl" changed ...
note: Rerunning TeX because "main.bbl" changed ...
note: Rerunning TeX because "main.bbl" changed ...
note: Rerunning TeX because "main.bbl" changed ...
note: Running xdvipdfmx ...
note: Writing `main.pdf` (641.90 KiB)
note: Writing `main.blg` (379 B)
note: Writing `main.log` (31.62 KiB)
note: Skipped writing 2 intermediate files (use --keep-intermediates to keep them)
warning: accessing absolute path `/usr/share/fonts/truetype/msttcorefonts/timesbd.ttf`; build may not be reproducible in other environments
warning: accessing absolute path `/usr/share/fonts/truetype/msttcorefonts/timesbi.ttf`; build may not be reproducible in other environments
warning: accessing absolute path `/usr/share/fonts/truetype/msttcorefonts/times.ttf`; build may not be reproducible in other environments
warning: accessing absolute path `/usr/share/fonts/truetype/msttcorefonts/timesi.ttf`; build may not be reproducible in other environments
warning: algorithm.sty:11:
Invalid UTF-8 byte or sequence at line 11 replaced by U+FFFD.
warning: sections/experiments:192: Underfull \vbox (badness 1755) has occurred while \output is active
warning: sections/experiments:212: Underfull \vbox (badness 10000) has occurred while \output is active
warning: sections/appendix:42: Underfull \hbox (badness 10000) in paragraph at lines 37--42
warning: sections/appendix:42: Underfull \hbox (badness 10000) in paragraph at lines 37--42
warning: sections/appendix:190: Underfull \hbox (badness 1701) in paragraph at lines 183--190
warning: sections/appendix:352: Underfull \hbox (badness 10000) in paragraph at lines 346--352
warning: sections/appendix:352: Underfull \hbox (badness 10000) in paragraph at lines 346--352
warning: sections/appendix:352: Underfull \hbox (badness 10000) in paragraph at lines 346--352
warning: sections/appendix:352: Underfull \hbox (badness 2538) in paragraph at lines 346--352
warning: sections/appendix:376: Underfull \hbox (badness 10000) in paragraph at lines 369--376
warning: sections/appendix:376: Underfull \hbox (badness 10000) in paragraph at lines 369--376
warning: algorithm.sty:11:
Invalid UTF-8 byte or sequence at line 11 replaced by U+FFFD.
warning: sections/experiments:192: Underfull \vbox (badness 1755) has occurred while \output is active
warning: sections/experiments:212: Underfull \vbox (badness 10000) has occurred while \output is active
warning: sections/appendix:42: Underfull \hbox (badness 10000) in paragraph at lines 37--42
warning: sections/appendix:42: Underfull \hbox (badness 10000) in paragraph at lines 37--42
warning: sections/appendix:190: Underfull \hbox (badness 1701) in paragraph at lines 183--190
warning: sections/appendix:352: Underfull \hbox (badness 10000) in paragraph at lines 346--352
warning: sections/appendix:352: Underfull \hbox (badness 10000) in paragraph at lines 346--352
warning: sections/appendix:352: Underfull \hbox (badness 10000) in paragraph at lines 346--352
warning: sections/appendix:352: Underfull \hbox (badness 2538) in paragraph at lines 346--352
warning: sections/appendix:376: Underfull \hbox (badness 10000) in paragraph at lines 369--376
warning: sections/appendix:376: Underfull \hbox (badness 10000) in paragraph at lines 369--376
warning: algorithm.sty:11:
Invalid UTF-8 byte or sequence at line 11 replaced by U+FFFD.
warning: sections/experiments:192: Underfull \vbox (badness 1755) has occurred while \output is active
warning: sections/experiments:212: Underfull \vbox (badness 10000) has occurred while \output is active
warning: sections/appendix:42: Underfull \hbox (badness 10000) in paragraph at lines 37--42
warning: sections/appendix:42: Underfull \hbox (badness 10000) in paragraph at lines 37--42
warning: sections/appendix:190: Underfull \hbox (badness 1701) in paragraph at lines 183--190
warning: sections/appendix:352: Underfull \hbox (badness 10000) in paragraph at lines 346--352
warning: sections/appendix:352: Underfull \hbox (badness 10000) in paragraph at lines 346--352
warning: sections/appendix:352: Underfull \hbox (badness 10000) in paragraph at lines 346--352
warning: sections/appendix:352: Underfull \hbox (badness 2538) in paragraph at lines 346--352
warning: sections/appendix:376: Underfull \hbox (badness 10000) in paragraph at lines 369--376
warning: sections/appendix:376: Underfull \hbox (badness 10000) in paragraph at lines 369--376
warning: internal consistency problem when checking if main.bbl changed
warning: algorithm.sty:11:
Invalid UTF-8 byte or sequence at line 11 replaced by U+FFFD.
warning: sections/experiments:192: Underfull \vbox (badness 1755) has occurred while \output is active
warning: sections/experiments:212: Underfull \vbox (badness 10000) has occurred while \output is active
warning: sections/appendix:42: Underfull \hbox (badness 10000) in paragraph at lines 37--42
warning: sections/appendix:42: Underfull \hbox (badness 10000) in paragraph at lines 37--42
warning: sections/appendix:190: Underfull \hbox (badness 1701) in paragraph at lines 183--190
warning: sections/appendix:352: Underfull \hbox (badness 10000) in paragraph at lines 346--352
warning: sections/appendix:352: Underfull \hbox (badness 10000) in paragraph at lines 346--352
warning: sections/appendix:352: Underfull \hbox (badness 10000) in paragraph at lines 346--352
warning: sections/appendix:352: Underfull \hbox (badness 2538) in paragraph at lines 346--352
warning: sections/appendix:376: Underfull \hbox (badness 10000) in paragraph at lines 369--376
warning: sections/appendix:376: Underfull \hbox (badness 10000) in paragraph at lines 369--376
warning: internal consistency problem when checking if main.bbl changed
warning: algorithm.sty:11:
Invalid UTF-8 byte or sequence at line 11 replaced by U+FFFD.
warning: sections/experiments:192: Underfull \vbox (badness 1755) has occurred while \output is active
warning: sections/experiments:212: Underfull \vbox (badness 10000) has occurred while \output is active
warning: sections/appendix:42: Underfull \hbox (badness 10000) in paragraph at lines 37--42
warning: sections/appendix:42: Underfull \hbox (badness 10000) in paragraph at lines 37--42
warning: sections/appendix:190: Underfull \hbox (badness 1701) in paragraph at lines 183--190
warning: sections/appendix:352: Underfull \hbox (badness 10000) in paragraph at lines 346--352
warning: sections/appendix:352: Underfull \hbox (badness 10000) in paragraph at lines 346--352
warning: sections/appendix:352: Underfull \hbox (badness 10000) in paragraph at lines 346--352
warning: sections/appendix:352: Underfull \hbox (badness 2538) in paragraph at lines 346--352
warning: sections/appendix:376: Underfull \hbox (badness 10000) in paragraph at lines 369--376
warning: sections/appendix:376: Underfull \hbox (badness 10000) in paragraph at lines 369--376
warning: internal consistency problem when checking if main.bbl changed
warning: algorithm.sty:11:
Invalid UTF-8 byte or sequence at line 11 replaced by U+FFFD.
warning: sections/experiments:192: Underfull \vbox (badness 1755) has occurred while \output is active
warning: sections/experiments:212: Underfull \vbox (badness 10000) has occurred while \output is active
warning: sections/appendix:42: Underfull \hbox (badness 10000) in paragraph at lines 37--42
warning: sections/appendix:42: Underfull \hbox (badness 10000) in paragraph at lines 37--42
warning: sections/appendix:190: Underfull \hbox (badness 1701) in paragraph at lines 183--190
warning: sections/appendix:352: Underfull \hbox (badness 10000) in paragraph at lines 346--352
warning: sections/appendix:352: Underfull \hbox (badness 10000) in paragraph at lines 346--352
warning: sections/appendix:352: Underfull \hbox (badness 10000) in paragraph at lines 346--352
warning: sections/appendix:352: Underfull \hbox (badness 2538) in paragraph at lines 346--352
warning: sections/appendix:376: Underfull \hbox (badness 10000) in paragraph at lines 369--376
warning: sections/appendix:376: Underfull \hbox (badness 10000) in paragraph at lines 369--376
warning: internal consistency problem when checking if main.bbl changed
warning: algorithm.sty:11:
Invalid UTF-8 byte or sequence at line 11 replaced by U+FFFD.
warning: sections/experiments:192: Underfull \vbox (badness 1755) has occurred while \output is active
warning: sections/experiments:212: Underfull \vbox (badness 10000) has occurred while \output is active
warning: sections/appendix:42: Underfull \hbox (badness 10000) in paragraph at lines 37--42
warning: sections/appendix:42: Underfull \hbox (badness 10000) in paragraph at lines 37--42
warning: sections/appendix:190: Underfull \hbox (badness 1701) in paragraph at lines 183--190
warning: sections/appendix:352: Underfull \hbox (badness 10000) in paragraph at lines 346--352
warning: sections/appendix:352: Underfull \hbox (badness 10000) in paragraph at lines 346--352
warning: sections/appendix:352: Underfull \hbox (badness 10000) in paragraph at lines 346--352
warning: sections/appendix:352: Underfull \hbox (badness 2538) in paragraph at lines 346--352
warning: sections/appendix:376: Underfull \hbox (badness 10000) in paragraph at lines 369--376
warning: sections/appendix:376: Underfull \hbox (badness 10000) in paragraph at lines 369--376
warning: internal consistency problem when checking if main.bbl changed
warning: TeX rerun seems needed, but stopping at 6 passes
warning: warnings were issued by the TeX engine; use --print and/or --keep-logs for details.
