note: "version 2" Tectonic command-line interface activated
note: using only cached resource files
note: Running TeX ...
warning: accessing absolute path `/usr/share/fonts/truetype/ubuntu/Ubuntu-Th.ttf`; build may not be reproducible in other environments
warning: accessing absolute path `/usr/share/fonts/truetype/tlwg/Laksaman-Italic.ttf`; build may not be reproducible in other environments
warning: accessing absolute path `/usr/share/fonts/truetype/msttcorefonts/Arial_Bold.ttf`; build may not be reproducible in other environments
warning: accessing absolute path `/usr/share/fonts/truetype/msttcorefonts/Georgia_Bold.ttf`; build may not be reproducible in other environments
warning: accessing absolute path `/usr/share/fonts/truetype/msttcorefonts/Webdings.ttf`; build may not be reproducible in other environments
warning: accessing absolute path `/usr/share/fonts/opentype/urw-base35/StandardSymbolsPS.otf`; build may not be reproducible in other environments
warning: accessing absolute path `/usr/share/fonts/type1/urw-base35/P052-Roman.t1`; build may not be reproducible in other environments
warning: accessing absolute path `/usr/share/fonts/truetype/msttcorefonts/Georgia.ttf`; build may not be reproducible in other environments
warning: accessing absolute path `/usr/share/fonts/truetype/tlwg/TlwgMono-Oblique.ttf`; build may not be reproducible in other environments
warning: accessing absolute path `/usr/share/fonts/truetype/arphic/uming.ttc`; build may not be reproducible in other environments
warning: accessing absolute path `/usr/share/fonts/truetype/liberation2/LiberationSans-BoldItalic.ttf`; build may not be reproducible in other environments
warning: accessing absolute path `/usr/share/fonts/truetype/lyx/eufm10.ttf`; build may not be reproducible in other environments
warning: accessing absolute path `/usr/share/fonts/type1/gsfonts/c059036l.pfb`; build may not be reproducible in other environments
warning: accessing absolute path `/usr/share/fonts/truetype/dejavu/DejaVuSerif-Italic.ttf`; build may not be reproducible in other environments
warning: accessing absolute path `/usr/share/fonts/type1/urw-base35/URWBookman-Light.t1`; build may not be reproducible in other environments
warning: accessing absolute path `/usr/share/fonts/type1/gsfonts/a010013l.pfb`; build may not be reproducible in other environments
warning: accessing absolute path `/usr/share/fonts/truetype/malayalam/RaghuMalayalamSans-Regular.ttf`; build may not be reproducible in other environments
warning: accessing absolute path `/usr/share/fonts/truetype/teluguvijayam/Suravaram.ttf`; build may not be reproducible in other environments
warning: accessing absolute path `/usr/share/fonts/truetype/arphic/ukai.ttc`; build may not be reproducible in other environments
warning: accessing absolute path `/usr/share/fonts/opentype/urw-base35/NimbusSans-Regular.otf`; build may not be reproducible in other environments
warning: accessing absolute path `/usr/share/fonts/truetype/fonts-beng-extra/Mukti.ttf`; build may not be reproducible in other environments
warning: accessing absolute path `/usr/share/fonts/opentype/urw-base35/NimbusSansNarrow-Bold.otf`; build may not be reproducible in other environments
warning: accessing absolute path `/usr/share/fonts/truetype/freefont/FreeMono.ttf`; build may not be reproducible in other environments
warning: accessing absolute path `/usr/share/texmf/fonts/opentype/public/lm/lmmonolt10-boldoblique.otf`; build may not be reproducible in other environments
warning: accessing absolute path `/usr/share/fonts/truetype/tlwg/Norasi-Oblique.ttf`; build may not be reproducible in other environments
warning: accessing absolute path `/usr/share/fonts/type1/gsfonts/n021024l.pfb`; build may not be reproducible in other environments
warning: accessing absolute path `/usr/share/fonts/truetype/msttcorefonts/Georgia_Italic.ttf`; build may not be reproducible in other environments
warning: accessing absolute path `/usr/share/fonts/truetype/msttcorefonts/Trebuchet_MS_Bold.ttf`; build may not be reproducible in other environments
warning: accessing absolute path `/usr/share/fonts/truetype/tlwg/Umpush-LightOblique.ttf`; build may not be reproducible in other environments
warning: accessing absolute path `/usr/share/fonts/truetype/liberation2/LiberationSerif-Regular.ttf`; build may not be reproducible in other environments
warning: accessing absolute path `/usr/share/fonts/truetype/abyssinica/AbyssinicaSIL-Regular.ttf`; build may not be reproducible in other environments
warning: accessing absolute path `/usr/share/fonts/truetype/msttcorefonts/Arial_Bold_Italic.ttf`; build may not be reproducible in other environments
warning: accessing absolute path `/usr/share/fonts/truetype/freefont/FreeSansBold.ttf`; build may not be reproducible in other environments
warning: accessing absolute path `/usr/share/fonts/opentype/noto/NotoSansCJK-Bold.ttc`; build may not be reproducible in other environments
warning: accessing absolute path `/usr/share/texmf/fonts/opentype/public/lm/lmmonoprop10-oblique.otf`; build may not be reproducible in other environments
warning: accessing absolute path `/usr/share/fonts/truetype/liberation2/LiberationSans-Bold.ttf`; build may not be reproducible in other environments
warning: accessing absolute path `/usr/share/fonts/opentype/malayalam/Manjari-Bold.otf`; build may not be reproducible in other environments
warning: accessing absolute path `/usr/share/fonts/truetype/tlwg/Umpush-BoldOblique.ttf`; build may not be reproducible in other environments
warning: accessing absolute path `/usr/share/fonts/truetype/tlwg/Sawasdee.ttf`; build may not be reproducible in other environments
warning: accessing absolute path `/usr/share/fonts/truetype/samyak-fonts/Samyak-Tamil.ttf`; build may not be reproducible in other environments
warning: accessing absolute path `/usr/share/texmf/fonts/opentype/public/lm/lmroman7-italic.otf`; build may not be reproducible in other environments
warning: accessing absolute path `/usr/share/fonts/opentype/urw-base35/NimbusSans-Italic.otf`; build may not be reproducible in other environments
warning: accessing absolute path `/usr/share/fonts/truetype/dejavu/DejaVuSerifCondensed-Bold.ttf`; build may not be reproducible in other environments
warning: accessing absolute path `/usr/share/fonts/truetype/msttcorefonts/Courier_New.ttf`; build may not be reproducible in other environments
warning: accessing absolute path `/usr/share/fonts/truetype/msttcorefonts/couri.ttf`; build may not be reproducible in other environments
warning: accessing absolute path `/usr/share/fonts/truetype/fonts-yrsa-rasa/Rasa-Light.ttf`; build may not be reproducible in other environments
warning: accessing absolute path `/usr/share/fonts/truetype/msttcorefonts/georgiaz.ttf`; build may not be reproducible in other environments
warning: accessing absolute path `/usr/share/fonts/type1/urw-base35/NimbusMonoPS-Italic.t1`; build may not be reproducible in other environments
warning: accessing absolute path `/usr/share/fonts/type1/urw-base35/URWBookman-DemiItalic.t1`; build may not be reproducible in other environments
warning: accessing absolute path `/usr/share/fonts/truetype/Gargi/Gargi.ttf`; build may not be reproducible in other environments
warning: accessing absolute path `/usr/share/texmf/fonts/opentype/public/lm/lmmonoslant10-regular.otf`; build may not be reproducible in other environments
warning: accessing absolute path `/usr/share/fonts/truetype/liberation/LiberationSerif-BoldItalic.ttf`; build may not be reproducible in other environments
warning: accessing absolute path `/usr/share/fonts/truetype/msttcorefonts/Comic_Sans_MS.ttf`; build may not be reproducible in other environments
warning: accessing absolute path `/usr/share/fonts/opentype/urw-base35/NimbusRoman-BoldItalic.otf`; build may not be reproducible in other environments
warning: accessing absolute path `/usr/share/fonts/type1/gsfonts/n022023l.pfb`; build may not be reproducible in other environments
warning: accessing absolute path `/usr/share/fonts/type1/gsfonts/n022004l.pfb`; build may not be reproducible in other environments
warning: accessing absolute path `/usr/share/texmf/fonts/opentype/public/lm/lmsans10-boldoblique.otf`; build may not be reproducible in other environments
warning: accessing absolute path `/usr/share/fonts/truetype/lohit-punjabi/Lohit-Gurmukhi.ttf`; build may not be reproducible in other environments
warning: accessing absolute path `/usr/share/fonts/opentype/malayalam/Manjari-Thin.otf`; build may not be reproducible in other environments
warning: accessing absolute path `/usr/share/fonts/truetype/dejavu/DejaVuSans-Bold.ttf`; build may not be reproducible in other environments
warning: accessing absolute path `/usr/share/fonts/truetype/dejavu/DejaVuMathTeXGyre.ttf`; build may not be reproducible in other environments
warning: accessing absolute path `/usr/share/fonts/opentype/urw-base35/URWGothic-DemiOblique.otf`; build may not be reproducible in other environments
warning: accessing absolute path `/usr/share/fonts/truetype/tlwg/Purisa-Bold.ttf`; build may not be reproducible in other environments
warning: accessing absolute path `/usr/share/fonts/truetype/teluguvijayam/Ponnala.ttf`; build may not be reproducible in other environments
warning: accessing absolute path `/usr/share/fonts/type1/gsfonts/n022024l.pfb`; build may not be reproducible in other environments
warning: accessing absolute path `/usr/share/fonts/type1/urw-base35/NimbusRoman-Italic.t1`; build may not be reproducible in other environments
warning: accessing absolute path `/usr/share/fonts/type1/urw-base35/NimbusMonoPS-Regular.t1`; build may not be reproducible in other environments
warning: accessing absolute path `/usr/share/fonts/truetype/libreoffice/opens___.ttf`; build may not be reproducible in other environments
warning: accessing absolute path `/usr/share/fonts/truetype/lohit-devanagari/Lohit-Devanagari.ttf`; build may not be reproducible in other environments
warning: accessing absolute path `/usr/share/fonts/opentype/urw-base35/NimbusSansNarrow-Regular.otf`; build may not be reproducible in other environments
warning: accessing absolute path `/usr/share/texmf/fonts/opentype/public/lm/lmsans8-oblique.otf`; build may not be reproducible in other environments
warning: accessing absolute path `/usr/share/fonts/X11/Type1/c0649bt_.pfb`; build may not be reproducible in other environments
warning: accessing absolute path `/usr/share/fonts/truetype/tlwg/Kinnari-Italic.ttf`; build may not be reproducible in other environments
warning: accessing absolute path `/usr/share/texmf/fonts/opentype/public/lm/lmmonoproplt10-boldoblique.otf`; build may not be reproducible in other environments
warning: accessing absolute path `/usr/share/fonts/truetype/Navilu/Navilu.ttf`; build may not be reproducible in other environments
warning: accessing absolute path `/usr/share/texmf/fonts/opentype/public/lm/lmroman9-bold.otf`; build may not be reproducible in other environments
warning: accessing absolute path `/usr/share/texmf/fonts/opentype/public/lm/lmsans9-oblique.otf`; build may not be reproducible in other environments
warning: accessing absolute path `/usr/share/fonts/truetype/teluguvijayam/SyamalaRamana.ttf`; build may not be reproducible in other environments
warning: accessing absolute path `/usr/share/fonts/type1/gsfonts/n019063l.pfb`; build may not be reproducible in other environments
warning: accessing absolute path `/usr/share/texmf/fonts/opentype/public/lm/lmroman8-bold.otf`; build may not be reproducible in other environments
warning: accessing absolute path `/usr/share/fonts/opentype/malayalam/Gayathri-Thin.otf`; build may not be reproducible in other environments
warning: accessing absolute path `/usr/share/fonts/truetype/fonts-yrsa-rasa/Yrsa-Light.ttf`; build may not be reproducible in other environments
warning: accessing absolute path `/usr/share/fonts/type1/gsfonts/n021004l.pfb`; build may not be reproducible in other environments
warning: accessing absolute path `/usr/share/fonts/truetype/lohit-tamil/Lohit-Tamil.ttf`; build may not be reproducible in other environments
warning: accessing absolute path `/usr/share/fonts/truetype/liberation2/LiberationSans-Regular.ttf`; build may not be reproducible in other environments
warning: accessing absolute path `/usr/share/fonts/truetype/padauk/Padauk-Bold.ttf`; build may not be reproducible in other environments
warning: accessing absolute path `/usr/share/texmf/fonts/opentype/public/lm/lmmonoproplt10-regular.otf`; build may not be reproducible in other environments
warning: accessing absolute path `/usr/share/texmf/fonts/opentype/public/lm/lmromandemi10-oblique.otf`; build may not be reproducible in other environments
warning: accessing absolute path `/usr/share/texmf/fonts/opentype/public/lm/lmmonolt10-regular.otf`; build may not be reproducible in other environments
warning: accessing absolute path `/usr/share/fonts/type1/gsfonts/n019064l.pfb`; build may not be reproducible in other environments
warning: accessing absolute path `/usr/share/fonts/truetype/dejavu/DejaVuSerifCondensed-BoldItalic.ttf`; build may not be reproducible in other environments
warning: accessing absolute path `/usr/share/fonts/truetype/kacst/KacstLetter.ttf`; build may not be reproducible in other environments
warning: accessing absolute path `/usr/share/fonts/truetype/teluguvijayam/Ramaraja-Regular.ttf`; build may not be reproducible in other environments
warning: accessing absolute path `/usr/share/fonts/truetype/liberation2/LiberationSerif-Italic.ttf`; build may not be reproducible in other environments
warning: accessing absolute path `/usr/share/fonts/truetype/msttcorefonts/Impact.ttf`; build may not be reproducible in other environments
warning: accessing absolute path `/usr/share/fonts/truetype/tlwg/Loma-Bold.ttf`; build may not be reproducible in other environments
warning: accessing absolute path `/usr/share/fonts/truetype/kacst/KacstDecorative.ttf`; build may not be reproducible in other environments
warning: accessing absolute path `/usr/share/fonts/truetype/tlwg/TlwgTypo-BoldOblique.ttf`; build may not be reproducible in other environments
warning: accessing absolute path `/usr/share/fonts/type1/urw-base35/URWGothic-Demi.t1`; build may not be reproducible in other environments
warning: accessing absolute path `/usr/share/fonts/truetype/tlwg/Norasi-BoldItalic.ttf`; build may not be reproducible in other environments
warning: accessing absolute path `/usr/share/fonts/truetype/fonts-yrsa-rasa/Yrsa-BoldItalic.ttf`; build may not be reproducible in other environments
warning: accessing absolute path `/usr/share/fonts/truetype/msttcorefonts/andalemo.ttf`; build may not be reproducible in other environments
warning: accessing absolute path `/usr/share/texmf/fonts/opentype/public/lm/lmromandunh10-oblique.otf`; build may not be reproducible in other environments
warning: accessing absolute path `/usr/share/fonts/truetype/teluguvijayam/RaviPrakash.ttf`; build may not be reproducible in other environments
warning: accessing absolute path `/usr/share/fonts/truetype/teluguvijayam/Mandali-Regular.ttf`; build may not be reproducible in other environments
warning: accessing absolute path `/usr/share/texmf/fonts/opentype/public/lm/lmmono12-regular.otf`; build may not be reproducible in other environments
warning: accessing absolute path `/usr/share/fonts/opentype/urw-base35/P052-Italic.otf`; build may not be reproducible in other environments
warning: accessing absolute path `/usr/share/fonts/truetype/dejavu/DejaVuSansMono.ttf`; build may not be reproducible in other environments
warning: accessing absolute path `/usr/share/fonts/truetype/tlwg/TlwgTypist-BoldOblique.ttf`; build may not be reproducible in other environments
warning: accessing absolute path `/usr/share/fonts/truetype/kacst/KacstPoster.ttf`; build may not be reproducible in other environments
warning: accessing absolute path `/usr/share/fonts/truetype/lyx/cmmi10.ttf`; build may not be reproducible in other environments
warning: accessing absolute path `/usr/share/fonts/truetype/padauk/PadaukBook-Bold.ttf`; build may not be reproducible in other environments
warning: accessing absolute path `/usr/share/fonts/truetype/freefont/FreeMonoBoldOblique.ttf`; build may not be reproducible in other environments
warning: accessing absolute path `/usr/share/fonts/truetype/tlwg/TlwgMono.ttf`; build may not be reproducible in other environments
warning: accessing absolute path `/usr/share/fonts/truetype/liberation2/LiberationMono-Bold.ttf`; build may not be reproducible in other environments
warning: accessing absolute path `/usr/share/fonts/truetype/pagul/Pagul.ttf`; build may not be reproducible in other environments
warning: accessing absolute path `/usr/share/texmf/fonts/opentype/public/lm/lmmono10-regular.otf`; build may not be reproducible in other environments
warning: accessing absolute path `/usr/share/fonts/type1/urw-base35/URWBookman-LightItalic.t1`; build may not be reproducible in other environments
warning: accessing absolute path `/usr/share/fonts/truetype/kacst/KacstQurn.ttf`; build may not be reproducible in other environments
warning: accessing absolute path `/usr/share/fonts/truetype/tlwg/Kinnari-Bold.ttf`; build may not be reproducible in other environments
warning: accessing absolute path `/usr/share/fonts/truetype/samyak-fonts/Samyak-Gujarati.ttf`; build may not be reproducible in other environments
warning: accessing absolute path `/usr/share/fonts/truetype/noto/NotoSansMono-Bold.ttf`; build may not be reproducible in other environments
warning: accessing absolute path `/usr/share/fonts/truetype/tlwg/TlwgTypewriter.ttf`; build may not be reproducible in other environments
warning: accessing absolute path `/usr/share/fonts/truetype/msttcorefonts/ariali.ttf`; build may not be reproducible in other environments
warning: accessing absolute path `/usr/share/texmf/fonts/opentype/public/lm/lmsans10-oblique.otf`; build may not be reproducible in other environments
warning: accessing absolute path `/usr/share/fonts/opentype/noto/NotoSerifCJK-Bold.ttc`; build may not be reproducible in other environments
warning: accessing absolute path `/usr/share/texmf/fonts/opentype/public/lm/lmmonolt10-oblique.otf`; build may not be reproducible in other environments
warning: accessing absolute path `/usr/share/texmf/fonts/opentype/public/lm/lmroman7-bold.otf`; build may not be reproducible in other environments
warning: accessing absolute path `/usr/share/texmf/fonts/opentype/public/lm/lmsansquot8-oblique.otf`; build may not be reproducible in other environments
warning: accessing absolute path `/usr/share/fonts/truetype/ubuntu/Ubuntu-MI.ttf`; build may not be reproducible in other environments
warning: accessing absolute path `/usr/share/texmf/fonts/opentype/public/lm/lmsansdemicond10-oblique.otf`; build may not be reproducible in other environments
warning: accessing absolute path `/usr/share/fonts/truetype/freefont/FreeSans.ttf`; build may not be reproducible in other environments
warning: accessing absolute path `/usr/share/fonts/truetype/lyx/wasy10.ttf`; build may not be reproducible in other environments
warning: accessing absolute path `/usr/share/fonts/truetype/lohit-gujarati/Lohit-Gujarati.ttf`; build may not be reproducible in other environments
warning: accessing absolute path `/usr/share/texmf/fonts/opentype/public/lm/lmroman6-bold.otf`; build may not be reproducible in other environments
warning: accessing absolute path `/usr/share/fonts/truetype/tlwg/Kinnari-BoldItalic.ttf`; build may not be reproducible in other environments
warning: accessing absolute path `/usr/share/fonts/truetype/fonts-yrsa-rasa/Rasa-SemiBold.ttf`; build may not be reproducible in other environments
warning: accessing absolute path `/usr/share/fonts/truetype/freefont/FreeSerifBold.ttf`; build may not be reproducible in other environments
warning: accessing absolute path `/usr/share/fonts/truetype/msttcorefonts/trebuc.ttf`; build may not be reproducible in other environments
warning: accessing absolute path `/usr/share/fonts/truetype/msttcorefonts/trebucbi.ttf`; build may not be reproducible in other environments
warning: accessing absolute path `/usr/share/texmf/fonts/opentype/public/lm/lmroman5-bold.otf`; build may not be reproducible in other environments
warning: accessing absolute path `/usr/share/texmf/fonts/opentype/public/lm/lmsans12-oblique.otf`; build may not be reproducible in other environments
warning: accessing absolute path `/usr/share/fonts/truetype/lyx/stmary10.ttf`; build may not be reproducible in other environments
warning: accessing absolute path `/usr/share/fonts/truetype/ubuntu/Ubuntu-M.ttf`; build may not be reproducible in other environments
warning: accessing absolute path `/usr/share/fonts/truetype/lyx/esint10.ttf`; build may not be reproducible in other environments
warning: accessing absolute path `/usr/share/fonts/type1/urw-base35/P052-BoldItalic.t1`; build may not be reproducible in other environments
warning: accessing absolute path `/usr/share/texmf/fonts/opentype/public/lm/lmsansquot8-regular.otf`; build may not be reproducible in other environments
warning: accessing absolute path `/usr/share/fonts/truetype/malayalam/Uroob-Regular.ttf`; build may not be reproducible in other environments
warning: accessing absolute path `/usr/share/texmf/fonts/opentype/public/lm/lmmonocaps10-regular.otf`; build may not be reproducible in other environments
warning: accessing absolute path `/usr/share/fonts/truetype/msttcorefonts/Courier_New_Bold_Italic.ttf`; build may not be reproducible in other environments
warning: accessing absolute path `/usr/share/fonts/truetype/tlwg/Sawasdee-Bold.ttf`; build may not be reproducible in other environments
warning: accessing absolute path `/usr/share/fonts/truetype/tlwg/TlwgTypist-Bold.ttf`; build may not be reproducible in other environments
warning: accessing absolute path `/usr/share/fonts/truetype/msttcorefonts/verdanaz.ttf`; build may not be reproducible in other environments
warning: accessing absolute path `/usr/share/texmf/fonts/opentype/public/lm/lmsansdemicond10-regular.otf`; build may not be reproducible in other environments
warning: accessing absolute path `/usr/share/fonts/truetype/fonts-beng-extra/Ani.ttf`; build may not be reproducible in other environments
warning: accessing absolute path `/usr/share/fonts/truetype/freefont/FreeSerifItalic.ttf`; build may not be reproducible in other environments
warning: accessing absolute path `/usr/share/fonts/truetype/ttf-khmeros-core/KhmerOS.ttf`; build may not be reproducible in other environments
warning: accessing absolute path `/usr/share/fonts/truetype/fonts-yrsa-rasa/Rasa-Medium.ttf`; build may not be reproducible in other environments
warning: accessing absolute path `/usr/share/fonts/truetype/padauk/PadaukBook-Regular.ttf`; build may not be reproducible in other environments
warning: accessing absolute path `/usr/share/fonts/truetype/tlwg/Loma-Oblique.ttf`; build may not be reproducible in other environments
warning: accessing absolute path `/usr/share/texmf/fonts/opentype/public/lm/lmsans12-regular.otf`; build may not be reproducible in other environments
warning: accessing absolute path `/usr/share/fonts/truetype/tlwg/Kinnari-Oblique.ttf`; build may not be reproducible in other environments
warning: accessing absolute path `/usr/share/fonts/truetype/msttcorefonts/Verdana_Bold.ttf`; build may not be reproducible in other environments
warning: accessing absolute path `/usr/share/fonts/truetype/malayalam/Meera-Regular.ttf`; build may not be reproducible in other environments
warning: accessing absolute path `/usr/share/texmf/fonts/opentype/public/lm/lmsans17-oblique.otf`; build may not be reproducible in other environments
warning: accessing absolute path `/usr/share/fonts/X11/Type1/c0633bt_.pfb`; build may not be reproducible in other environments
warning: accessing absolute path `/usr/share/fonts/type1/urw-base35/URWGothic-BookOblique.t1`; build may not be reproducible in other environments
warning: accessing absolute path `/usr/share/fonts/truetype/sinhala/lklug.ttf`; build may not be reproducible in other environments
warning: accessing absolute path `/usr/share/fonts/truetype/lyx/dsrom10.ttf`; build may not be reproducible in other environments
warning: accessing absolute path `/usr/share/fonts/truetype/msttcorefonts/timesbd.ttf`; build may not be reproducible in other environments
warning: accessing absolute path `/usr/share/fonts/truetype/tlwg/TlwgTypewriter-Bold.ttf`; build may not be reproducible in other environments
warning: accessing absolute path `/usr/share/fonts/truetype/kacst/KacstDigital.ttf`; build may not be reproducible in other environments
warning: accessing absolute path `/usr/share/fonts/type1/gsfonts/b018032l.pfb`; build may not be reproducible in other environments
warning: accessing absolute path `/usr/share/fonts/truetype/droid/DroidSansFallbackFull.ttf`; build may not be reproducible in other environments
warning: accessing absolute path `/usr/share/fonts/truetype/fonts-kalapi/Kalapi.ttf`; build may not be reproducible in other environments
warning: accessing absolute path `/usr/share/texmf/fonts/opentype/public/lm/lmmono9-regular.otf`; build may not be reproducible in other environments
warning: accessing absolute path `/usr/share/fonts/truetype/ubuntu/UbuntuMono-R.ttf`; build may not be reproducible in other environments
warning: accessing absolute path `/usr/share/fonts/truetype/ubuntu/UbuntuMono-RI.ttf`; build may not be reproducible in other environments
warning: accessing absolute path `/usr/share/texmf/fonts/opentype/public/lm/lmroman17-regular.otf`; build may not be reproducible in other environments
warning: accessing absolute path `/usr/share/fonts/type1/urw-base35/Z003-MediumItalic.t1`; build may not be reproducible in other environments
warning: accessing absolute path `/usr/share/fonts/truetype/ubuntu/UbuntuMono-BI.ttf`; build may not be reproducible in other environments
warning: accessing absolute path `/usr/share/texmf/fonts/opentype/public/lm/lmsans10-regular.otf`; build may not be reproducible in other environments
warning: accessing absolute path `/usr/share/fonts/type1/gsfonts/n021003l.pfb`; build may not be reproducible in other environments
warning: accessing absolute path `/usr/share/fonts/truetype/fonts-yrsa-rasa/Yrsa-Regular.ttf`; build may not be reproducible in other environments
warning: accessing absolute path `/usr/share/fonts/opentype/urw-base35/NimbusSans-BoldItalic.otf`; build may not be reproducible in other environments
warning: accessing absolute path `/usr/share/fonts/truetype/fonts-telu-extra/Pothana2000.ttf`; build may not be reproducible in other environments
warning: accessing absolute path `/usr/share/fonts/truetype/msttcorefonts/Arial.ttf`; build may not be reproducible in other environments
warning: accessing absolute path `/usr/share/texmf/fonts/opentype/public/lm/lmroman10-bolditalic.otf`; build may not be reproducible in other environments
warning: accessing absolute path `/usr/share/texmf/fonts/opentype/public/lm/lmmono8-regular.otf`; build may not be reproducible in other environments
warning: accessing absolute path `/usr/share/fonts/truetype/liberation2/LiberationMono-Italic.ttf`; build may not be reproducible in other environments
warning: accessing absolute path `/usr/share/texmf/fonts/opentype/public/lm/lmsans9-regular.otf`; build may not be reproducible in other environments
warning: accessing absolute path `/usr/share/fonts/opentype/urw-base35/NimbusRoman-Regular.otf`; build may not be reproducible in other environments
warning: accessing absolute path `/usr/share/fonts/truetype/lohit-tamil-classical/Lohit-Tamil-Classical.ttf`; build may not be reproducible in other environments
warning: accessing absolute path `/usr/share/fonts/opentype/urw-base35/C059-Bold.otf`; build may not be reproducible in other environments
warning: accessing absolute path `/usr/share/fonts/truetype/ubuntu/Ubuntu-L.ttf`; build may not be reproducible in other environments
warning: accessing absolute path `/usr/share/fonts/truetype/tlwg/Garuda.ttf`; build may not be reproducible in other environments
warning: accessing absolute path `/usr/share/fonts/type1/urw-base35/URWGothic-Book.t1`; build may not be reproducible in other environments
warning: accessing absolute path `/usr/share/fonts/X11/Type1/c0583bt_.pfb`; build may not be reproducible in other environments
warning: accessing absolute path `/usr/share/texmf/fonts/opentype/public/lm/lmromanunsl10-regular.otf`; build may not be reproducible in other environments
warning: accessing absolute path `/usr/share/fonts/opentype/urw-base35/NimbusSansNarrow-Oblique.otf`; build may not be reproducible in other environments
warning: accessing absolute path `/usr/share/fonts/truetype/fonts-yrsa-rasa/Yrsa-LightItalic.ttf`; build may not be reproducible in other environments
warning: accessing absolute path `/usr/share/fonts/truetype/malayalam/AnjaliOldLipi-Regular.ttf`; build may not be reproducible in other environments
warning: accessing absolute path `/usr/share/fonts/X11/Type1/c0419bt_.pfb`; build may not be reproducible in other environments
warning: accessing absolute path `/usr/share/fonts/truetype/ubuntu/Ubuntu-R.ttf`; build may not be reproducible in other environments
warning: accessing absolute path `/usr/share/texmf/fonts/opentype/public/lm/lmsans8-regular.otf`; build may not be reproducible in other environments
warning: accessing absolute path `/usr/share/fonts/type1/urw-base35/NimbusSansNarrow-BoldOblique.t1`; build may not be reproducible in other environments
warning: accessing absolute path `/usr/share/fonts/truetype/ubuntu/UbuntuMono-B.ttf`; build may not be reproducible in other environments
warning: accessing absolute path `/usr/share/fonts/type1/gsfonts/n019003l.pfb`; build may not be reproducible in other environments
warning: accessing absolute path `/usr/share/fonts/type1/gsfonts/d050000l.pfb`; build may not be reproducible in other environments
warning: accessing absolute path `/usr/share/fonts/type1/gsfonts/n019024l.pfb`; build may not be reproducible in other environments
warning: accessing absolute path `/usr/share/fonts/truetype/noto/NotoMono-Regular.ttf`; build may not be reproducible in other environments
warning: accessing absolute path `/usr/share/fonts/truetype/kacst/KacstScreen.ttf`; build may not be reproducible in other environments
warning: accessing absolute path `/usr/share/texmf/fonts/opentype/public/lm/lmmonocaps10-oblique.otf`; build may not be reproducible in other environments
warning: accessing absolute path `/usr/share/fonts/truetype/Sahadeva/sahadeva.ttf`; build may not be reproducible in other environments
warning: accessing absolute path `/usr/share/fonts/truetype/ubuntu/Ubuntu-C.ttf`; build may not be reproducible in other environments
warning: accessing absolute path `/usr/share/texmf/fonts/opentype/public/lm/lmroman12-regular.otf`; build may not be reproducible in other environments
warning: accessing absolute path `/usr/share/fonts/truetype/tlwg/Waree.ttf`; build may not be reproducible in other environments
warning: accessing absolute path `/usr/share/fonts/type1/gsfonts/z003034l.pfb`; build may not be reproducible in other environments
warning: accessing absolute path `/usr/share/fonts/truetype/fonts-yrsa-rasa/Rasa-Bold.ttf`; build may not be reproducible in other environments
warning: accessing absolute path `/usr/share/fonts/type1/urw-base35/C059-Italic.t1`; build may not be reproducible in other environments
warning: accessing absolute path `/usr/share/fonts/type1/gsfonts/a010015l.pfb`; build may not be reproducible in other environments
warning: accessing absolute path `/usr/share/texmf/fonts/opentype/public/lm/lmsans17-regular.otf`; build may not be reproducible in other environments
warning: accessing absolute path `/usr/share/texmf/fonts/opentype/public/lm/lmsansquot8-bold.otf`; build may not be reproducible in other environments
warning: accessing absolute path `/usr/share/fonts/type1/gsfonts/p052024l.pfb`; build may not be reproducible in other environments
warning: accessing absolute path `/usr/share/fonts/truetype/fonts-beng-extra/MitraMono.ttf`; build may not be reproducible in other environments
warning: accessing absolute path `/usr/share/fonts/type1/gsfonts/n019004l.pfb`; build may not be reproducible in other environments
warning: accessing absolute path `/usr/share/fonts/opentype/urw-base35/NimbusSans-Bold.otf`; build may not be reproducible in other environments
warning: accessing absolute path `/usr/share/fonts/truetype/Nakula/nakula.ttf`; build may not be reproducible in other environments
warning: accessing absolute path `/usr/share/texmf/fonts/opentype/public/lm/lmroman10-regular.otf`; build may not be reproducible in other environments
warning: accessing absolute path `/usr/share/fonts/truetype/teluguvijayam/NATS.ttf`; build may not be reproducible in other environments
warning: accessing absolute path `/usr/share/fonts/truetype/crosextra/Carlito-Italic.ttf`; build may not be reproducible in other environments
warning: accessing absolute path `/usr/share/fonts/truetype/liberation2/LiberationMono-BoldItalic.ttf`; build may not be reproducible in other environments
warning: accessing absolute path `/usr/share/fonts/truetype/fonts-gujr-extra/padmaa-Bold.1.1.ttf`; build may not be reproducible in other environments
warning: accessing absolute path `/usr/share/fonts/truetype/teluguvijayam/TimmanaRegular.ttf`; build may not be reproducible in other environments
warning: accessing absolute path `/usr/share/fonts/truetype/dejavu/DejaVuSans-ExtraLight.ttf`; build may not be reproducible in other environments
warning: accessing absolute path `/usr/share/fonts/truetype/liberation2/LiberationSerif-Bold.ttf`; build may not be reproducible in other environments
warning: accessing absolute path `/usr/share/fonts/truetype/teluguvijayam/Gidugu.ttf`; build may not be reproducible in other environments
warning: accessing absolute path `/usr/share/fonts/truetype/dejavu/DejaVuSerifCondensed.ttf`; build may not be reproducible in other environments
warning: accessing absolute path `/usr/share/texmf/fonts/opentype/public/lm/lmmonoproplt10-oblique.otf`; build may not be reproducible in other environments
warning: accessing absolute path `/usr/share/fonts/truetype/dejavu/DejaVuSans-BoldOblique.ttf`; build may not be reproducible in other environments
warning: accessing absolute path `/usr/share/fonts/truetype/tlwg/TlwgMono-Bold.ttf`; build may not be reproducible in other environments
warning: accessing absolute path `/usr/share/fonts/truetype/malayalam/Karumbi-Regular.ttf`; build may not be reproducible in other environments
warning: accessing absolute path `/usr/share/fonts/truetype/fonts-deva-extra/kalimati.ttf`; build may not be reproducible in other environments
warning: accessing absolute path `/usr/share/fonts/truetype/kacst-one/KacstOne.ttf`; build may not be reproducible in other environments
warning: accessing absolute path `/usr/share/fonts/truetype/fonts-gujr-extra/Rekha.ttf`; build may not be reproducible in other environments
warning: accessing absolute path `/usr/share/fonts/truetype/lyx/cmex10.ttf`; build may not be reproducible in other environments
warning: accessing absolute path `/usr/share/fonts/truetype/dejavu/DejaVuSerif.ttf`; build may not be reproducible in other environments
warning: accessing absolute path `/usr/share/fonts/truetype/fonts-gujr-extra/aakar-medium.ttf`; build may not be reproducible in other environments
warning: accessing absolute path `/usr/share/fonts/type1/gsfonts/p052003l.pfb`; build may not be reproducible in other environments
warning: accessing absolute path `/usr/share/fonts/truetype/msttcorefonts/Comic_Sans_MS_Bold.ttf`; build may not be reproducible in other environments
warning: accessing absolute path `/usr/share/fonts/truetype/lyx/msbm10.ttf`; build may not be reproducible in other environments
warning: accessing absolute path `/usr/share/fonts/truetype/fonts-gujr-extra/padmaa.ttf`; build may not be reproducible in other environments
warning: accessing absolute path `/usr/share/fonts/type1/urw-base35/NimbusMonoPS-BoldItalic.t1`; build may not be reproducible in other environments
warning: accessing absolute path `/usr/share/texmf/fonts/opentype/public/lm/lmromanslant10-bold.otf`; build may not be reproducible in other environments
warning: accessing absolute path `/usr/share/fonts/truetype/fonts-yrsa-rasa/Rasa-Regular.ttf`; build may not be reproducible in other environments
warning: accessing absolute path `/usr/share/fonts/truetype/liberation/LiberationSansNarrow-BoldItalic.ttf`; build may not be reproducible in other environments
warning: accessing absolute path `/usr/share/fonts/type1/gsfonts/c059013l.pfb`; build may not be reproducible in other environments
warning: accessing absolute path `/usr/share/fonts/truetype/dejavu/DejaVuSansCondensed-Oblique.ttf`; build may not be reproducible in other environments
warning: accessing absolute path `/usr/share/fonts/opentype/noto/NotoSansCJK-Regular.ttc`; build may not be reproducible in other environments
warning: accessing absolute path `/usr/share/fonts/opentype/malayalam/Manjari-Regular.otf`; build may not be reproducible in other environments
warning: accessing absolute path `/usr/share/fonts/truetype/freefont/FreeMonoOblique.ttf`; build may not be reproducible in other environments
warning: accessing absolute path `/usr/share/fonts/truetype/tlwg/Norasi-BoldOblique.ttf`; build may not be reproducible in other environments
warning: accessing absolute path `/usr/share/texmf/fonts/opentype/public/lm-math/latinmodern-math.otf`; build may not be reproducible in other environments
warning: accessing absolute path `/usr/share/texmf/fonts/opentype/public/lm/lmmonoproplt10-bold.otf`; build may not be reproducible in other environments
warning: accessing absolute path `/usr/share/texmf/fonts/opentype/public/lm/lmroman12-italic.otf`; build may not be reproducible in other environments
warning: accessing absolute path `/usr/share/fonts/truetype/teluguvijayam/LakkiReddy.ttf`; build may not be reproducible in other environments
warning: accessing absolute path `/usr/share/fonts/truetype/tlwg/Umpush.ttf`; build may not be reproducible in other environments
warning: accessing absolute path `/usr/share/fonts/truetype/msttcorefonts/ariblk.ttf`; build may not be reproducible in other environments
warning: accessing absolute path `/usr/share/fonts/truetype/fonts-yrsa-rasa/Yrsa-MediumItalic.ttf`; build may not be reproducible in other environments
warning: accessing absolute path `/usr/share/fonts/truetype/msttcorefonts/timesbi.ttf`; build may not be reproducible in other environments
warning: accessing absolute path `/usr/share/fonts/truetype/dejavu/DejaVuSansMono-Oblique.ttf`; build may not be reproducible in other environments
warning: accessing absolute path `/usr/share/fonts/truetype/liberation2/LiberationMono-Regular.ttf`; build may not be reproducible in other environments
warning: accessing absolute path `/usr/share/fonts/truetype/tlwg/Umpush-Bold.ttf`; build may not be reproducible in other environments
warning: accessing absolute path `/usr/share/fonts/opentype/urw-base35/C059-Roman.otf`; build may not be reproducible in other environments
warning: accessing absolute path `/usr/share/fonts/truetype/tlwg/Garuda-BoldOblique.ttf`; build may not be reproducible in other environments
warning: accessing absolute path `/usr/share/fonts/truetype/fonts-orya-extra/utkal.ttf`; build may not be reproducible in other environments
warning: accessing absolute path `/usr/share/fonts/truetype/lyx/rsfs10.ttf`; build may not be reproducible in other environments
warning: accessing absolute path `/usr/share/fonts/truetype/dejavu/DejaVuSansCondensed.ttf`; build may not be reproducible in other environments
warning: accessing absolute path `/usr/share/fonts/truetype/liberation2/LiberationSans-Italic.ttf`; build may not be reproducible in other environments
warning: accessing absolute path `/usr/share/fonts/opentype/urw-base35/P052-Bold.otf`; build may not be reproducible in other environments
warning: accessing absolute path `/usr/share/fonts/type1/urw-base35/NimbusMonoPS-Bold.t1`; build may not be reproducible in other environments
warning: accessing absolute path `/usr/share/fonts/truetype/ttf-khmeros-core/KhmerOSsys.ttf`; build may not be reproducible in other environments
warning: accessing absolute path `/usr/share/fonts/opentype/malayalam/Gayathri-Bold.otf`; build may not be reproducible in other environments
warning: accessing absolute path `/usr/share/fonts/truetype/teluguvijayam/ramabhadra.ttf`; build may not be reproducible in other environments
warning: accessing absolute path `/usr/share/fonts/truetype/ubuntu/Ubuntu-RI.ttf`; build may not be reproducible in other environments
warning: accessing absolute path `/usr/share/fonts/truetype/tibetan-machine/TibetanMachineUni.ttf`; build may not be reproducible in other environments
warning: accessing absolute path `/usr/share/fonts/truetype/kacst/KacstPen.ttf`; build may not be reproducible in other environments
warning: accessing absolute path `/usr/share/fonts/truetype/fonts-beng-extra/LikhanNormal.ttf`; build may not be reproducible in other environments
warning: accessing absolute path `/usr/share/fonts/truetype/crosextra/Caladea-Italic.ttf`; build may not be reproducible in other environments
warning: accessing absolute path `/usr/share/fonts/truetype/tlwg/Umpush-Light.ttf`; build may not be reproducible in other environments
warning: accessing absolute path `/usr/share/texmf/fonts/opentype/public/lm/lmroman10-bold.otf`; build may not be reproducible in other environments
warning: accessing absolute path `/usr/share/fonts/type1/gsfonts/b018012l.pfb`; build may not be reproducible in other environments
warning: accessing absolute path `/usr/share/fonts/truetype/lyx/cmsy10.ttf`; build may not be reproducible in other environments
warning: accessing absolute path `/usr/share/fonts/type1/gsfonts/n019043l.pfb`; build may not be reproducible in other environments
warning: accessing absolute path `/usr/share/fonts/truetype/dejavu/DejaVuSerifCondensed-Italic.ttf`; build may not be reproducible in other environments
warning: accessing absolute path `/usr/share/fonts/truetype/fonts-yrsa-rasa/Yrsa-Italic.ttf`; build may not be reproducible in other environments
warning: accessing absolute path `/usr/share/fonts/truetype/lohit-telugu/Lohit-Telugu.ttf`; build may not be reproducible in other environments
warning: accessing absolute path `/usr/share/fonts/truetype/freefont/FreeSerifBoldItalic.ttf`; build may not be reproducible in other environments
warning: accessing absolute path `/usr/share/fonts/truetype/kacst/KacstOffice.ttf`; build may not be reproducible in other environments
warning: accessing absolute path `/usr/share/fonts/type1/gsfonts/c059033l.pfb`; build may not be reproducible in other environments
warning: accessing absolute path `/usr/share/fonts/truetype/liberation/LiberationSansNarrow-Bold.ttf`; build may not be reproducible in other environments
warning: accessing absolute path `/usr/share/fonts/truetype/crosextra/Carlito-Regular.ttf`; build may not be reproducible in other environments
warning: accessing absolute path `/usr/share/fonts/truetype/fonts-guru-extra/Saab.ttf`; build may not be reproducible in other environments
warning: accessing absolute path `/usr/share/fonts/truetype/lyx/msam10.ttf`; build may not be reproducible in other environments
warning: accessing absolute path `/usr/share/fonts/truetype/dejavu/DejaVuSerif-Bold.ttf`; build may not be reproducible in other environments
warning: accessing absolute path `/usr/share/fonts/truetype/noto/NotoSansMono-Regular.ttf`; build may not be reproducible in other environments
warning: accessing absolute path `/usr/share/texmf/fonts/opentype/public/lm/lmmonoltcond10-regular.otf`; build may not be reproducible in other environments
warning: accessing absolute path `/usr/share/fonts/truetype/tlwg/Purisa-Oblique.ttf`; build may not be reproducible in other environments
warning: accessing absolute path `/usr/share/fonts/truetype/freefont/FreeSerif.ttf`; build may not be reproducible in other environments
warning: accessing absolute path `/usr/share/fonts/X11/Type1/c0611bt_.pfb`; build may not be reproducible in other environments
warning: accessing absolute path `/usr/share/fonts/truetype/msttcorefonts/Trebuchet_MS_Italic.ttf`; build may not be reproducible in other environments
warning: accessing absolute path `/usr/share/fonts/truetype/freefont/FreeSansBoldOblique.ttf`; build may not be reproducible in other environments
warning: accessing absolute path `/usr/share/fonts/truetype/tlwg/TlwgTypo.ttf`; build may not be reproducible in other environments
warning: accessing absolute path `/usr/share/fonts/opentype/urw-base35/D050000L.otf`; build may not be reproducible in other environments
warning: accessing absolute path `/usr/share/fonts/opentype/urw-base35/C059-BdIta.otf`; build may not be reproducible in other environments
warning: accessing absolute path `/usr/share/texmf/fonts/opentype/public/lm/lmroman12-bold.otf`; build may not be reproducible in other environments
warning: accessing absolute path `/usr/share/fonts/X11/Type1/c0648bt_.pfb`; build may not be reproducible in other environments
warning: accessing absolute path `/usr/share/fonts/truetype/tlwg/Laksaman-Bold.ttf`; build may not be reproducible in other environments
warning: accessing absolute path `/usr/share/fonts/truetype/dejavu/DejaVuSerif-BoldItalic.ttf`; build may not be reproducible in other environments
warning: accessing absolute path `/usr/share/fonts/truetype/tlwg/Waree-Oblique.ttf`; build may not be reproducible in other environments
warning: accessing absolute path `/usr/share/fonts/truetype/kacst/KacstTitle.ttf`; build may not be reproducible in other environments
warning: accessing absolute path `/usr/share/fonts/truetype/malayalam/Dyuthi-Regular.ttf`; build may not be reproducible in other environments
warning: accessing absolute path `/usr/share/fonts/opentype/noto/NotoSerifCJK-Regular.ttc`; build may not be reproducible in other environments
warning: accessing absolute path `/usr/share/fonts/truetype/dejavu/DejaVuSansMono-Bold.ttf`; build may not be reproducible in other environments
warning: accessing absolute path `/usr/share/fonts/truetype/kacst/KacstArt.ttf`; build may not be reproducible in other environments
warning: accessing absolute path `/usr/share/texmf/fonts/opentype/public/lm/lmsansquot8-boldoblique.otf`; build may not be reproducible in other environments
warning: accessing absolute path `/usr/share/fonts/X11/Type1/c0632bt_.pfb`; build may not be reproducible in other environments
warning: accessing absolute path `/usr/share/fonts/truetype/kacst/KacstFarsi.ttf`; build may not be reproducible in other environments
warning: accessing absolute path `/usr/share/fonts/type1/gsfonts/n021023l.pfb`; build may not be reproducible in other environments
warning: accessing absolute path `/usr/share/fonts/truetype/msttcorefonts/courbd.ttf`; build may not be reproducible in other environments
warning: accessing absolute path `/usr/share/fonts/truetype/tlwg/Norasi.ttf`; build may not be reproducible in other environments
warning: accessing absolute path `/usr/share/fonts/opentype/malayalam/Gayathri-Regular.otf`; build may not be reproducible in other environments
warning: accessing absolute path `/usr/share/texmf/fonts/opentype/public/lm/lmmonoltcond10-oblique.otf`; build may not be reproducible in other environments
warning: accessing absolute path `/usr/share/fonts/type1/urw-base35/URWBookman-Demi.t1`; build may not be reproducible in other environments
warning: accessing absolute path `/usr/share/fonts/truetype/fonts-yrsa-rasa/Yrsa-SemiBoldItalic.ttf`; build may not be reproducible in other environments
warning: accessing absolute path `/usr/share/fonts/truetype/ubuntu/Ubuntu-BI.ttf`; build may not be reproducible in other environments
warning: accessing absolute path `/usr/share/fonts/type1/urw-base35/NimbusRoman-Bold.t1`; build may not be reproducible in other environments
warning: accessing absolute path `/usr/share/fonts/truetype/tlwg/Garuda-Oblique.ttf`; build may not be reproducible in other environments
warning: accessing absolute path `/usr/share/fonts/truetype/tlwg/TlwgTypist.ttf`; build may not be reproducible in other environments
warning: accessing absolute path `/usr/share/fonts/truetype/msttcorefonts/Verdana_Italic.ttf`; build may not be reproducible in other environments
warning: accessing absolute path `/usr/share/texmf/fonts/opentype/public/lm/lmromandemi10-regular.otf`; build may not be reproducible in other environments
warning: accessing absolute path `/usr/share/fonts/truetype/crosextra/Caladea-BoldItalic.ttf`; build may not be reproducible in other environments
warning: accessing absolute path `/usr/share/fonts/truetype/ubuntu/Ubuntu-B.ttf`; build may not be reproducible in other environments
warning: accessing absolute path `/usr/share/texmf/fonts/opentype/public/lm/lmmono10-italic.otf`; build may not be reproducible in other environments
warning: accessing absolute path `/usr/share/fonts/truetype/liberation/LiberationSansNarrow-Regular.ttf`; build may not be reproducible in other environments
warning: accessing absolute path `/usr/share/fonts/type1/gsfonts/n019044l.pfb`; build may not be reproducible in other environments
warning: accessing absolute path `/usr/share/fonts/type1/gsfonts/b018015l.pfb`; build may not be reproducible in other environments
warning: accessing absolute path `/usr/share/texmf/fonts/opentype/public/lm/lmsans10-bold.otf`; build may not be reproducible in other environments
warning: accessing absolute path `/usr/share/fonts/type1/gsfonts/p052023l.pfb`; build may not be reproducible in other environments
warning: accessing absolute path `/usr/share/fonts/truetype/tlwg/Purisa-BoldOblique.ttf`; build may not be reproducible in other environments
warning: accessing absolute path `/usr/share/fonts/truetype/crosextra/Carlito-BoldItalic.ttf`; build may not be reproducible in other environments
warning: accessing absolute path `/usr/share/fonts/truetype/crosextra/Carlito-Bold.ttf`; build may not be reproducible in other environments
warning: accessing absolute path `/usr/share/fonts/truetype/teluguvijayam/TenaliRamakrishna-Regular.ttf`; build may not be reproducible in other environments
warning: accessing absolute path `/usr/share/texmf/fonts/opentype/public/lm/lmroman9-italic.otf`; build may not be reproducible in other environments
warning: accessing absolute path `/usr/share/fonts/truetype/samyak/Samyak-Devanagari.ttf`; build may not be reproducible in other environments
warning: accessing absolute path `/usr/share/fonts/truetype/fonts-yrsa-rasa/Yrsa-SemiBold.ttf`; build may not be reproducible in other environments
warning: accessing absolute path `/usr/share/fonts/truetype/malayalam/Keraleeyam-Regular.ttf`; build may not be reproducible in other environments
warning: accessing absolute path `/usr/share/fonts/truetype/fonts-beng-extra/Muktibold.ttf`; build may not be reproducible in other environments
warning: accessing absolute path `/usr/share/fonts/truetype/teluguvijayam/Gurajada.ttf`; build may not be reproducible in other environments
warning: accessing absolute path `/usr/share/fonts/truetype/lohit-bengali/Lohit-Bengali.ttf`; build may not be reproducible in other environments
warning: accessing absolute path `/usr/share/fonts/type1/gsfonts/a010035l.pfb`; build may not be reproducible in other environments
warning: accessing absolute path `/usr/share/fonts/truetype/dejavu/DejaVuSans.ttf`; build may not be reproducible in other environments
warning: accessing absolute path `/usr/share/texmf/fonts/opentype/public/lm/lmromanslant8-regular.otf`; build may not be reproducible in other environments
warning: accessing absolute path `/usr/share/fonts/truetype/tlwg/Kinnari-BoldOblique.ttf`; build may not be reproducible in other environments
warning: accessing absolute path `/usr/share/fonts/truetype/freefont/FreeMonoBold.ttf`; build may not be reproducible in other environments
warning: accessing absolute path `/usr/share/fonts/type1/gsfonts/n022003l.pfb`; build may not be reproducible in other environments
warning: accessing absolute path `/usr/share/fonts/truetype/tlwg/Sawasdee-BoldOblique.ttf`; build may not be reproducible in other environments
warning: accessing absolute path `/usr/share/fonts/truetype/kacst/KacstNaskh.ttf`; build may not be reproducible in other environments
warning: accessing absolute path `/usr/share/fonts/truetype/teluguvijayam/dhurjati.ttf`; build may not be reproducible in other environments
warning: accessing absolute path `/usr/share/texmf/fonts/opentype/public/lm/lmromanslant12-regular.otf`; build may not be reproducible in other environments
warning: accessing absolute path `/usr/share/fonts/truetype/lyx/cmr10.ttf`; build may not be reproducible in other environments
warning: accessing absolute path `/usr/share/texmf/fonts/opentype/public/lm/lmromanslant9-regular.otf`; build may not be reproducible in other environments
warning: accessing absolute path `/usr/share/fonts/truetype/tlwg/Laksaman.ttf`; build may not be reproducible in other environments
warning: accessing absolute path `/usr/share/fonts/type1/gsfonts/n019023l.pfb`; build may not be reproducible in other environments
warning: accessing absolute path `/usr/share/texmf/fonts/opentype/public/lm/lmroman10-italic.otf`; build may not be reproducible in other environments
warning: accessing absolute path `/usr/share/fonts/truetype/tlwg/Waree-BoldOblique.ttf`; build may not be reproducible in other environments
warning: accessing absolute path `/usr/share/fonts/truetype/tlwg/Norasi-Bold.ttf`; build may not be reproducible in other environments
warning: accessing absolute path `/usr/share/fonts/truetype/liberation/LiberationSansNarrow-Italic.ttf`; build may not be reproducible in other environments
warning: accessing absolute path `/usr/share/texmf/fonts/opentype/public/lm/lmmonoprop10-regular.otf`; build may not be reproducible in other environments
warning: accessing absolute path `/usr/share/fonts/truetype/fonts-yrsa-rasa/Yrsa-Bold.ttf`; build may not be reproducible in other environments
warning: accessing absolute path `/usr/share/fonts/truetype/lohit-assamese/Lohit-Assamese.ttf`; build may not be reproducible in other environments
warning: accessing absolute path `/usr/share/fonts/truetype/teluguvijayam/SreeKrushnadevaraya.ttf`; build may not be reproducible in other environments
warning: accessing absolute path `/usr/share/fonts/truetype/tlwg/Loma-BoldOblique.ttf`; build may not be reproducible in other environments
warning: accessing absolute path `/usr/share/fonts/truetype/tlwg/Laksaman-BoldItalic.ttf`; build may not be reproducible in other environments
warning: accessing absolute path `/usr/share/texmf/fonts/opentype/public/lm/lmromancaps10-oblique.otf`; build may not be reproducible in other environments
warning: accessing absolute path `/usr/share/texmf/fonts/opentype/public/lm/lmromanslant10-regular.otf`; build may not be reproducible in other environments
warning: accessing absolute path `/usr/share/fonts/truetype/tlwg/Kinnari.ttf`; build may not be reproducible in other environments
warning: accessing absolute path `/usr/share/fonts/truetype/kacst/KacstTitleL.ttf`; build may not be reproducible in other environments
warning: accessing absolute path `/usr/share/fonts/truetype/tlwg/TlwgTypewriter-Oblique.ttf`; build may not be reproducible in other environments
warning: accessing absolute path `/usr/share/fonts/truetype/malayalam/Rachana-Bold.ttf`; build may not be reproducible in other environments
warning: accessing absolute path `/usr/share/fonts/truetype/tlwg/Umpush-Oblique.ttf`; build may not be reproducible in other environments
warning: accessing absolute path `/usr/share/fonts/truetype/teluguvijayam/suranna.ttf`; build may not be reproducible in other environments
warning: accessing absolute path `/usr/share/fonts/truetype/teluguvijayam/mallanna.ttf`; build may not be reproducible in other environments
warning: accessing absolute path `/usr/share/fonts/truetype/tlwg/TlwgMono-BoldOblique.ttf`; build may not be reproducible in other environments
warning: accessing absolute path `/usr/share/fonts/truetype/crosextra/Caladea-Regular.ttf`; build may not be reproducible in other environments
warning: accessing absolute path `/usr/share/fonts/truetype/fonts-beng-extra/JamrulNormal.ttf`; build may not be reproducible in other environments
warning: accessing absolute path `/usr/share/fonts/truetype/ubuntu/Ubuntu-LI.ttf`; build may not be reproducible in other environments
warning: accessing absolute path `/usr/share/fonts/truetype/fonts-deva-extra/chandas1-2.ttf`; build may not be reproducible in other environments
warning: accessing absolute path `/usr/share/texmf/fonts/opentype/public/lm/lmmonolt10-bold.otf`; build may not be reproducible in other environments
warning: accessing absolute path `/usr/share/fonts/truetype/tlwg/Waree-Bold.ttf`; build may not be reproducible in other environments
warning: accessing absolute path `/usr/share/fonts/truetype/fonts-telu-extra/vemana2000.ttf`; build may not be reproducible in other environments
warning: accessing absolute path `/usr/share/fonts/truetype/tlwg/Sawasdee-Oblique.ttf`; build may not be reproducible in other environments
warning: accessing absolute path `/usr/share/fonts/type1/gsfonts/s050000l.pfb`; build may not be reproducible in other environments
warning: accessing absolute path `/usr/share/texmf/fonts/opentype/public/lm/lmroman7-regular.otf`; build may not be reproducible in other environments
warning: accessing absolute path `/usr/share/texmf/fonts/opentype/public/lm/lmroman8-italic.otf`; build may not be reproducible in other environments
warning: accessing absolute path `/usr/share/texmf/fonts/opentype/public/lm/lmromanslant17-regular.otf`; build may not be reproducible in other environments
warning: accessing absolute path `/usr/share/fonts/truetype/freefont/FreeSansOblique.ttf`; build may not be reproducible in other environments
warning: accessing absolute path `/usr/share/fonts/truetype/dejavu/DejaVuSansMono-BoldOblique.ttf`; build may not be reproducible in other environments
warning: accessing absolute path `/usr/share/texmf/fonts/opentype/public/lm/lmroman6-regular.otf`; build may not be reproducible in other environments
warning: accessing absolute path `/usr/share/fonts/truetype/teluguvijayam/NTR.ttf`; build may not be reproducible in other environments
warning: accessing absolute path `/usr/share/fonts/truetype/tlwg/TlwgTypewriter-BoldOblique.ttf`; build may not be reproducible in other environments
warning: accessing absolute path `/usr/share/fonts/truetype/msttcorefonts/times.ttf`; build may not be reproducible in other environments
warning: accessing absolute path `/usr/share/fonts/truetype/Sarai/Sarai.ttf`; build may not be reproducible in other environments
warning: accessing absolute path `/usr/share/fonts/truetype/tlwg/Loma.ttf`; build may not be reproducible in other environments
warning: accessing absolute path `/usr/share/fonts/truetype/tlwg/TlwgTypist-Oblique.ttf`; build may not be reproducible in other environments
warning: accessing absolute path `/usr/share/fonts/truetype/fonts-gujr-extra/padmaa-Medium-0.5.ttf`; build may not be reproducible in other environments
warning: accessing absolute path `/usr/share/fonts/truetype/kacst/mry_KacstQurn.ttf`; build may not be reproducible in other environments
warning: accessing absolute path `/usr/share/fonts/truetype/crosextra/Caladea-Bold.ttf`; build may not be reproducible in other environments
warning: accessing absolute path `/usr/share/texmf/fonts/opentype/public/lm/lmroman5-regular.otf`; build may not be reproducible in other environments
warning: accessing absolute path `/usr/share/fonts/type1/gsfonts/c059016l.pfb`; build may not be reproducible in other environments
warning: accessing absolute path `/usr/share/fonts/truetype/lohit-malayalam/Lohit-Malayalam.ttf`; build may not be reproducible in other environments
warning: accessing absolute path `/usr/share/fonts/truetype/tlwg/Purisa.ttf`; build may not be reproducible in other environments
warning: accessing absolute path `/usr/share/fonts/type1/gsfonts/p052004l.pfb`; build may not be reproducible in other environments
warning: accessing absolute path `/usr/share/fonts/truetype/msttcorefonts/Verdana.ttf`; build may not be reproducible in other environments
warning: accessing absolute path `/usr/share/fonts/truetype/fonts-yrsa-rasa/Yrsa-Medium.ttf`; build may not be reproducible in other environments
warning: accessing absolute path `/usr/share/fonts/type1/gsfonts/a010033l.pfb`; build may not be reproducible in other environments
warning: accessing absolute path `/usr/share/fonts/truetype/teluguvijayam/Peddana-Regular.ttf`; build may not be reproducible in other environments
warning: accessing absolute path `/usr/share/fonts/truetype/lohit-kannada/Lohit-Kannada.ttf`; build may not be reproducible in other environments
warning: accessing absolute path `/usr/share/fonts/truetype/dejavu/DejaVuSansCondensed-BoldOblique.ttf`; build may not be reproducible in other environments
warning: accessing absolute path `/usr/share/fonts/truetype/lohit-oriya/Lohit-Odia.ttf`; build may not be reproducible in other environments
warning: accessing absolute path `/usr/share/fonts/opentype/malayalam/Chilanka-Regular.otf`; build may not be reproducible in other environments
warning: accessing absolute path `/usr/share/fonts/truetype/kacst-one/KacstOne-Bold.ttf`; build may not be reproducible in other environments
warning: accessing absolute path `/usr/share/fonts/truetype/dejavu/DejaVuSans-Oblique.ttf`; build may not be reproducible in other environments
warning: accessing absolute path `/usr/share/fonts/truetype/tlwg/TlwgTypo-Oblique.ttf`; build may not be reproducible in other environments
warning: accessing absolute path `/usr/share/fonts/truetype/msttcorefonts/timesi.ttf`; build may not be reproducible in other environments
warning: accessing absolute path `/usr/share/fonts/truetype/tlwg/Norasi-Italic.ttf`; build may not be reproducible in other environments
warning: accessing absolute path `/usr/share/fonts/truetype/kacst/KacstBook.ttf`; build may not be reproducible in other environments
warning: accessing absolute path `/usr/share/texmf/fonts/opentype/public/lm/lmroman9-regular.otf`; build may not be reproducible in other environments
warning: accessing absolute path `/usr/share/texmf/fonts/opentype/public/lm/lmromancaps10-regular.otf`; build may not be reproducible in other environments
warning: accessing absolute path `/usr/share/fonts/truetype/fonts-deva-extra/samanata.ttf`; build may not be reproducible in other environments
warning: accessing absolute path `/usr/share/fonts/truetype/samyak-fonts/Samyak-Malayalam.ttf`; build may not be reproducible in other environments
warning: accessing absolute path `/usr/share/fonts/X11/Type1/c0582bt_.pfb`; build may not be reproducible in other environments
warning: accessing absolute path `/usr/share/fonts/truetype/malayalam/Rachana-Regular.ttf`; build may not be reproducible in other environments
warning: accessing absolute path `/usr/share/fonts/truetype/malayalam/Suruma.ttf`; build may not be reproducible in other environments
warning: accessing absolute path `/usr/share/fonts/truetype/Gubbi/Gubbi.ttf`; build may not be reproducible in other environments
warning: accessing absolute path `/usr/share/fonts/truetype/tlwg/Garuda-Bold.ttf`; build may not be reproducible in other environments
warning: accessing absolute path `/usr/share/texmf/fonts/opentype/public/lm/lmroman8-regular.otf`; build may not be reproducible in other environments
warning: accessing absolute path `/usr/share/fonts/truetype/tlwg/TlwgTypo-Bold.ttf`; build may not be reproducible in other environments
warning: accessing absolute path `/usr/share/texmf/fonts/opentype/public/lm/lmromandunh10-regular.otf`; build may not be reproducible in other environments
warning: accessing absolute path `/usr/share/fonts/truetype/padauk/Padauk-Regular.ttf`; build may not be reproducible in other environments
warning: accessing absolute path `/usr/share/fonts/truetype/dejavu/DejaVuSansCondensed-Bold.ttf`; build may not be reproducible in other environments
warning: accessing absolute path `/usr/share/fonts/type1/gsfonts/b018035l.pfb`; build may not be reproducible in other environments
warning: algorithm.sty:11:
Invalid UTF-8 byte or sequence at line 11 replaced by U+FFFD.
warning: sections/methodology:73: Underfull \hbox (badness 1389) in paragraph at lines 70--73
warning: sections/experiments:384: Underfull \vbox (badness 6608) has occurred while \output is active
warning: sections/experiments:405: Underfull \vbox (badness 7099) has occurred while \output is active
warning: sections/experiments:598: Underfull \vbox (badness 1888) has occurred while \output is active
warning: sections/appendix:42: Underfull \hbox (badness 10000) in paragraph at lines 37--42
warning: sections/appendix:42: Underfull \hbox (badness 10000) in paragraph at lines 37--42
warning: sections/appendix:518: Underfull \hbox (badness 10000) in paragraph at lines 512--518
warning: sections/appendix:518: Underfull \hbox (badness 10000) in paragraph at lines 512--518
warning: sections/appendix:518: Underfull \hbox (badness 10000) in paragraph at lines 512--518
warning: sections/appendix:518: Underfull \hbox (badness 2662) in paragraph at lines 512--518
warning: sections/appendix:542: Underfull \hbox (badness 10000) in paragraph at lines 535--542
warning: sections/appendix:542: Underfull \hbox (badness 10000) in paragraph at lines 535--542
warning: sections/appendix:619: Underfull \hbox (badness 1783) in paragraph at lines 614--619
warning: sections/appendix:747: Underfull \hbox (badness 1708) in paragraph at lines 737--747
note: Running BibTeX on main.aux ...
note: Rerunning TeX because bibtex was run ...
warning: algorithm.sty:11:
Invalid UTF-8 byte or sequence at line 11 replaced by U+FFFD.
warning: sections/methodology:73: Underfull \hbox (badness 1389) in paragraph at lines 70--73
warning: sections/experiments:384: Underfull \vbox (badness 6608) has occurred while \output is active
warning: sections/experiments:405: Underfull \vbox (badness 7099) has occurred while \output is active
warning: sections/experiments:598: Underfull \vbox (badness 1888) has occurred while \output is active
warning: sections/appendix:42: Underfull \hbox (badness 10000) in paragraph at lines 37--42
warning: sections/appendix:42: Underfull \hbox (badness 10000) in paragraph at lines 37--42
warning: sections/appendix:518: Underfull \hbox (badness 10000) in paragraph at lines 512--518
warning: sections/appendix:518: Underfull \hbox (badness 10000) in paragraph at lines 512--518
warning: sections/appendix:518: Underfull \hbox (badness 10000) in paragraph at lines 512--518
warning: sections/appendix:518: Underfull \hbox (badness 2662) in paragraph at lines 512--518
warning: sections/appendix:542: Underfull \hbox (badness 10000) in paragraph at lines 535--542
warning: sections/appendix:542: Underfull \hbox (badness 10000) in paragraph at lines 535--542
warning: sections/appendix:619: Underfull \hbox (badness 1783) in paragraph at lines 614--619
warning: sections/appendix:747: Underfull \hbox (badness 1708) in paragraph at lines 737--747
note: Rerunning TeX because "main.aux" changed ...
warning: algorithm.sty:11:
Invalid UTF-8 byte or sequence at line 11 replaced by U+FFFD.
warning: sections/methodology:73: Underfull \hbox (badness 1389) in paragraph at lines 70--73
warning: sections/experiments:384: Underfull \vbox (badness 6608) has occurred while \output is active
warning: sections/experiments:405: Underfull \vbox (badness 7099) has occurred while \output is active
warning: sections/experiments:598: Underfull \vbox (badness 1888) has occurred while \output is active
warning: sections/appendix:42: Underfull \hbox (badness 10000) in paragraph at lines 37--42
warning: sections/appendix:42: Underfull \hbox (badness 10000) in paragraph at lines 37--42
warning: sections/appendix:518: Underfull \hbox (badness 10000) in paragraph at lines 512--518
warning: sections/appendix:518: Underfull \hbox (badness 10000) in paragraph at lines 512--518
warning: sections/appendix:518: Underfull \hbox (badness 10000) in paragraph at lines 512--518
warning: sections/appendix:518: Underfull \hbox (badness 2662) in paragraph at lines 512--518
warning: sections/appendix:542: Underfull \hbox (badness 10000) in paragraph at lines 535--542
warning: sections/appendix:542: Underfull \hbox (badness 10000) in paragraph at lines 535--542
warning: sections/appendix:619: Underfull \hbox (badness 1783) in paragraph at lines 614--619
warning: sections/appendix:747: Underfull \hbox (badness 1708) in paragraph at lines 737--747
warning: internal consistency problem when checking if main.bbl changed
note: Rerunning TeX because "main.bbl" changed ...
warning: algorithm.sty:11:
Invalid UTF-8 byte or sequence at line 11 replaced by U+FFFD.
warning: sections/methodology:73: Underfull \hbox (badness 1389) in paragraph at lines 70--73
warning: sections/experiments:384: Underfull \vbox (badness 6608) has occurred while \output is active
warning: sections/experiments:405: Underfull \vbox (badness 7099) has occurred while \output is active
warning: sections/experiments:598: Underfull \vbox (badness 1888) has occurred while \output is active
warning: sections/appendix:42: Underfull \hbox (badness 10000) in paragraph at lines 37--42
warning: sections/appendix:42: Underfull \hbox (badness 10000) in paragraph at lines 37--42
warning: sections/appendix:518: Underfull \hbox (badness 10000) in paragraph at lines 512--518
warning: sections/appendix:518: Underfull \hbox (badness 10000) in paragraph at lines 512--518
warning: sections/appendix:518: Underfull \hbox (badness 10000) in paragraph at lines 512--518
warning: sections/appendix:518: Underfull \hbox (badness 2662) in paragraph at lines 512--518
warning: sections/appendix:542: Underfull \hbox (badness 10000) in paragraph at lines 535--542
warning: sections/appendix:542: Underfull \hbox (badness 10000) in paragraph at lines 535--542
warning: sections/appendix:619: Underfull \hbox (badness 1783) in paragraph at lines 614--619
warning: sections/appendix:747: Underfull \hbox (badness 1708) in paragraph at lines 737--747
warning: internal consistency problem when checking if main.bbl changed
note: Rerunning TeX because "main.bbl" changed ...
warning: algorithm.sty:11:
Invalid UTF-8 byte or sequence at line 11 replaced by U+FFFD.
warning: sections/methodology:73: Underfull \hbox (badness 1389) in paragraph at lines 70--73
warning: sections/experiments:384: Underfull \vbox (badness 6608) has occurred while \output is active
warning: sections/experiments:405: Underfull \vbox (badness 7099) has occurred while \output is active
warning: sections/experiments:598: Underfull \vbox (badness 1888) has occurred while \output is active
warning: sections/appendix:42: Underfull \hbox (badness 10000) in paragraph at lines 37--42
warning: sections/appendix:42: Underfull \hbox (badness 10000) in paragraph at lines 37--42
warning: sections/appendix:518: Underfull \hbox (badness 10000) in paragraph at lines 512--518
warning: sections/appendix:518: Underfull \hbox (badness 10000) in paragraph at lines 512--518
warning: sections/appendix:518: Underfull \hbox (badness 10000) in paragraph at lines 512--518
warning: sections/appendix:518: Underfull \hbox (badness 2662) in paragraph at lines 512--518
warning: sections/appendix:542: Underfull \hbox (badness 10000) in paragraph at lines 535--542
warning: sections/appendix:542: Underfull \hbox (badness 10000) in paragraph at lines 535--542
warning: sections/appendix:619: Underfull \hbox (badness 1783) in paragraph at lines 614--619
warning: sections/appendix:747: Underfull \hbox (badness 1708) in paragraph at lines 737--747
warning: internal consistency problem when checking if main.bbl changed
note: Rerunning TeX because "main.bbl" changed ...
warning: algorithm.sty:11:
Invalid UTF-8 byte or sequence at line 11 replaced by U+FFFD.
warning: sections/methodology:73: Underfull \hbox (badness 1389) in paragraph at lines 70--73
warning: sections/experiments:384: Underfull \vbox (badness 6608) has occurred while \output is active
warning: sections/experiments:405: Underfull \vbox (badness 7099) has occurred while \output is active
warning: sections/experiments:598: Underfull \vbox (badness 1888) has occurred while \output is active
warning: sections/appendix:42: Underfull \hbox (badness 10000) in paragraph at lines 37--42
warning: sections/appendix:42: Underfull \hbox (badness 10000) in paragraph at lines 37--42
warning: sections/appendix:518: Underfull \hbox (badness 10000) in paragraph at lines 512--518
warning: sections/appendix:518: Underfull \hbox (badness 10000) in paragraph at lines 512--518
warning: sections/appendix:518: Underfull \hbox (badness 10000) in paragraph at lines 512--518
warning: sections/appendix:518: Underfull \hbox (badness 2662) in paragraph at lines 512--518
warning: sections/appendix:542: Underfull \hbox (badness 10000) in paragraph at lines 535--542
warning: sections/appendix:542: Underfull \hbox (badness 10000) in paragraph at lines 535--542
warning: sections/appendix:619: Underfull \hbox (badness 1783) in paragraph at lines 614--619
warning: sections/appendix:747: Underfull \hbox (badness 1708) in paragraph at lines 737--747
warning: internal consistency problem when checking if main.bbl changed
note: Rerunning TeX because "main.bbl" changed ...
warning: algorithm.sty:11:
Invalid UTF-8 byte or sequence at line 11 replaced by U+FFFD.
warning: sections/methodology:73: Underfull \hbox (badness 1389) in paragraph at lines 70--73
warning: sections/experiments:384: Underfull \vbox (badness 6608) has occurred while \output is active
warning: sections/experiments:405: Underfull \vbox (badness 7099) has occurred while \output is active
warning: sections/experiments:598: Underfull \vbox (badness 1888) has occurred while \output is active
warning: sections/appendix:42: Underfull \hbox (badness 10000) in paragraph at lines 37--42
warning: sections/appendix:42: Underfull \hbox (badness 10000) in paragraph at lines 37--42
warning: sections/appendix:518: Underfull \hbox (badness 10000) in paragraph at lines 512--518
warning: sections/appendix:518: Underfull \hbox (badness 10000) in paragraph at lines 512--518
warning: sections/appendix:518: Underfull \hbox (badness 10000) in paragraph at lines 512--518
warning: sections/appendix:518: Underfull \hbox (badness 2662) in paragraph at lines 512--518
warning: sections/appendix:542: Underfull \hbox (badness 10000) in paragraph at lines 535--542
warning: sections/appendix:542: Underfull \hbox (badness 10000) in paragraph at lines 535--542
warning: sections/appendix:619: Underfull \hbox (badness 1783) in paragraph at lines 614--619
warning: sections/appendix:747: Underfull \hbox (badness 1708) in paragraph at lines 737--747
warning: internal consistency problem when checking if main.bbl changed
warning: TeX rerun seems needed, but stopping at 6 passes
warning: warnings were issued by the TeX engine; use --print and/or --keep-logs for details.
note: Running xdvipdfmx ...
note: Writing `main.pdf` (579.67 KiB)
note: Writing `main.log` (32.09 KiB)
note: Writing `main.blg` (379 B)
note: Skipped writing 2 intermediate files (use --keep-intermediates to keep them)
