📖 从 data/政务_低质量.jsonl 读取了 4728 条文本
📁 初始化文件:
  - 节点文件: data/政务_低质量_nodes.csv
  - 关系文件: data/政务_低质量_relationships.csv
🚀 启动服务器: python kg_server.py
📡 连接到服务器...
⚙️  开始批量处理 4728 条文本...
💡 文件将实时更新，你可以随时查看进度！

📦 处理批次 1 (第 1-5 条)...
  ✅ 本批次: +46 节点, +35 关系
  📊 累计: 46 节点, 35 关系

📦 处理批次 2 (第 6-10 条)...
  ✅ 本批次: +59 节点, +54 关系
  📊 累计: 105 节点, 89 关系

📦 处理批次 3 (第 11-15 条)...
  ✅ 本批次: +26 节点, +27 关系
  📊 累计: 131 节点, 116 关系

📦 处理批次 4 (第 16-20 条)...
  ✅ 本批次: +18 节点, +17 关系
  📊 累计: 149 节点, 133 关系

📦 处理批次 5 (第 21-25 条)...
  ✅ 本批次: +19 节点, +19 关系
  📊 累计: 168 节点, 152 关系

📦 处理批次 6 (第 26-30 条)...
  ✅ 本批次: +32 节点, +35 关系
  📊 累计: 200 节点, 187 关系

📦 处理批次 7 (第 31-35 条)...
  ✅ 本批次: +36 节点, +35 关系
  📊 累计: 236 节点, 222 关系

📦 处理批次 8 (第 36-40 条)...
  ✅ 本批次: +25 节点, +26 关系
  📊 累计: 261 节点, 248 关系

📦 处理批次 9 (第 41-45 条)...
  ✅ 本批次: +16 节点, +15 关系
  📊 累计: 277 节点, 263 关系

📦 处理批次 10 (第 46-50 条)...
  ✅ 本批次: +73 节点, +66 关系
  📊 累计: 350 节点, 329 关系

📦 处理批次 11 (第 51-55 条)...
  ✅ 本批次: +31 节点, +35 关系
  📊 累计: 381 节点, 364 关系

📦 处理批次 12 (第 56-60 条)...
  ✅ 本批次: +30 节点, +35 关系
  📊 累计: 411 节点, 399 关系

📦 处理批次 13 (第 61-65 条)...
  ✅ 本批次: +8 节点, +10 关系
  📊 累计: 419 节点, 409 关系

📦 处理批次 14 (第 66-70 条)...
  ✅ 本批次: +38 节点, +35 关系
  📊 累计: 457 节点, 444 关系

📦 处理批次 15 (第 71-75 条)...
  ✅ 本批次: +14 节点, +24 关系
  📊 累计: 471 节点, 468 关系

📦 处理批次 16 (第 76-80 条)...
  ✅ 本批次: +37 节点, +41 关系
  📊 累计: 508 节点, 509 关系

📦 处理批次 17 (第 81-85 条)...
  ✅ 本批次: +22 节点, +25 关系
  📊 累计: 530 节点, 534 关系

📦 处理批次 18 (第 86-90 条)...
  ✅ 本批次: +40 节点, +47 关系
  📊 累计: 570 节点, 581 关系

📦 处理批次 19 (第 91-95 条)...
  ✅ 本批次: +24 节点, +40 关系
  📊 累计: 594 节点, 621 关系

📦 处理批次 20 (第 96-100 条)...
  ✅ 本批次: +29 节点, +44 关系
  📊 累计: 623 节点, 665 关系

📦 处理批次 21 (第 101-105 条)...
  ✅ 本批次: +19 节点, +23 关系
  📊 累计: 642 节点, 688 关系

📦 处理批次 22 (第 106-110 条)...
  ✅ 本批次: +20 节点, +31 关系
  📊 累计: 662 节点, 719 关系

📦 处理批次 23 (第 111-115 条)...
  ✅ 本批次: +37 节点, +42 关系
  📊 累计: 699 节点, 761 关系

📦 处理批次 24 (第 116-120 条)...
  ✅ 本批次: +36 节点, +45 关系
  📊 累计: 735 节点, 806 关系

📦 处理批次 25 (第 121-125 条)...
  ✅ 本批次: +27 节点, +33 关系
  📊 累计: 762 节点, 839 关系

📦 处理批次 26 (第 126-130 条)...
  ✅ 本批次: +23 节点, +29 关系
  📊 累计: 785 节点, 868 关系

📦 处理批次 27 (第 131-135 条)...
  ✅ 本批次: +37 节点, +43 关系
  📊 累计: 822 节点, 911 关系

📦 处理批次 28 (第 136-140 条)...
  ✅ 本批次: +14 节点, +27 关系
  📊 累计: 836 节点, 938 关系

📦 处理批次 29 (第 141-145 条)...
  ✅ 本批次: +26 节点, +32 关系
  📊 累计: 862 节点, 970 关系

📦 处理批次 30 (第 146-150 条)...
  ✅ 本批次: +24 节点, +30 关系
  📊 累计: 886 节点, 1000 关系

📦 处理批次 31 (第 151-155 条)...
  ✅ 本批次: +28 节点, +25 关系
  📊 累计: 914 节点, 1025 关系

📦 处理批次 32 (第 156-160 条)...
  ✅ 本批次: +17 节点, +20 关系
  📊 累计: 931 节点, 1045 关系

📦 处理批次 33 (第 161-165 条)...
  ✅ 本批次: +23 节点, +32 关系
  📊 累计: 954 节点, 1077 关系

📦 处理批次 34 (第 166-170 条)...
  ✅ 本批次: +40 节点, +49 关系
  📊 累计: 994 节点, 1126 关系

📦 处理批次 35 (第 171-175 条)...
  ✅ 本批次: +17 节点, +18 关系
  📊 累计: 1011 节点, 1144 关系

📦 处理批次 36 (第 176-180 条)...
  ✅ 本批次: +49 节点, +50 关系
  📊 累计: 1060 节点, 1194 关系

📦 处理批次 37 (第 181-185 条)...
  ✅ 本批次: +32 节点, +43 关系
  📊 累计: 1092 节点, 1237 关系

📦 处理批次 38 (第 186-190 条)...
  ✅ 本批次: +10 节点, +19 关系
  📊 累计: 1102 节点, 1256 关系

📦 处理批次 39 (第 191-195 条)...
  ✅ 本批次: +18 节点, +27 关系
  📊 累计: 1120 节点, 1283 关系

📦 处理批次 40 (第 196-200 条)...
  ✅ 本批次: +24 节点, +34 关系
  📊 累计: 1144 节点, 1317 关系

📦 处理批次 41 (第 201-205 条)...
  ✅ 本批次: +26 节点, +40 关系
  📊 累计: 1170 节点, 1357 关系

📦 处理批次 42 (第 206-210 条)...
  ✅ 本批次: +26 节点, +28 关系
  📊 累计: 1196 节点, 1385 关系

📦 处理批次 43 (第 211-215 条)...
  ✅ 本批次: +6 节点, +18 关系
  📊 累计: 1202 节点, 1403 关系

📦 处理批次 44 (第 216-220 条)...
  ✅ 本批次: +19 节点, +17 关系
  📊 累计: 1221 节点, 1420 关系

📦 处理批次 45 (第 221-225 条)...
  ✅ 本批次: +10 节点, +25 关系
  📊 累计: 1231 节点, 1445 关系

📦 处理批次 46 (第 226-230 条)...
  ✅ 本批次: +8 节点, +16 关系
  📊 累计: 1239 节点, 1461 关系

📦 处理批次 47 (第 231-235 条)...
  ✅ 本批次: +17 节点, +23 关系
  📊 累计: 1256 节点, 1484 关系

📦 处理批次 48 (第 236-240 条)...
  ✅ 本批次: +16 节点, +40 关系
  📊 累计: 1272 节点, 1524 关系

📦 处理批次 49 (第 241-245 条)...
  ✅ 本批次: +14 节点, +25 关系
  📊 累计: 1286 节点, 1549 关系

📦 处理批次 50 (第 246-250 条)...
  ✅ 本批次: +37 节点, +37 关系
  📊 累计: 1323 节点, 1586 关系

📦 处理批次 51 (第 251-255 条)...
  ✅ 本批次: +22 节点, +32 关系
  📊 累计: 1345 节点, 1618 关系

📦 处理批次 52 (第 256-260 条)...
  ✅ 本批次: +19 节点, +19 关系
  📊 累计: 1364 节点, 1637 关系

📦 处理批次 53 (第 261-265 条)...
  ✅ 本批次: +31 节点, +41 关系
  📊 累计: 1395 节点, 1678 关系

📦 处理批次 54 (第 266-270 条)...
  ✅ 本批次: +7 节点, +10 关系
  📊 累计: 1402 节点, 1688 关系

📦 处理批次 55 (第 271-275 条)...
  ✅ 本批次: +35 节点, +44 关系
  📊 累计: 1437 节点, 1732 关系

📦 处理批次 56 (第 276-280 条)...
  ✅ 本批次: +22 节点, +29 关系
  📊 累计: 1459 节点, 1761 关系

📦 处理批次 57 (第 281-285 条)...
  ✅ 本批次: +34 节点, +44 关系
  📊 累计: 1493 节点, 1805 关系

📦 处理批次 58 (第 286-290 条)...
  ✅ 本批次: +27 节点, +27 关系
  📊 累计: 1520 节点, 1832 关系

📦 处理批次 59 (第 291-295 条)...
  ✅ 本批次: +44 节点, +52 关系
  📊 累计: 1564 节点, 1884 关系

📦 处理批次 60 (第 296-300 条)...
  ✅ 本批次: +39 节点, +49 关系
  📊 累计: 1603 节点, 1933 关系

📦 处理批次 61 (第 301-305 条)...
  ✅ 本批次: +2 节点, +17 关系
  📊 累计: 1605 节点, 1950 关系

📦 处理批次 62 (第 306-310 条)...
  ✅ 本批次: +15 节点, +22 关系
  📊 累计: 1620 节点, 1972 关系

📦 处理批次 63 (第 311-315 条)...
  ✅ 本批次: +29 节点, +39 关系
  📊 累计: 1649 节点, 2011 关系

📦 处理批次 64 (第 316-320 条)...
  ✅ 本批次: +20 节点, +26 关系
  📊 累计: 1669 节点, 2037 关系

📦 处理批次 65 (第 321-325 条)...
  ✅ 本批次: +29 节点, +40 关系
  📊 累计: 1698 节点, 2077 关系

📦 处理批次 66 (第 326-330 条)...
  ✅ 本批次: +25 节点, +31 关系
  📊 累计: 1723 节点, 2108 关系

📦 处理批次 67 (第 331-335 条)...
  ✅ 本批次: +19 节点, +30 关系
  📊 累计: 1742 节点, 2138 关系

📦 处理批次 68 (第 336-340 条)...
  ✅ 本批次: +13 节点, +23 关系
  📊 累计: 1755 节点, 2161 关系

📦 处理批次 69 (第 341-345 条)...
  ✅ 本批次: +23 节点, +45 关系
  📊 累计: 1778 节点, 2206 关系

📦 处理批次 70 (第 346-350 条)...
  ✅ 本批次: +31 节点, +40 关系
  📊 累计: 1809 节点, 2246 关系

📦 处理批次 71 (第 351-355 条)...
  ✅ 本批次: +14 节点, +21 关系
  📊 累计: 1823 节点, 2267 关系

📦 处理批次 72 (第 356-360 条)...
  ✅ 本批次: +12 节点, +24 关系
  📊 累计: 1835 节点, 2291 关系

📦 处理批次 73 (第 361-365 条)...
  ✅ 本批次: +30 节点, +32 关系
  📊 累计: 1865 节点, 2323 关系

📦 处理批次 74 (第 366-370 条)...
  ✅ 本批次: +10 节点, +16 关系
  📊 累计: 1875 节点, 2339 关系

📦 处理批次 75 (第 371-375 条)...
  ✅ 本批次: +26 节点, +32 关系
  📊 累计: 1901 节点, 2371 关系

📦 处理批次 76 (第 376-380 条)...
  ✅ 本批次: +8 节点, +13 关系
  📊 累计: 1909 节点, 2384 关系

📦 处理批次 77 (第 381-385 条)...
  ✅ 本批次: +31 节点, +44 关系
  📊 累计: 1940 节点, 2428 关系

📦 处理批次 78 (第 386-390 条)...
  ✅ 本批次: +39 节点, +37 关系
  📊 累计: 1979 节点, 2465 关系

📦 处理批次 79 (第 391-395 条)...
  ✅ 本批次: +27 节点, +31 关系
  📊 累计: 2006 节点, 2496 关系

📦 处理批次 80 (第 396-400 条)...
  ✅ 本批次: +26 节点, +44 关系
  📊 累计: 2032 节点, 2540 关系

📦 处理批次 81 (第 401-405 条)...
  ✅ 本批次: +16 节点, +16 关系
  📊 累计: 2048 节点, 2556 关系

📦 处理批次 82 (第 406-410 条)...
  ✅ 本批次: +26 节点, +31 关系
  📊 累计: 2074 节点, 2587 关系

📦 处理批次 83 (第 411-415 条)...
  ✅ 本批次: +9 节点, +17 关系
  📊 累计: 2083 节点, 2604 关系

📦 处理批次 84 (第 416-420 条)...
  ✅ 本批次: +27 节点, +61 关系
  📊 累计: 2110 节点, 2665 关系

📦 处理批次 85 (第 421-425 条)...
  ✅ 本批次: +18 节点, +31 关系
  📊 累计: 2128 节点, 2696 关系

📦 处理批次 86 (第 426-430 条)...
  ✅ 本批次: +28 节点, +43 关系
  📊 累计: 2156 节点, 2739 关系

📦 处理批次 87 (第 431-435 条)...
  ✅ 本批次: +20 节点, +27 关系
  📊 累计: 2176 节点, 2766 关系

📦 处理批次 88 (第 436-440 条)...
  ✅ 本批次: +24 节点, +33 关系
  📊 累计: 2200 节点, 2799 关系

📦 处理批次 89 (第 441-445 条)...
  ✅ 本批次: +17 节点, +24 关系
  📊 累计: 2217 节点, 2823 关系

📦 处理批次 90 (第 446-450 条)...
  ✅ 本批次: +15 节点, +27 关系
  📊 累计: 2232 节点, 2850 关系

📦 处理批次 91 (第 451-455 条)...
  ✅ 本批次: +14 节点, +25 关系
  📊 累计: 2246 节点, 2875 关系

📦 处理批次 92 (第 456-460 条)...
  ✅ 本批次: +31 节点, +42 关系
  📊 累计: 2277 节点, 2917 关系

📦 处理批次 93 (第 461-465 条)...
  ✅ 本批次: +26 节点, +40 关系
  📊 累计: 2303 节点, 2957 关系

📦 处理批次 94 (第 466-470 条)...
  ✅ 本批次: +8 节点, +13 关系
  📊 累计: 2311 节点, 2970 关系

📦 处理批次 95 (第 471-475 条)...
  ✅ 本批次: +15 节点, +21 关系
  📊 累计: 2326 节点, 2991 关系

📦 处理批次 96 (第 476-480 条)...
  ✅ 本批次: +34 节点, +49 关系
  📊 累计: 2360 节点, 3040 关系

📦 处理批次 97 (第 481-485 条)...
  ✅ 本批次: +39 节点, +52 关系
  📊 累计: 2399 节点, 3092 关系

📦 处理批次 98 (第 486-490 条)...
  ✅ 本批次: +32 节点, +43 关系
  📊 累计: 2431 节点, 3135 关系

📦 处理批次 99 (第 491-495 条)...
  ✅ 本批次: +10 节点, +30 关系
  📊 累计: 2441 节点, 3165 关系

📦 处理批次 100 (第 496-500 条)...
  ✅ 本批次: +23 节点, +28 关系
  📊 累计: 2464 节点, 3193 关系

📦 处理批次 101 (第 501-505 条)...
  ✅ 本批次: +33 节点, +32 关系
  📊 累计: 2497 节点, 3225 关系

📦 处理批次 102 (第 506-510 条)...
  ✅ 本批次: +11 节点, +19 关系
  📊 累计: 2508 节点, 3244 关系

📦 处理批次 103 (第 511-515 条)...
  ✅ 本批次: +16 节点, +27 关系
  📊 累计: 2524 节点, 3271 关系

📦 处理批次 104 (第 516-520 条)...
  ✅ 本批次: +11 节点, +20 关系
  📊 累计: 2535 节点, 3291 关系

📦 处理批次 105 (第 521-525 条)...
  ✅ 本批次: +28 节点, +42 关系
  📊 累计: 2563 节点, 3333 关系

📦 处理批次 106 (第 526-530 条)...
  ✅ 本批次: +51 节点, +56 关系
  📊 累计: 2614 节点, 3389 关系

📦 处理批次 107 (第 531-535 条)...
  ✅ 本批次: +32 节点, +35 关系
  📊 累计: 2646 节点, 3424 关系

📦 处理批次 108 (第 536-540 条)...
  ✅ 本批次: +20 节点, +33 关系
  📊 累计: 2666 节点, 3457 关系

📦 处理批次 109 (第 541-545 条)...
  ✅ 本批次: +25 节点, +35 关系
  📊 累计: 2691 节点, 3492 关系

📦 处理批次 110 (第 546-550 条)...
  ✅ 本批次: +9 节点, +23 关系
  📊 累计: 2700 节点, 3515 关系

📦 处理批次 111 (第 551-555 条)...
  ✅ 本批次: +24 节点, +34 关系
  📊 累计: 2724 节点, 3549 关系

📦 处理批次 112 (第 556-560 条)...
  ✅ 本批次: +18 节点, +33 关系
  📊 累计: 2742 节点, 3582 关系

📦 处理批次 113 (第 561-565 条)...
  ✅ 本批次: +13 节点, +19 关系
  📊 累计: 2755 节点, 3601 关系

📦 处理批次 114 (第 566-570 条)...
  ✅ 本批次: +28 节点, +48 关系
  📊 累计: 2783 节点, 3649 关系

📦 处理批次 115 (第 571-575 条)...
  ✅ 本批次: +20 节点, +24 关系
  📊 累计: 2803 节点, 3673 关系

📦 处理批次 116 (第 576-580 条)...
  ✅ 本批次: +28 节点, +32 关系
  📊 累计: 2831 节点, 3705 关系

📦 处理批次 117 (第 581-585 条)...
  ✅ 本批次: +9 节点, +20 关系
  📊 累计: 2840 节点, 3725 关系

📦 处理批次 118 (第 586-590 条)...
  ✅ 本批次: +32 节点, +42 关系
  📊 累计: 2872 节点, 3767 关系

📦 处理批次 119 (第 591-595 条)...
  ✅ 本批次: +21 节点, +34 关系
  📊 累计: 2893 节点, 3801 关系

📦 处理批次 120 (第 596-600 条)...
  ✅ 本批次: +12 节点, +14 关系
  📊 累计: 2905 节点, 3815 关系

📦 处理批次 121 (第 601-605 条)...
  ✅ 本批次: +19 节点, +25 关系
  📊 累计: 2924 节点, 3840 关系

📦 处理批次 122 (第 606-610 条)...
  ✅ 本批次: +30 节点, +34 关系
  📊 累计: 2954 节点, 3874 关系

📦 处理批次 123 (第 611-615 条)...
  ✅ 本批次: +4 节点, +18 关系
  📊 累计: 2958 节点, 3892 关系

📦 处理批次 124 (第 616-620 条)...
  ✅ 本批次: +23 节点, +34 关系
  📊 累计: 2981 节点, 3926 关系

📦 处理批次 125 (第 621-625 条)...
  ✅ 本批次: +23 节点, +28 关系
  📊 累计: 3004 节点, 3954 关系

📦 处理批次 126 (第 626-630 条)...
  ✅ 本批次: +16 节点, +30 关系
  📊 累计: 3020 节点, 3984 关系

📦 处理批次 127 (第 631-635 条)...
  ✅ 本批次: +35 节点, +42 关系
  📊 累计: 3055 节点, 4026 关系

📦 处理批次 128 (第 636-640 条)...
  ✅ 本批次: +15 节点, +31 关系
  📊 累计: 3070 节点, 4057 关系

📦 处理批次 129 (第 641-645 条)...
  ✅ 本批次: +18 节点, +33 关系
  📊 累计: 3088 节点, 4090 关系

📦 处理批次 130 (第 646-650 条)...
  ✅ 本批次: +38 节点, +45 关系
  📊 累计: 3126 节点, 4135 关系

📦 处理批次 131 (第 651-655 条)...
  ✅ 本批次: +17 节点, +30 关系
  📊 累计: 3143 节点, 4165 关系

📦 处理批次 132 (第 656-660 条)...
  ✅ 本批次: +26 节点, +34 关系
  📊 累计: 3169 节点, 4199 关系

📦 处理批次 133 (第 661-665 条)...
  ✅ 本批次: +27 节点, +38 关系
  📊 累计: 3196 节点, 4237 关系

📦 处理批次 134 (第 666-670 条)...
  ✅ 本批次: +20 节点, +29 关系
  📊 累计: 3216 节点, 4266 关系

📦 处理批次 135 (第 671-675 条)...
  ✅ 本批次: +15 节点, +21 关系
  📊 累计: 3231 节点, 4287 关系

📦 处理批次 136 (第 676-680 条)...
  ✅ 本批次: +31 节点, +44 关系
  📊 累计: 3262 节点, 4331 关系

📦 处理批次 137 (第 681-685 条)...
  ✅ 本批次: +25 节点, +38 关系
  📊 累计: 3287 节点, 4369 关系

📦 处理批次 138 (第 686-690 条)...
  ✅ 本批次: +17 节点, +25 关系
  📊 累计: 3304 节点, 4394 关系

📦 处理批次 139 (第 691-695 条)...
  ✅ 本批次: +8 节点, +16 关系
  📊 累计: 3312 节点, 4410 关系

📦 处理批次 140 (第 696-700 条)...
  ✅ 本批次: +24 节点, +34 关系
  📊 累计: 3336 节点, 4444 关系

📦 处理批次 141 (第 701-705 条)...
  ✅ 本批次: +34 节点, +45 关系
  📊 累计: 3370 节点, 4489 关系

📦 处理批次 142 (第 706-710 条)...
  ✅ 本批次: +20 节点, +35 关系
  📊 累计: 3390 节点, 4524 关系

📦 处理批次 143 (第 711-715 条)...
  ✅ 本批次: +46 节点, +56 关系
  📊 累计: 3436 节点, 4580 关系

📦 处理批次 144 (第 716-720 条)...
  ✅ 本批次: +15 节点, +37 关系
  📊 累计: 3451 节点, 4617 关系

📦 处理批次 145 (第 721-725 条)...
  ✅ 本批次: +26 节点, +44 关系
  📊 累计: 3477 节点, 4661 关系

📦 处理批次 146 (第 726-730 条)...
  ✅ 本批次: +22 节点, +36 关系
  📊 累计: 3499 节点, 4697 关系

📦 处理批次 147 (第 731-735 条)...
  ✅ 本批次: +13 节点, +33 关系
  📊 累计: 3512 节点, 4730 关系

📦 处理批次 148 (第 736-740 条)...
  ✅ 本批次: +9 节点, +20 关系
  📊 累计: 3521 节点, 4750 关系

📦 处理批次 149 (第 741-745 条)...
  ✅ 本批次: +9 节点, +17 关系
  📊 累计: 3530 节点, 4767 关系

📦 处理批次 150 (第 746-750 条)...
  ✅ 本批次: +25 节点, +42 关系
  📊 累计: 3555 节点, 4809 关系

📦 处理批次 151 (第 751-755 条)...
  ✅ 本批次: +21 节点, +32 关系
  📊 累计: 3576 节点, 4841 关系

📦 处理批次 152 (第 756-760 条)...
  ✅ 本批次: +28 节点, +39 关系
  📊 累计: 3604 节点, 4880 关系

📦 处理批次 153 (第 761-765 条)...
  ✅ 本批次: +18 节点, +30 关系
  📊 累计: 3622 节点, 4910 关系

📦 处理批次 154 (第 766-770 条)...
  ✅ 本批次: +22 节点, +26 关系
  📊 累计: 3644 节点, 4936 关系

📦 处理批次 155 (第 771-775 条)...
  ✅ 本批次: +31 节点, +34 关系
  📊 累计: 3675 节点, 4970 关系

📦 处理批次 156 (第 776-780 条)...
  ✅ 本批次: +4 节点, +18 关系
  📊 累计: 3679 节点, 4988 关系

📦 处理批次 157 (第 781-785 条)...
  ✅ 本批次: +13 节点, +29 关系
  📊 累计: 3692 节点, 5017 关系

📦 处理批次 158 (第 786-790 条)...
  ✅ 本批次: +10 节点, +21 关系
  📊 累计: 3702 节点, 5038 关系

📦 处理批次 159 (第 791-795 条)...
  ✅ 本批次: +23 节点, +39 关系
  📊 累计: 3725 节点, 5077 关系

📦 处理批次 160 (第 796-800 条)...
  ✅ 本批次: +13 节点, +25 关系
  📊 累计: 3738 节点, 5102 关系

📦 处理批次 161 (第 801-805 条)...
  ✅ 本批次: +15 节点, +26 关系
  📊 累计: 3753 节点, 5128 关系

📦 处理批次 162 (第 806-810 条)...
  ✅ 本批次: +9 节点, +17 关系
  📊 累计: 3762 节点, 5145 关系

📦 处理批次 163 (第 811-815 条)...
  ✅ 本批次: +7 节点, +10 关系
  📊 累计: 3769 节点, 5155 关系

📦 处理批次 164 (第 816-820 条)...
  ✅ 本批次: +25 节点, +35 关系
  📊 累计: 3794 节点, 5190 关系

📦 处理批次 165 (第 821-825 条)...
  ✅ 本批次: +13 节点, +29 关系
  📊 累计: 3807 节点, 5219 关系

📦 处理批次 166 (第 826-830 条)...
  ✅ 本批次: +2 节点, +3 关系
  📊 累计: 3809 节点, 5222 关系

📦 处理批次 167 (第 831-835 条)...
  ✅ 本批次: +21 节点, +41 关系
  📊 累计: 3830 节点, 5263 关系

📦 处理批次 168 (第 836-840 条)...
  ✅ 本批次: +14 节点, +19 关系
  📊 累计: 3844 节点, 5282 关系

📦 处理批次 169 (第 841-845 条)...
  ✅ 本批次: +11 节点, +16 关系
  📊 累计: 3855 节点, 5298 关系

📦 处理批次 170 (第 846-850 条)...
  ✅ 本批次: +27 节点, +27 关系
  📊 累计: 3882 节点, 5325 关系

📦 处理批次 171 (第 851-855 条)...
  ✅ 本批次: +28 节点, +27 关系
  📊 累计: 3910 节点, 5352 关系

📦 处理批次 172 (第 856-860 条)...
  ✅ 本批次: +15 节点, +31 关系
  📊 累计: 3925 节点, 5383 关系

📦 处理批次 173 (第 861-865 条)...
  ✅ 本批次: +21 节点, +36 关系
  📊 累计: 3946 节点, 5419 关系

📦 处理批次 174 (第 866-870 条)...
  ✅ 本批次: +19 节点, +29 关系
  📊 累计: 3965 节点, 5448 关系

📦 处理批次 175 (第 871-875 条)...
  ✅ 本批次: +19 节点, +30 关系
  📊 累计: 3984 节点, 5478 关系

📦 处理批次 176 (第 876-880 条)...
  ✅ 本批次: +2 节点, +8 关系
  📊 累计: 3986 节点, 5486 关系

📦 处理批次 177 (第 881-885 条)...
  ✅ 本批次: +17 节点, +27 关系
  📊 累计: 4003 节点, 5513 关系

📦 处理批次 178 (第 886-890 条)...
  ✅ 本批次: +29 节点, +52 关系
  📊 累计: 4032 节点, 5565 关系

📦 处理批次 179 (第 891-895 条)...
  ✅ 本批次: +29 节点, +56 关系
  📊 累计: 4061 节点, 5621 关系

📦 处理批次 180 (第 896-900 条)...
  ✅ 本批次: +28 节点, +33 关系
  📊 累计: 4089 节点, 5654 关系

📦 处理批次 181 (第 901-905 条)...
  ✅ 本批次: +25 节点, +39 关系
  📊 累计: 4114 节点, 5693 关系

📦 处理批次 182 (第 906-910 条)...
  ✅ 本批次: +8 节点, +27 关系
  📊 累计: 4122 节点, 5720 关系

📦 处理批次 183 (第 911-915 条)...
  ✅ 本批次: +33 节点, +48 关系
  📊 累计: 4155 节点, 5768 关系

📦 处理批次 184 (第 916-920 条)...
  ✅ 本批次: +25 节点, +32 关系
  📊 累计: 4180 节点, 5800 关系

📦 处理批次 185 (第 921-925 条)...
  ✅ 本批次: +16 节点, +36 关系
  📊 累计: 4196 节点, 5836 关系

📦 处理批次 186 (第 926-930 条)...
  ✅ 本批次: +40 节点, +53 关系
  📊 累计: 4236 节点, 5889 关系

📦 处理批次 187 (第 931-935 条)...
  ✅ 本批次: +23 节点, +45 关系
  📊 累计: 4259 节点, 5934 关系

📦 处理批次 188 (第 936-940 条)...
  ✅ 本批次: +13 节点, +15 关系
  📊 累计: 4272 节点, 5949 关系

📦 处理批次 189 (第 941-945 条)...
  ✅ 本批次: +23 节点, +36 关系
  📊 累计: 4295 节点, 5985 关系

📦 处理批次 190 (第 946-950 条)...
  ✅ 本批次: +21 节点, +32 关系
  📊 累计: 4316 节点, 6017 关系

📦 处理批次 191 (第 951-955 条)...
  ✅ 本批次: +24 节点, +37 关系
  📊 累计: 4340 节点, 6054 关系

📦 处理批次 192 (第 956-960 条)...
  ✅ 本批次: +38 节点, +38 关系
  📊 累计: 4378 节点, 6092 关系

📦 处理批次 193 (第 961-965 条)...
  ✅ 本批次: +15 节点, +32 关系
  📊 累计: 4393 节点, 6124 关系

📦 处理批次 194 (第 966-970 条)...
  ✅ 本批次: +15 节点, +24 关系
  📊 累计: 4408 节点, 6148 关系

📦 处理批次 195 (第 971-975 条)...
  ✅ 本批次: +3 节点, +18 关系
  📊 累计: 4411 节点, 6166 关系

📦 处理批次 196 (第 976-980 条)...
  ✅ 本批次: +6 节点, +15 关系
  📊 累计: 4417 节点, 6181 关系

📦 处理批次 197 (第 981-985 条)...
  ✅ 本批次: +9 节点, +28 关系
  📊 累计: 4426 节点, 6209 关系

📦 处理批次 198 (第 986-990 条)...
  ✅ 本批次: +25 节点, +53 关系
  📊 累计: 4451 节点, 6262 关系

📦 处理批次 199 (第 991-995 条)...
  ✅ 本批次: +35 节点, +46 关系
  📊 累计: 4486 节点, 6308 关系

📦 处理批次 200 (第 996-1000 条)...
  ✅ 本批次: +12 节点, +31 关系
  📊 累计: 4498 节点, 6339 关系

📦 处理批次 201 (第 1001-1005 条)...
  ✅ 本批次: +18 节点, +36 关系
  📊 累计: 4516 节点, 6375 关系

📦 处理批次 202 (第 1006-1010 条)...
  ✅ 本批次: +18 节点, +31 关系
  📊 累计: 4534 节点, 6406 关系

📦 处理批次 203 (第 1011-1015 条)...
  ✅ 本批次: +14 节点, +28 关系
  📊 累计: 4548 节点, 6434 关系

📦 处理批次 204 (第 1016-1020 条)...
  ✅ 本批次: +16 节点, +28 关系
  📊 累计: 4564 节点, 6462 关系

📦 处理批次 205 (第 1021-1025 条)...
  ✅ 本批次: +31 节点, +36 关系
  📊 累计: 4595 节点, 6498 关系

📦 处理批次 206 (第 1026-1030 条)...
  ✅ 本批次: +5 节点, +20 关系
  📊 累计: 4600 节点, 6518 关系

📦 处理批次 207 (第 1031-1035 条)...
  ✅ 本批次: +16 节点, +23 关系
  📊 累计: 4616 节点, 6541 关系

📦 处理批次 208 (第 1036-1040 条)...
  ✅ 本批次: +23 节点, +38 关系
  📊 累计: 4639 节点, 6579 关系

📦 处理批次 209 (第 1041-1045 条)...
  ✅ 本批次: +37 节点, +52 关系
  📊 累计: 4676 节点, 6631 关系

📦 处理批次 210 (第 1046-1050 条)...
  ✅ 本批次: +16 节点, +35 关系
  📊 累计: 4692 节点, 6666 关系

📦 处理批次 211 (第 1051-1055 条)...
  ✅ 本批次: +43 节点, +46 关系
  📊 累计: 4735 节点, 6712 关系

📦 处理批次 212 (第 1056-1060 条)...
  ✅ 本批次: +27 节点, +34 关系
  📊 累计: 4762 节点, 6746 关系

📦 处理批次 213 (第 1061-1065 条)...
  ✅ 本批次: +5 节点, +24 关系
  📊 累计: 4767 节点, 6770 关系

📦 处理批次 214 (第 1066-1070 条)...
  ✅ 本批次: +20 节点, +45 关系
  📊 累计: 4787 节点, 6815 关系

📦 处理批次 215 (第 1071-1075 条)...
  ✅ 本批次: +13 节点, +23 关系
  📊 累计: 4800 节点, 6838 关系

📦 处理批次 216 (第 1076-1080 条)...
  ✅ 本批次: +17 节点, +22 关系
  📊 累计: 4817 节点, 6860 关系

📦 处理批次 217 (第 1081-1085 条)...
  ✅ 本批次: +23 节点, +34 关系
  📊 累计: 4840 节点, 6894 关系

📦 处理批次 218 (第 1086-1090 条)...
  ✅ 本批次: +11 节点, +19 关系
  📊 累计: 4851 节点, 6913 关系

📦 处理批次 219 (第 1091-1095 条)...
  ✅ 本批次: +34 节点, +45 关系
  📊 累计: 4885 节点, 6958 关系

📦 处理批次 220 (第 1096-1100 条)...
  ✅ 本批次: +17 节点, +24 关系
  📊 累计: 4902 节点, 6982 关系

📦 处理批次 221 (第 1101-1105 条)...
  ✅ 本批次: +2 节点, +7 关系
  📊 累计: 4904 节点, 6989 关系

📦 处理批次 222 (第 1106-1110 条)...
  ✅ 本批次: +31 节点, +35 关系
  📊 累计: 4935 节点, 7024 关系

📦 处理批次 223 (第 1111-1115 条)...
  ✅ 本批次: +23 节点, +41 关系
  📊 累计: 4958 节点, 7065 关系

📦 处理批次 224 (第 1116-1120 条)...
  ✅ 本批次: +18 节点, +31 关系
  📊 累计: 4976 节点, 7096 关系

📦 处理批次 225 (第 1121-1125 条)...
  ✅ 本批次: +14 节点, +25 关系
  📊 累计: 4990 节点, 7121 关系

📦 处理批次 226 (第 1126-1130 条)...
  ✅ 本批次: +23 节点, +37 关系
  📊 累计: 5013 节点, 7158 关系

📦 处理批次 227 (第 1131-1135 条)...
  ✅ 本批次: +17 节点, +47 关系
  📊 累计: 5030 节点, 7205 关系

📦 处理批次 228 (第 1136-1140 条)...
  ✅ 本批次: +39 节点, +55 关系
  📊 累计: 5069 节点, 7260 关系

📦 处理批次 229 (第 1141-1145 条)...
  ✅ 本批次: +30 节点, +41 关系
  📊 累计: 5099 节点, 7301 关系

📦 处理批次 230 (第 1146-1150 条)...
  ✅ 本批次: +14 节点, +30 关系
  📊 累计: 5113 节点, 7331 关系

📦 处理批次 231 (第 1151-1155 条)...
  ✅ 本批次: +26 节点, +38 关系
  📊 累计: 5139 节点, 7369 关系

📦 处理批次 232 (第 1156-1160 条)...
  ✅ 本批次: +17 节点, +35 关系
  📊 累计: 5156 节点, 7404 关系

📦 处理批次 233 (第 1161-1165 条)...
  ✅ 本批次: +37 节点, +47 关系
  📊 累计: 5193 节点, 7451 关系

📦 处理批次 234 (第 1166-1170 条)...
  ✅ 本批次: +11 节点, +16 关系
  📊 累计: 5204 节点, 7467 关系

📦 处理批次 235 (第 1171-1175 条)...
  ✅ 本批次: +11 节点, +20 关系
  📊 累计: 5215 节点, 7487 关系

📦 处理批次 236 (第 1176-1180 条)...
  ✅ 本批次: +11 节点, +29 关系
  📊 累计: 5226 节点, 7516 关系

📦 处理批次 237 (第 1181-1185 条)...
  ✅ 本批次: +21 节点, +45 关系
  📊 累计: 5247 节点, 7561 关系

📦 处理批次 238 (第 1186-1190 条)...
  ✅ 本批次: +34 节点, +62 关系
  📊 累计: 5281 节点, 7623 关系

📦 处理批次 239 (第 1191-1195 条)...
  ✅ 本批次: +20 节点, +36 关系
  📊 累计: 5301 节点, 7659 关系

📦 处理批次 240 (第 1196-1200 条)...
  ✅ 本批次: +4 节点, +28 关系
  📊 累计: 5305 节点, 7687 关系

📦 处理批次 241 (第 1201-1205 条)...
  ✅ 本批次: +22 节点, +41 关系
  📊 累计: 5327 节点, 7728 关系

📦 处理批次 242 (第 1206-1210 条)...
  ✅ 本批次: +26 节点, +48 关系
  📊 累计: 5353 节点, 7776 关系

📦 处理批次 243 (第 1211-1215 条)...
  ✅ 本批次: +22 节点, +34 关系
  📊 累计: 5375 节点, 7810 关系

📦 处理批次 244 (第 1216-1220 条)...
  ✅ 本批次: +15 节点, +35 关系
  📊 累计: 5390 节点, 7845 关系

📦 处理批次 245 (第 1221-1225 条)...
  ✅ 本批次: +17 节点, +35 关系
  📊 累计: 5407 节点, 7880 关系

📦 处理批次 246 (第 1226-1230 条)...
  ✅ 本批次: +23 节点, +34 关系
  📊 累计: 5430 节点, 7914 关系

📦 处理批次 247 (第 1231-1235 条)...
  ✅ 本批次: +40 节点, +47 关系
  📊 累计: 5470 节点, 7961 关系

📦 处理批次 248 (第 1236-1240 条)...
  ✅ 本批次: +27 节点, +35 关系
  📊 累计: 5497 节点, 7996 关系

📦 处理批次 249 (第 1241-1245 条)...
  ✅ 本批次: +17 节点, +24 关系
  📊 累计: 5514 节点, 8020 关系

📦 处理批次 250 (第 1246-1250 条)...
  ✅ 本批次: +29 节点, +50 关系
  📊 累计: 5543 节点, 8070 关系

📦 处理批次 251 (第 1251-1255 条)...
  ✅ 本批次: +27 节点, +38 关系
  📊 累计: 5570 节点, 8108 关系

📦 处理批次 252 (第 1256-1260 条)...
  ✅ 本批次: +38 节点, +47 关系
  📊 累计: 5608 节点, 8155 关系

📦 处理批次 253 (第 1261-1265 条)...
  ✅ 本批次: +34 节点, +43 关系
  📊 累计: 5642 节点, 8198 关系

📦 处理批次 254 (第 1266-1270 条)...
  ✅ 本批次: +26 节点, +33 关系
  📊 累计: 5668 节点, 8231 关系

📦 处理批次 255 (第 1271-1275 条)...
  ✅ 本批次: +20 节点, +24 关系
  📊 累计: 5688 节点, 8255 关系

📦 处理批次 256 (第 1276-1280 条)...
  ✅ 本批次: +33 节点, +47 关系
  📊 累计: 5721 节点, 8302 关系

📦 处理批次 257 (第 1281-1285 条)...
  ✅ 本批次: +12 节点, +27 关系
  📊 累计: 5733 节点, 8329 关系

📦 处理批次 258 (第 1286-1290 条)...
  ✅ 本批次: +9 节点, +32 关系
  📊 累计: 5742 节点, 8361 关系

📦 处理批次 259 (第 1291-1295 条)...
  ✅ 本批次: +28 节点, +37 关系
  📊 累计: 5770 节点, 8398 关系

📦 处理批次 260 (第 1296-1300 条)...
  ✅ 本批次: +32 节点, +46 关系
  📊 累计: 5802 节点, 8444 关系

📦 处理批次 261 (第 1301-1305 条)...
  ✅ 本批次: +5 节点, +13 关系
  📊 累计: 5807 节点, 8457 关系

📦 处理批次 262 (第 1306-1310 条)...
  ✅ 本批次: +30 节点, +48 关系
  📊 累计: 5837 节点, 8505 关系

📦 处理批次 263 (第 1311-1315 条)...
  ✅ 本批次: +16 节点, +35 关系
  📊 累计: 5853 节点, 8540 关系

📦 处理批次 264 (第 1316-1320 条)...
  ✅ 本批次: +30 节点, +50 关系
  📊 累计: 5883 节点, 8590 关系

📦 处理批次 265 (第 1321-1325 条)...
  ✅ 本批次: +15 节点, +27 关系
  📊 累计: 5898 节点, 8617 关系

📦 处理批次 266 (第 1326-1330 条)...
  ✅ 本批次: +12 节点, +20 关系
  📊 累计: 5910 节点, 8637 关系

📦 处理批次 267 (第 1331-1335 条)...
  ✅ 本批次: +16 节点, +33 关系
  📊 累计: 5926 节点, 8670 关系

📦 处理批次 268 (第 1336-1340 条)...
  ✅ 本批次: +29 节点, +44 关系
  📊 累计: 5955 节点, 8714 关系

📦 处理批次 269 (第 1341-1345 条)...
  ✅ 本批次: +28 节点, +49 关系
  📊 累计: 5983 节点, 8763 关系

📦 处理批次 270 (第 1346-1350 条)...
  ✅ 本批次: +11 节点, +28 关系
  📊 累计: 5994 节点, 8791 关系

📦 处理批次 271 (第 1351-1355 条)...
  ✅ 本批次: +24 节点, +32 关系
  📊 累计: 6018 节点, 8823 关系

📦 处理批次 272 (第 1356-1360 条)...
  ✅ 本批次: +19 节点, +31 关系
  📊 累计: 6037 节点, 8854 关系

📦 处理批次 273 (第 1361-1365 条)...
  ✅ 本批次: +19 节点, +23 关系
  📊 累计: 6056 节点, 8877 关系

📦 处理批次 274 (第 1366-1370 条)...
  ✅ 本批次: +18 节点, +25 关系
  📊 累计: 6074 节点, 8902 关系

📦 处理批次 275 (第 1371-1375 条)...
  ✅ 本批次: +11 节点, +26 关系
  📊 累计: 6085 节点, 8928 关系

📦 处理批次 276 (第 1376-1380 条)...
  ✅ 本批次: +19 节点, +37 关系
  📊 累计: 6104 节点, 8965 关系

📦 处理批次 277 (第 1381-1385 条)...
  ✅ 本批次: +17 节点, +23 关系
  📊 累计: 6121 节点, 8988 关系

📦 处理批次 278 (第 1386-1390 条)...
  ✅ 本批次: +17 节点, +38 关系
  📊 累计: 6138 节点, 9026 关系

📦 处理批次 279 (第 1391-1395 条)...
  ✅ 本批次: +24 节点, +38 关系
  📊 累计: 6162 节点, 9064 关系

📦 处理批次 280 (第 1396-1400 条)...
  ✅ 本批次: +22 节点, +35 关系
  📊 累计: 6184 节点, 9099 关系

📦 处理批次 281 (第 1401-1405 条)...
  ✅ 本批次: +9 节点, +36 关系
  📊 累计: 6193 节点, 9135 关系

📦 处理批次 282 (第 1406-1410 条)...
  ✅ 本批次: +34 节点, +46 关系
  📊 累计: 6227 节点, 9181 关系

📦 处理批次 283 (第 1411-1415 条)...
  ✅ 本批次: +17 节点, +30 关系
  📊 累计: 6244 节点, 9211 关系

📦 处理批次 284 (第 1416-1420 条)...
  ✅ 本批次: +17 节点, +30 关系
  📊 累计: 6261 节点, 9241 关系

📦 处理批次 285 (第 1421-1425 条)...
  ✅ 本批次: +16 节点, +34 关系
  📊 累计: 6277 节点, 9275 关系

📦 处理批次 286 (第 1426-1430 条)...
  ✅ 本批次: +11 节点, +25 关系
  📊 累计: 6288 节点, 9300 关系

📦 处理批次 287 (第 1431-1435 条)...
  ✅ 本批次: +25 节点, +39 关系
  📊 累计: 6313 节点, 9339 关系

📦 处理批次 288 (第 1436-1440 条)...
  ✅ 本批次: +8 节点, +26 关系
  📊 累计: 6321 节点, 9365 关系

📦 处理批次 289 (第 1441-1445 条)...
  ✅ 本批次: +10 节点, +21 关系
  📊 累计: 6331 节点, 9386 关系

📦 处理批次 290 (第 1446-1450 条)...
  ✅ 本批次: +6 节点, +8 关系
  📊 累计: 6337 节点, 9394 关系

📦 处理批次 291 (第 1451-1455 条)...
  ✅ 本批次: +19 节点, +28 关系
  📊 累计: 6356 节点, 9422 关系

📦 处理批次 292 (第 1456-1460 条)...
  ✅ 本批次: +43 节点, +42 关系
  📊 累计: 6399 节点, 9464 关系

📦 处理批次 293 (第 1461-1465 条)...
  ✅ 本批次: +4 节点, +13 关系
  📊 累计: 6403 节点, 9477 关系

📦 处理批次 294 (第 1466-1470 条)...
  ✅ 本批次: +7 节点, +19 关系
  📊 累计: 6410 节点, 9496 关系

📦 处理批次 295 (第 1471-1475 条)...
  ✅ 本批次: +17 节点, +40 关系
  📊 累计: 6427 节点, 9536 关系

📦 处理批次 296 (第 1476-1480 条)...
  ✅ 本批次: +29 节点, +35 关系
  📊 累计: 6456 节点, 9571 关系

📦 处理批次 297 (第 1481-1485 条)...
  ✅ 本批次: +25 节点, +41 关系
  📊 累计: 6481 节点, 9612 关系

📦 处理批次 298 (第 1486-1490 条)...
  ✅ 本批次: +19 节点, +32 关系
  📊 累计: 6500 节点, 9644 关系

📦 处理批次 299 (第 1491-1495 条)...
  ✅ 本批次: +17 节点, +36 关系
  📊 累计: 6517 节点, 9680 关系

📦 处理批次 300 (第 1496-1500 条)...
  ✅ 本批次: +21 节点, +40 关系
  📊 累计: 6538 节点, 9720 关系

📦 处理批次 301 (第 1501-1505 条)...
  ✅ 本批次: +13 节点, +33 关系
  📊 累计: 6551 节点, 9753 关系

📦 处理批次 302 (第 1506-1510 条)...
  ✅ 本批次: +25 节点, +36 关系
  📊 累计: 6576 节点, 9789 关系

📦 处理批次 303 (第 1511-1515 条)...
  ✅ 本批次: +12 节点, +23 关系
  📊 累计: 6588 节点, 9812 关系

📦 处理批次 304 (第 1516-1520 条)...
  ✅ 本批次: +11 节点, +35 关系
  📊 累计: 6599 节点, 9847 关系

📦 处理批次 305 (第 1521-1525 条)...
  ✅ 本批次: +47 节点, +68 关系
  📊 累计: 6646 节点, 9915 关系

📦 处理批次 306 (第 1526-1530 条)...
  ✅ 本批次: +26 节点, +42 关系
  📊 累计: 6672 节点, 9957 关系

📦 处理批次 307 (第 1531-1535 条)...
  ✅ 本批次: +16 节点, +38 关系
  📊 累计: 6688 节点, 9995 关系

📦 处理批次 308 (第 1536-1540 条)...
  ✅ 本批次: +19 节点, +37 关系
  📊 累计: 6707 节点, 10032 关系

📦 处理批次 309 (第 1541-1545 条)...
  ✅ 本批次: +29 节点, +37 关系
  📊 累计: 6736 节点, 10069 关系

📦 处理批次 310 (第 1546-1550 条)...
  ✅ 本批次: +31 节点, +41 关系
  📊 累计: 6767 节点, 10110 关系

📦 处理批次 311 (第 1551-1555 条)...
  ✅ 本批次: +20 节点, +49 关系
  📊 累计: 6787 节点, 10159 关系

📦 处理批次 312 (第 1556-1560 条)...
  ✅ 本批次: +39 节点, +51 关系
  📊 累计: 6826 节点, 10210 关系

📦 处理批次 313 (第 1561-1565 条)...
  ✅ 本批次: +18 节点, +25 关系
  📊 累计: 6844 节点, 10235 关系

📦 处理批次 314 (第 1566-1570 条)...
  ✅ 本批次: +32 节点, +50 关系
  📊 累计: 6876 节点, 10285 关系

📦 处理批次 315 (第 1571-1575 条)...
  ✅ 本批次: +20 节点, +35 关系
  📊 累计: 6896 节点, 10320 关系

📦 处理批次 316 (第 1576-1580 条)...
  ✅ 本批次: +22 节点, +37 关系
  📊 累计: 6918 节点, 10357 关系

📦 处理批次 317 (第 1581-1585 条)...
  ✅ 本批次: +27 节点, +34 关系
  📊 累计: 6945 节点, 10391 关系

📦 处理批次 318 (第 1586-1590 条)...
  ✅ 本批次: +22 节点, +31 关系
  📊 累计: 6967 节点, 10422 关系

📦 处理批次 319 (第 1591-1595 条)...
  ✅ 本批次: +42 节点, +47 关系
  📊 累计: 7009 节点, 10469 关系

📦 处理批次 320 (第 1596-1600 条)...
  ✅ 本批次: +20 节点, +40 关系
  📊 累计: 7029 节点, 10509 关系

📦 处理批次 321 (第 1601-1605 条)...
  ✅ 本批次: +15 节点, +35 关系
  📊 累计: 7044 节点, 10544 关系

📦 处理批次 322 (第 1606-1610 条)...
  ✅ 本批次: +3 节点, +13 关系
  📊 累计: 7047 节点, 10557 关系

📦 处理批次 323 (第 1611-1615 条)...
  ✅ 本批次: +20 节点, +35 关系
  📊 累计: 7067 节点, 10592 关系

📦 处理批次 324 (第 1616-1620 条)...
  ✅ 本批次: +15 节点, +34 关系
  📊 累计: 7082 节点, 10626 关系

📦 处理批次 325 (第 1621-1625 条)...
  ✅ 本批次: +6 节点, +19 关系
  📊 累计: 7088 节点, 10645 关系

📦 处理批次 326 (第 1626-1630 条)...
  ✅ 本批次: +20 节点, +33 关系
  📊 累计: 7108 节点, 10678 关系

📦 处理批次 327 (第 1631-1635 条)...
  ✅ 本批次: +16 节点, +24 关系
  📊 累计: 7124 节点, 10702 关系

📦 处理批次 328 (第 1636-1640 条)...
  ✅ 本批次: +21 节点, +38 关系
  📊 累计: 7145 节点, 10740 关系

📦 处理批次 329 (第 1641-1645 条)...
  ✅ 本批次: +20 节点, +42 关系
  📊 累计: 7165 节点, 10782 关系

📦 处理批次 330 (第 1646-1650 条)...
  ✅ 本批次: +29 节点, +37 关系
  📊 累计: 7194 节点, 10819 关系

📦 处理批次 331 (第 1651-1655 条)...
  ✅ 本批次: +19 节点, +42 关系
  📊 累计: 7213 节点, 10861 关系

📦 处理批次 332 (第 1656-1660 条)...
  ✅ 本批次: +12 节点, +34 关系
  📊 累计: 7225 节点, 10895 关系

📦 处理批次 333 (第 1661-1665 条)...
  ✅ 本批次: +18 节点, +31 关系
  📊 累计: 7243 节点, 10926 关系

📦 处理批次 334 (第 1666-1670 条)...
  ✅ 本批次: +17 节点, +33 关系
  📊 累计: 7260 节点, 10959 关系

📦 处理批次 335 (第 1671-1675 条)...
  ✅ 本批次: +27 节点, +41 关系
  📊 累计: 7287 节点, 11000 关系

📦 处理批次 336 (第 1676-1680 条)...
  ✅ 本批次: +16 节点, +32 关系
  📊 累计: 7303 节点, 11032 关系

📦 处理批次 337 (第 1681-1685 条)...
  ✅ 本批次: +13 节点, +20 关系
  📊 累计: 7316 节点, 11052 关系

📦 处理批次 338 (第 1686-1690 条)...
  ✅ 本批次: +3 节点, +7 关系
  📊 累计: 7319 节点, 11059 关系

📦 处理批次 339 (第 1691-1695 条)...
  ✅ 本批次: +7 节点, +19 关系
  📊 累计: 7326 节点, 11078 关系

📦 处理批次 340 (第 1696-1700 条)...
  ✅ 本批次: +10 节点, +32 关系
  📊 累计: 7336 节点, 11110 关系

📦 处理批次 341 (第 1701-1705 条)...
  ✅ 本批次: +26 节点, +39 关系
  📊 累计: 7362 节点, 11149 关系

📦 处理批次 342 (第 1706-1710 条)...
  ✅ 本批次: +26 节点, +42 关系
  📊 累计: 7388 节点, 11191 关系

📦 处理批次 343 (第 1711-1715 条)...
  ✅ 本批次: +32 节点, +40 关系
  📊 累计: 7420 节点, 11231 关系

📦 处理批次 344 (第 1716-1720 条)...
  ✅ 本批次: +13 节点, +34 关系
  📊 累计: 7433 节点, 11265 关系

📦 处理批次 345 (第 1721-1725 条)...
  ✅ 本批次: +24 节点, +27 关系
  📊 累计: 7457 节点, 11292 关系

📦 处理批次 346 (第 1726-1730 条)...
  ✅ 本批次: +7 节点, +26 关系
  📊 累计: 7464 节点, 11318 关系

📦 处理批次 347 (第 1731-1735 条)...
  ✅ 本批次: +29 节点, +36 关系
  📊 累计: 7493 节点, 11354 关系

📦 处理批次 348 (第 1736-1740 条)...
  ✅ 本批次: +23 节点, +38 关系
  📊 累计: 7516 节点, 11392 关系

📦 处理批次 349 (第 1741-1745 条)...
  ✅ 本批次: +26 节点, +37 关系
  📊 累计: 7542 节点, 11429 关系

📦 处理批次 350 (第 1746-1750 条)...
  ✅ 本批次: +43 节点, +63 关系
  📊 累计: 7585 节点, 11492 关系

📦 处理批次 351 (第 1751-1755 条)...
  ✅ 本批次: +9 节点, +21 关系
  📊 累计: 7594 节点, 11513 关系

📦 处理批次 352 (第 1756-1760 条)...
  ✅ 本批次: +29 节点, +41 关系
  📊 累计: 7623 节点, 11554 关系

📦 处理批次 353 (第 1761-1765 条)...
  ✅ 本批次: +8 节点, +19 关系
  📊 累计: 7631 节点, 11573 关系

📦 处理批次 354 (第 1766-1770 条)...
  ✅ 本批次: +22 节点, +34 关系
  📊 累计: 7653 节点, 11607 关系

📦 处理批次 355 (第 1771-1775 条)...
  ✅ 本批次: +15 节点, +31 关系
  📊 累计: 7668 节点, 11638 关系

📦 处理批次 356 (第 1776-1780 条)...
  ✅ 本批次: +19 节点, +36 关系
  📊 累计: 7687 节点, 11674 关系

📦 处理批次 357 (第 1781-1785 条)...
  ✅ 本批次: +22 节点, +36 关系
  📊 累计: 7709 节点, 11710 关系

📦 处理批次 358 (第 1786-1790 条)...
  ✅ 本批次: +20 节点, +40 关系
  📊 累计: 7729 节点, 11750 关系

📦 处理批次 359 (第 1791-1795 条)...
  ✅ 本批次: +8 节点, +19 关系
  📊 累计: 7737 节点, 11769 关系

📦 处理批次 360 (第 1796-1800 条)...
  ✅ 本批次: +18 节点, +38 关系
  📊 累计: 7755 节点, 11807 关系

📦 处理批次 361 (第 1801-1805 条)...
  ✅ 本批次: +2 节点, +12 关系
  📊 累计: 7757 节点, 11819 关系

📦 处理批次 362 (第 1806-1810 条)...
  ✅ 本批次: +0 节点, +4 关系
  📊 累计: 7757 节点, 11823 关系

📦 处理批次 363 (第 1811-1815 条)...
  ✅ 本批次: +34 节点, +40 关系
  📊 累计: 7791 节点, 11863 关系

📦 处理批次 364 (第 1816-1820 条)...
  ✅ 本批次: +13 节点, +31 关系
  📊 累计: 7804 节点, 11894 关系

📦 处理批次 365 (第 1821-1825 条)...
  ✅ 本批次: +25 节点, +41 关系
  📊 累计: 7829 节点, 11935 关系

📦 处理批次 366 (第 1826-1830 条)...
  ✅ 本批次: +8 节点, +12 关系
  📊 累计: 7837 节点, 11947 关系

📦 处理批次 367 (第 1831-1835 条)...
  ✅ 本批次: +33 节点, +49 关系
  📊 累计: 7870 节点, 11996 关系

📦 处理批次 368 (第 1836-1840 条)...
  ✅ 本批次: +29 节点, +44 关系
  📊 累计: 7899 节点, 12040 关系

📦 处理批次 369 (第 1841-1845 条)...
  ✅ 本批次: +11 节点, +32 关系
  📊 累计: 7910 节点, 12072 关系

📦 处理批次 370 (第 1846-1850 条)...
  ✅ 本批次: +22 节点, +35 关系
  📊 累计: 7932 节点, 12107 关系

📦 处理批次 371 (第 1851-1855 条)...
  ✅ 本批次: +25 节点, +35 关系
  📊 累计: 7957 节点, 12142 关系

📦 处理批次 372 (第 1856-1860 条)...
  ✅ 本批次: +13 节点, +25 关系
  📊 累计: 7970 节点, 12167 关系

📦 处理批次 373 (第 1861-1865 条)...
  ✅ 本批次: +21 节点, +40 关系
  📊 累计: 7991 节点, 12207 关系

📦 处理批次 374 (第 1866-1870 条)...
  ✅ 本批次: +22 节点, +41 关系
  📊 累计: 8013 节点, 12248 关系

📦 处理批次 375 (第 1871-1875 条)...
  ✅ 本批次: +30 节点, +52 关系
  📊 累计: 8043 节点, 12300 关系

📦 处理批次 376 (第 1876-1880 条)...
  ✅ 本批次: +9 节点, +22 关系
  📊 累计: 8052 节点, 12322 关系

📦 处理批次 377 (第 1881-1885 条)...
  ✅ 本批次: +16 节点, +34 关系
  📊 累计: 8068 节点, 12356 关系

📦 处理批次 378 (第 1886-1890 条)...
  ✅ 本批次: +5 节点, +22 关系
  📊 累计: 8073 节点, 12378 关系

📦 处理批次 379 (第 1891-1895 条)...
  ✅ 本批次: +47 节点, +64 关系
  📊 累计: 8120 节点, 12442 关系

📦 处理批次 380 (第 1896-1900 条)...
  ✅ 本批次: +27 节点, +43 关系
  📊 累计: 8147 节点, 12485 关系

📦 处理批次 381 (第 1901-1905 条)...
  ✅ 本批次: +17 节点, +27 关系
  📊 累计: 8164 节点, 12512 关系

📦 处理批次 382 (第 1906-1910 条)...
  ✅ 本批次: +11 节点, +28 关系
  📊 累计: 8175 节点, 12540 关系

📦 处理批次 383 (第 1911-1915 条)...
  ✅ 本批次: +21 节点, +32 关系
  📊 累计: 8196 节点, 12572 关系

📦 处理批次 384 (第 1916-1920 条)...
  ✅ 本批次: +18 节点, +32 关系
  📊 累计: 8214 节点, 12604 关系

📦 处理批次 385 (第 1921-1925 条)...
  ✅ 本批次: +27 节点, +40 关系
  📊 累计: 8241 节点, 12644 关系

📦 处理批次 386 (第 1926-1930 条)...
  ✅ 本批次: +16 节点, +30 关系
  📊 累计: 8257 节点, 12674 关系

📦 处理批次 387 (第 1931-1935 条)...
  ✅ 本批次: +23 节点, +41 关系
  📊 累计: 8280 节点, 12715 关系

📦 处理批次 388 (第 1936-1940 条)...
  ✅ 本批次: +17 节点, +31 关系
  📊 累计: 8297 节点, 12746 关系

📦 处理批次 389 (第 1941-1945 条)...
  ✅ 本批次: +26 节点, +41 关系
  📊 累计: 8323 节点, 12787 关系

📦 处理批次 390 (第 1946-1950 条)...
  ✅ 本批次: +31 节点, +48 关系
  📊 累计: 8354 节点, 12835 关系

📦 处理批次 391 (第 1951-1955 条)...
  ✅ 本批次: +19 节点, +45 关系
  📊 累计: 8373 节点, 12880 关系

📦 处理批次 392 (第 1956-1960 条)...
  ✅ 本批次: +10 节点, +32 关系
  📊 累计: 8383 节点, 12912 关系

📦 处理批次 393 (第 1961-1965 条)...
  ✅ 本批次: +15 节点, +31 关系
  📊 累计: 8398 节点, 12943 关系

📦 处理批次 394 (第 1966-1970 条)...
  ✅ 本批次: +15 节点, +32 关系
  📊 累计: 8413 节点, 12975 关系

📦 处理批次 395 (第 1971-1975 条)...
  ✅ 本批次: +23 节点, +38 关系
  📊 累计: 8436 节点, 13013 关系

📦 处理批次 396 (第 1976-1980 条)...
  ✅ 本批次: +16 节点, +28 关系
  📊 累计: 8452 节点, 13041 关系

📦 处理批次 397 (第 1981-1985 条)...
  ✅ 本批次: +27 节点, +59 关系
  📊 累计: 8479 节点, 13100 关系

📦 处理批次 398 (第 1986-1990 条)...
  ✅ 本批次: +28 节点, +43 关系
  📊 累计: 8507 节点, 13143 关系

📦 处理批次 399 (第 1991-1995 条)...
  ✅ 本批次: +22 节点, +29 关系
  📊 累计: 8529 节点, 13172 关系

📦 处理批次 400 (第 1996-2000 条)...
  ✅ 本批次: +13 节点, +26 关系
  📊 累计: 8542 节点, 13198 关系

📦 处理批次 401 (第 2001-2005 条)...
  ✅ 本批次: +13 节点, +42 关系
  📊 累计: 8555 节点, 13240 关系

📦 处理批次 402 (第 2006-2010 条)...
  ✅ 本批次: +6 节点, +13 关系
  📊 累计: 8561 节点, 13253 关系

📦 处理批次 403 (第 2011-2015 条)...
  ✅ 本批次: +24 节点, +38 关系
  📊 累计: 8585 节点, 13291 关系

📦 处理批次 404 (第 2016-2020 条)...
  ✅ 本批次: +35 节点, +36 关系
  📊 累计: 8620 节点, 13327 关系

📦 处理批次 405 (第 2021-2025 条)...
  ✅ 本批次: +22 节点, +57 关系
  📊 累计: 8642 节点, 13384 关系

📦 处理批次 406 (第 2026-2030 条)...
  ✅ 本批次: +16 节点, +30 关系
  📊 累计: 8658 节点, 13414 关系

📦 处理批次 407 (第 2031-2035 条)...
  ✅ 本批次: +20 节点, +36 关系
  📊 累计: 8678 节点, 13450 关系

📦 处理批次 408 (第 2036-2040 条)...
  ✅ 本批次: +15 节点, +33 关系
  📊 累计: 8693 节点, 13483 关系

📦 处理批次 409 (第 2041-2045 条)...
  ✅ 本批次: +55 节点, +64 关系
  📊 累计: 8748 节点, 13547 关系

📦 处理批次 410 (第 2046-2050 条)...
  ✅ 本批次: +12 节点, +29 关系
  📊 累计: 8760 节点, 13576 关系

📦 处理批次 411 (第 2051-2055 条)...
  ✅ 本批次: +13 节点, +24 关系
  📊 累计: 8773 节点, 13600 关系

📦 处理批次 412 (第 2056-2060 条)...
  ✅ 本批次: +33 节点, +41 关系
  📊 累计: 8806 节点, 13641 关系

📦 处理批次 413 (第 2061-2065 条)...
  ✅ 本批次: +19 节点, +21 关系
  📊 累计: 8825 节点, 13662 关系

📦 处理批次 414 (第 2066-2070 条)...
  ✅ 本批次: +21 节点, +39 关系
  📊 累计: 8846 节点, 13701 关系

📦 处理批次 415 (第 2071-2075 条)...
  ✅ 本批次: +18 节点, +22 关系
  📊 累计: 8864 节点, 13723 关系

📦 处理批次 416 (第 2076-2080 条)...
  ✅ 本批次: +5 节点, +23 关系
  📊 累计: 8869 节点, 13746 关系

📦 处理批次 417 (第 2081-2085 条)...
  ✅ 本批次: +28 节点, +43 关系
  📊 累计: 8897 节点, 13789 关系

📦 处理批次 418 (第 2086-2090 条)...
  ✅ 本批次: +10 节点, +20 关系
  📊 累计: 8907 节点, 13809 关系

📦 处理批次 419 (第 2091-2095 条)...
  ✅ 本批次: +17 节点, +33 关系
  📊 累计: 8924 节点, 13842 关系

📦 处理批次 420 (第 2096-2100 条)...
  ✅ 本批次: +27 节点, +50 关系
  📊 累计: 8951 节点, 13892 关系

📦 处理批次 421 (第 2101-2105 条)...
  ✅ 本批次: +23 节点, +44 关系
  📊 累计: 8974 节点, 13936 关系

📦 处理批次 422 (第 2106-2110 条)...
  ✅ 本批次: +6 节点, +20 关系
  📊 累计: 8980 节点, 13956 关系

📦 处理批次 423 (第 2111-2115 条)...
  ✅ 本批次: +26 节点, +44 关系
  📊 累计: 9006 节点, 14000 关系

📦 处理批次 424 (第 2116-2120 条)...
  ✅ 本批次: +11 节点, +34 关系
  📊 累计: 9017 节点, 14034 关系

📦 处理批次 425 (第 2121-2125 条)...
  ✅ 本批次: +15 节点, +25 关系
  📊 累计: 9032 节点, 14059 关系

📦 处理批次 426 (第 2126-2130 条)...
  ✅ 本批次: +17 节点, +25 关系
  📊 累计: 9049 节点, 14084 关系

📦 处理批次 427 (第 2131-2135 条)...
  ✅ 本批次: +10 节点, +31 关系
  📊 累计: 9059 节点, 14115 关系

📦 处理批次 428 (第 2136-2140 条)...
  ✅ 本批次: +19 节点, +35 关系
  📊 累计: 9078 节点, 14150 关系

📦 处理批次 429 (第 2141-2145 条)...
  ✅ 本批次: +21 节点, +41 关系
  📊 累计: 9099 节点, 14191 关系

📦 处理批次 430 (第 2146-2150 条)...
  ✅ 本批次: +10 节点, +46 关系
  📊 累计: 9109 节点, 14237 关系

📦 处理批次 431 (第 2151-2155 条)...
  ✅ 本批次: +12 节点, +34 关系
  📊 累计: 9121 节点, 14271 关系

📦 处理批次 432 (第 2156-2160 条)...
  ✅ 本批次: +12 节点, +20 关系
  📊 累计: 9133 节点, 14291 关系

📦 处理批次 433 (第 2161-2165 条)...
  ✅ 本批次: +2 节点, +15 关系
  📊 累计: 9135 节点, 14306 关系

📦 处理批次 434 (第 2166-2170 条)...
  ✅ 本批次: +20 节点, +45 关系
  📊 累计: 9155 节点, 14351 关系

📦 处理批次 435 (第 2171-2175 条)...
  ✅ 本批次: +13 节点, +29 关系
  📊 累计: 9168 节点, 14380 关系

📦 处理批次 436 (第 2176-2180 条)...
  ✅ 本批次: +26 节点, +38 关系
  📊 累计: 9194 节点, 14418 关系

📦 处理批次 437 (第 2181-2185 条)...
  ✅ 本批次: +21 节点, +32 关系
  📊 累计: 9215 节点, 14450 关系

📦 处理批次 438 (第 2186-2190 条)...
  ✅ 本批次: +16 节点, +31 关系
  📊 累计: 9231 节点, 14481 关系

📦 处理批次 439 (第 2191-2195 条)...
  ✅ 本批次: +39 节点, +50 关系
  📊 累计: 9270 节点, 14531 关系

📦 处理批次 440 (第 2196-2200 条)...
  ✅ 本批次: +9 节点, +36 关系
  📊 累计: 9279 节点, 14567 关系

📦 处理批次 441 (第 2201-2205 条)...
  ✅ 本批次: +17 节点, +26 关系
  📊 累计: 9296 节点, 14593 关系

📦 处理批次 442 (第 2206-2210 条)...
  ✅ 本批次: +25 节点, +52 关系
  📊 累计: 9321 节点, 14645 关系

📦 处理批次 443 (第 2211-2215 条)...
  ✅ 本批次: +10 节点, +20 关系
  📊 累计: 9331 节点, 14665 关系

📦 处理批次 444 (第 2216-2220 条)...
  ✅ 本批次: +26 节点, +47 关系
  📊 累计: 9357 节点, 14712 关系

📦 处理批次 445 (第 2221-2225 条)...
  ✅ 本批次: +25 节点, +45 关系
  📊 累计: 9382 节点, 14757 关系

📦 处理批次 446 (第 2226-2230 条)...
  ✅ 本批次: +11 节点, +20 关系
  📊 累计: 9393 节点, 14777 关系

📦 处理批次 447 (第 2231-2235 条)...
  ✅ 本批次: +33 节点, +49 关系
  📊 累计: 9426 节点, 14826 关系

📦 处理批次 448 (第 2236-2240 条)...
  ✅ 本批次: +22 节点, +33 关系
  📊 累计: 9448 节点, 14859 关系

📦 处理批次 449 (第 2241-2245 条)...
  ✅ 本批次: +21 节点, +45 关系
  📊 累计: 9469 节点, 14904 关系

📦 处理批次 450 (第 2246-2250 条)...
  ✅ 本批次: +18 节点, +35 关系
  📊 累计: 9487 节点, 14939 关系

📦 处理批次 451 (第 2251-2255 条)...
  ✅ 本批次: +29 节点, +51 关系
  📊 累计: 9516 节点, 14990 关系

📦 处理批次 452 (第 2256-2260 条)...
  ✅ 本批次: +13 节点, +28 关系
  📊 累计: 9529 节点, 15018 关系

📦 处理批次 453 (第 2261-2265 条)...
  ✅ 本批次: +11 节点, +34 关系
  📊 累计: 9540 节点, 15052 关系

📦 处理批次 454 (第 2266-2270 条)...
  ✅ 本批次: +11 节点, +23 关系
  📊 累计: 9551 节点, 15075 关系

📦 处理批次 455 (第 2271-2275 条)...
  ✅ 本批次: +36 节点, +49 关系
  📊 累计: 9587 节点, 15124 关系

📦 处理批次 456 (第 2276-2280 条)...
  ✅ 本批次: +28 节点, +37 关系
  📊 累计: 9615 节点, 15161 关系

📦 处理批次 457 (第 2281-2285 条)...
  ✅ 本批次: +25 节点, +38 关系
  📊 累计: 9640 节点, 15199 关系

📦 处理批次 458 (第 2286-2290 条)...
  ✅ 本批次: +5 节点, +21 关系
  📊 累计: 9645 节点, 15220 关系

📦 处理批次 459 (第 2291-2295 条)...
  ✅ 本批次: +13 节点, +36 关系
  📊 累计: 9658 节点, 15256 关系

📦 处理批次 460 (第 2296-2300 条)...
  ✅ 本批次: +13 节点, +30 关系
  📊 累计: 9671 节点, 15286 关系

📦 处理批次 461 (第 2301-2305 条)...
  ✅ 本批次: +10 节点, +21 关系
  📊 累计: 9681 节点, 15307 关系

📦 处理批次 462 (第 2306-2310 条)...
  ✅ 本批次: +12 节点, +23 关系
  📊 累计: 9693 节点, 15330 关系

📦 处理批次 463 (第 2311-2315 条)...
  ✅ 本批次: +14 节点, +34 关系
  📊 累计: 9707 节点, 15364 关系

📦 处理批次 464 (第 2316-2320 条)...
  ✅ 本批次: +25 节点, +41 关系
  📊 累计: 9732 节点, 15405 关系

📦 处理批次 465 (第 2321-2325 条)...
  ✅ 本批次: +26 节点, +47 关系
  📊 累计: 9758 节点, 15452 关系

📦 处理批次 466 (第 2326-2330 条)...
  ✅ 本批次: +41 节点, +62 关系
  📊 累计: 9799 节点, 15514 关系

📦 处理批次 467 (第 2331-2335 条)...
  ✅ 本批次: +7 节点, +6 关系
  📊 累计: 9806 节点, 15520 关系

📦 处理批次 468 (第 2336-2340 条)...
  ✅ 本批次: +12 节点, +28 关系
  📊 累计: 9818 节点, 15548 关系

📦 处理批次 469 (第 2341-2345 条)...
  ✅ 本批次: +10 节点, +24 关系
  📊 累计: 9828 节点, 15572 关系

📦 处理批次 470 (第 2346-2350 条)...
  ✅ 本批次: +35 节点, +62 关系
  📊 累计: 9863 节点, 15634 关系

📦 处理批次 471 (第 2351-2355 条)...
  ✅ 本批次: +13 节点, +33 关系
  📊 累计: 9876 节点, 15667 关系

📦 处理批次 472 (第 2356-2360 条)...
  ✅ 本批次: +9 节点, +18 关系
  📊 累计: 9885 节点, 15685 关系

📦 处理批次 473 (第 2361-2365 条)...
  ✅ 本批次: +12 节点, +28 关系
  📊 累计: 9897 节点, 15713 关系

📦 处理批次 474 (第 2366-2370 条)...
  ✅ 本批次: +52 节点, +69 关系
  📊 累计: 9949 节点, 15782 关系

📦 处理批次 475 (第 2371-2375 条)...
  ✅ 本批次: +25 节点, +45 关系
  📊 累计: 9974 节点, 15827 关系

📦 处理批次 476 (第 2376-2380 条)...
  ✅ 本批次: +18 节点, +28 关系
  📊 累计: 9992 节点, 15855 关系

📦 处理批次 477 (第 2381-2385 条)...
  ✅ 本批次: +28 节点, +44 关系
  📊 累计: 10020 节点, 15899 关系

📦 处理批次 478 (第 2386-2390 条)...
  ✅ 本批次: +34 节点, +43 关系
  📊 累计: 10054 节点, 15942 关系

📦 处理批次 479 (第 2391-2395 条)...
  ✅ 本批次: +9 节点, +22 关系
  📊 累计: 10063 节点, 15964 关系

📦 处理批次 480 (第 2396-2400 条)...
  ✅ 本批次: +26 节点, +63 关系
  📊 累计: 10089 节点, 16027 关系

📦 处理批次 481 (第 2401-2405 条)...
  ✅ 本批次: +21 节点, +41 关系
  📊 累计: 10110 节点, 16068 关系

📦 处理批次 482 (第 2406-2410 条)...
  ✅ 本批次: +10 节点, +28 关系
  📊 累计: 10120 节点, 16096 关系

📦 处理批次 483 (第 2411-2415 条)...
  ✅ 本批次: +18 节点, +41 关系
  📊 累计: 10138 节点, 16137 关系

📦 处理批次 484 (第 2416-2420 条)...
  ✅ 本批次: +31 节点, +44 关系
  📊 累计: 10169 节点, 16181 关系

📦 处理批次 485 (第 2421-2425 条)...
  ✅ 本批次: +9 节点, +29 关系
  📊 累计: 10178 节点, 16210 关系

📦 处理批次 486 (第 2426-2430 条)...
  ✅ 本批次: +10 节点, +31 关系
  📊 累计: 10188 节点, 16241 关系

📦 处理批次 487 (第 2431-2435 条)...
  ✅ 本批次: +27 节点, +49 关系
  📊 累计: 10215 节点, 16290 关系

📦 处理批次 488 (第 2436-2440 条)...
  ✅ 本批次: +23 节点, +36 关系
  📊 累计: 10238 节点, 16326 关系

📦 处理批次 489 (第 2441-2445 条)...
  ✅ 本批次: +14 节点, +24 关系
  📊 累计: 10252 节点, 16350 关系

📦 处理批次 490 (第 2446-2450 条)...
  ✅ 本批次: +19 节点, +45 关系
  📊 累计: 10271 节点, 16395 关系

📦 处理批次 491 (第 2451-2455 条)...
  ✅ 本批次: +37 节点, +55 关系
  📊 累计: 10308 节点, 16450 关系

📦 处理批次 492 (第 2456-2460 条)...
  ✅ 本批次: +22 节点, +41 关系
  📊 累计: 10330 节点, 16491 关系

📦 处理批次 493 (第 2461-2465 条)...
  ✅ 本批次: +29 节点, +34 关系
  📊 累计: 10359 节点, 16525 关系

📦 处理批次 494 (第 2466-2470 条)...
  ✅ 本批次: +11 节点, +23 关系
  📊 累计: 10370 节点, 16548 关系

📦 处理批次 495 (第 2471-2475 条)...
  ✅ 本批次: +23 节点, +38 关系
  📊 累计: 10393 节点, 16586 关系

📦 处理批次 496 (第 2476-2480 条)...
  ✅ 本批次: +16 节点, +37 关系
  📊 累计: 10409 节点, 16623 关系

📦 处理批次 497 (第 2481-2485 条)...
  ✅ 本批次: +29 节点, +40 关系
  📊 累计: 10438 节点, 16663 关系

📦 处理批次 498 (第 2486-2490 条)...
  ✅ 本批次: +23 节点, +24 关系
  📊 累计: 10461 节点, 16687 关系

📦 处理批次 499 (第 2491-2495 条)...
  ✅ 本批次: +18 节点, +28 关系
  📊 累计: 10479 节点, 16715 关系

📦 处理批次 500 (第 2496-2500 条)...
  ✅ 本批次: +21 节点, +39 关系
  📊 累计: 10500 节点, 16754 关系

📦 处理批次 501 (第 2501-2505 条)...
  ✅ 本批次: +6 节点, +24 关系
  📊 累计: 10506 节点, 16778 关系

📦 处理批次 502 (第 2506-2510 条)...
  ✅ 本批次: +18 节点, +27 关系
  📊 累计: 10524 节点, 16805 关系

📦 处理批次 503 (第 2511-2515 条)...
  ✅ 本批次: +10 节点, +28 关系
  📊 累计: 10534 节点, 16833 关系

📦 处理批次 504 (第 2516-2520 条)...
  ✅ 本批次: +11 节点, +23 关系
  📊 累计: 10545 节点, 16856 关系

📦 处理批次 505 (第 2521-2525 条)...
  ✅ 本批次: +16 节点, +34 关系
  📊 累计: 10561 节点, 16890 关系

📦 处理批次 506 (第 2526-2530 条)...
  ✅ 本批次: +30 节点, +41 关系
  📊 累计: 10591 节点, 16931 关系

📦 处理批次 507 (第 2531-2535 条)...
  ✅ 本批次: +11 节点, +24 关系
  📊 累计: 10602 节点, 16955 关系

📦 处理批次 508 (第 2536-2540 条)...
  ✅ 本批次: +10 节点, +22 关系
  📊 累计: 10612 节点, 16977 关系

📦 处理批次 509 (第 2541-2545 条)...
  ✅ 本批次: +22 节点, +40 关系
  📊 累计: 10634 节点, 17017 关系

📦 处理批次 510 (第 2546-2550 条)...
  ✅ 本批次: +17 节点, +40 关系
  📊 累计: 10651 节点, 17057 关系

📦 处理批次 511 (第 2551-2555 条)...
  ✅ 本批次: +19 节点, +36 关系
  📊 累计: 10670 节点, 17093 关系

📦 处理批次 512 (第 2556-2560 条)...
  ✅ 本批次: +19 节点, +26 关系
  📊 累计: 10689 节点, 17119 关系

📦 处理批次 513 (第 2561-2565 条)...
  ✅ 本批次: +11 节点, +23 关系
  📊 累计: 10700 节点, 17142 关系

📦 处理批次 514 (第 2566-2570 条)...
  ✅ 本批次: +23 节点, +54 关系
  📊 累计: 10723 节点, 17196 关系

📦 处理批次 515 (第 2571-2575 条)...
  ✅ 本批次: +22 节点, +40 关系
  📊 累计: 10745 节点, 17236 关系

📦 处理批次 516 (第 2576-2580 条)...
  ✅ 本批次: +5 节点, +20 关系
  📊 累计: 10750 节点, 17256 关系

📦 处理批次 517 (第 2581-2585 条)...
  ✅ 本批次: +20 节点, +45 关系
  📊 累计: 10770 节点, 17301 关系

📦 处理批次 518 (第 2586-2590 条)...
  ✅ 本批次: +31 节点, +40 关系
  📊 累计: 10801 节点, 17341 关系

📦 处理批次 519 (第 2591-2595 条)...
  ✅ 本批次: +14 节点, +28 关系
  📊 累计: 10815 节点, 17369 关系

📦 处理批次 520 (第 2596-2600 条)...
  ✅ 本批次: +13 节点, +31 关系
  📊 累计: 10828 节点, 17400 关系

📦 处理批次 521 (第 2601-2605 条)...
  ✅ 本批次: +14 节点, +37 关系
  📊 累计: 10842 节点, 17437 关系

📦 处理批次 522 (第 2606-2610 条)...
  ✅ 本批次: +10 节点, +20 关系
  📊 累计: 10852 节点, 17457 关系

📦 处理批次 523 (第 2611-2615 条)...
  ✅ 本批次: +24 节点, +35 关系
  📊 累计: 10876 节点, 17492 关系

📦 处理批次 524 (第 2616-2620 条)...
  ✅ 本批次: +13 节点, +27 关系
  📊 累计: 10889 节点, 17519 关系

📦 处理批次 525 (第 2621-2625 条)...
  ✅ 本批次: +25 节点, +40 关系
  📊 累计: 10914 节点, 17559 关系

📦 处理批次 526 (第 2626-2630 条)...
  ✅ 本批次: +10 节点, +41 关系
  📊 累计: 10924 节点, 17600 关系

📦 处理批次 527 (第 2631-2635 条)...
  ✅ 本批次: +4 节点, +24 关系
  📊 累计: 10928 节点, 17624 关系

📦 处理批次 528 (第 2636-2640 条)...
  ✅ 本批次: +17 节点, +31 关系
  📊 累计: 10945 节点, 17655 关系

📦 处理批次 529 (第 2641-2645 条)...
  ✅ 本批次: +29 节点, +36 关系
  📊 累计: 10974 节点, 17691 关系

📦 处理批次 530 (第 2646-2650 条)...
  ✅ 本批次: +15 节点, +27 关系
  📊 累计: 10989 节点, 17718 关系

📦 处理批次 531 (第 2651-2655 条)...
  ✅ 本批次: +11 节点, +18 关系
  📊 累计: 11000 节点, 17736 关系

📦 处理批次 532 (第 2656-2660 条)...
  ✅ 本批次: +34 节点, +51 关系
  📊 累计: 11034 节点, 17787 关系

📦 处理批次 533 (第 2661-2665 条)...
  ✅ 本批次: +15 节点, +40 关系
  📊 累计: 11049 节点, 17827 关系

📦 处理批次 534 (第 2666-2670 条)...
  ✅ 本批次: +20 节点, +49 关系
  📊 累计: 11069 节点, 17876 关系

📦 处理批次 535 (第 2671-2675 条)...
  ✅ 本批次: +38 节点, +52 关系
  📊 累计: 11107 节点, 17928 关系

📦 处理批次 536 (第 2676-2680 条)...
  ✅ 本批次: +27 节点, +32 关系
  📊 累计: 11134 节点, 17960 关系

📦 处理批次 537 (第 2681-2685 条)...
  ✅ 本批次: +13 节点, +33 关系
  📊 累计: 11147 节点, 17993 关系

📦 处理批次 538 (第 2686-2690 条)...
  ✅ 本批次: +16 节点, +30 关系
  📊 累计: 11163 节点, 18023 关系

📦 处理批次 539 (第 2691-2695 条)...
  ✅ 本批次: +20 节点, +33 关系
  📊 累计: 11183 节点, 18056 关系

📦 处理批次 540 (第 2696-2700 条)...
  ✅ 本批次: +18 节点, +31 关系
  📊 累计: 11201 节点, 18087 关系

📦 处理批次 541 (第 2701-2705 条)...
  ✅ 本批次: +14 节点, +30 关系
  📊 累计: 11215 节点, 18117 关系

📦 处理批次 542 (第 2706-2710 条)...
  ✅ 本批次: +16 节点, +34 关系
  📊 累计: 11231 节点, 18151 关系

📦 处理批次 543 (第 2711-2715 条)...
  ✅ 本批次: +24 节点, +38 关系
  📊 累计: 11255 节点, 18189 关系

📦 处理批次 544 (第 2716-2720 条)...
  ✅ 本批次: +16 节点, +34 关系
  📊 累计: 11271 节点, 18223 关系

📦 处理批次 545 (第 2721-2725 条)...
  ✅ 本批次: +9 节点, +28 关系
  📊 累计: 11280 节点, 18251 关系

📦 处理批次 546 (第 2726-2730 条)...
  ✅ 本批次: +11 节点, +36 关系
  📊 累计: 11291 节点, 18287 关系

📦 处理批次 547 (第 2731-2735 条)...
  ✅ 本批次: +22 节点, +44 关系
  📊 累计: 11313 节点, 18331 关系

📦 处理批次 548 (第 2736-2740 条)...
  ✅ 本批次: +23 节点, +59 关系
  📊 累计: 11336 节点, 18390 关系

📦 处理批次 549 (第 2741-2745 条)...
  ✅ 本批次: +31 节点, +54 关系
  📊 累计: 11367 节点, 18444 关系

📦 处理批次 550 (第 2746-2750 条)...
  ✅ 本批次: +20 节点, +31 关系
  📊 累计: 11387 节点, 18475 关系

📦 处理批次 551 (第 2751-2755 条)...
  ✅ 本批次: +27 节点, +54 关系
  📊 累计: 11414 节点, 18529 关系

📦 处理批次 552 (第 2756-2760 条)...
  ✅ 本批次: +11 节点, +31 关系
  📊 累计: 11425 节点, 18560 关系

📦 处理批次 553 (第 2761-2765 条)...
  ✅ 本批次: +27 节点, +47 关系
  📊 累计: 11452 节点, 18607 关系

📦 处理批次 554 (第 2766-2770 条)...
  ✅ 本批次: +4 节点, +12 关系
  📊 累计: 11456 节点, 18619 关系

📦 处理批次 555 (第 2771-2775 条)...
  ✅ 本批次: +13 节点, +26 关系
  📊 累计: 11469 节点, 18645 关系

📦 处理批次 556 (第 2776-2780 条)...
  ✅ 本批次: +7 节点, +32 关系
  📊 累计: 11476 节点, 18677 关系

📦 处理批次 557 (第 2781-2785 条)...
  ✅ 本批次: +15 节点, +26 关系
  📊 累计: 11491 节点, 18703 关系

📦 处理批次 558 (第 2786-2790 条)...
  ✅ 本批次: +35 节点, +49 关系
  📊 累计: 11526 节点, 18752 关系

📦 处理批次 559 (第 2791-2795 条)...
  ✅ 本批次: +20 节点, +39 关系
  📊 累计: 11546 节点, 18791 关系

📦 处理批次 560 (第 2796-2800 条)...
  ✅ 本批次: +7 节点, +17 关系
  📊 累计: 11553 节点, 18808 关系

📦 处理批次 561 (第 2801-2805 条)...
  ✅ 本批次: +22 节点, +39 关系
  📊 累计: 11575 节点, 18847 关系

📦 处理批次 562 (第 2806-2810 条)...
  ✅ 本批次: +20 节点, +42 关系
  📊 累计: 11595 节点, 18889 关系

📦 处理批次 563 (第 2811-2815 条)...
  ✅ 本批次: +28 节点, +54 关系
  📊 累计: 11623 节点, 18943 关系

📦 处理批次 564 (第 2816-2820 条)...
  ✅ 本批次: +17 节点, +34 关系
  📊 累计: 11640 节点, 18977 关系

📦 处理批次 565 (第 2821-2825 条)...
  ✅ 本批次: +18 节点, +42 关系
  📊 累计: 11658 节点, 19019 关系

📦 处理批次 566 (第 2826-2830 条)...
  ✅ 本批次: +20 节点, +37 关系
  📊 累计: 11678 节点, 19056 关系

📦 处理批次 567 (第 2831-2835 条)...
  ✅ 本批次: +31 节点, +49 关系
  📊 累计: 11709 节点, 19105 关系

📦 处理批次 568 (第 2836-2840 条)...
  ✅ 本批次: +22 节点, +41 关系
  📊 累计: 11731 节点, 19146 关系

📦 处理批次 569 (第 2841-2845 条)...
  ✅ 本批次: +6 节点, +15 关系
  📊 累计: 11737 节点, 19161 关系

📦 处理批次 570 (第 2846-2850 条)...
  ✅ 本批次: +9 节点, +17 关系
  📊 累计: 11746 节点, 19178 关系

📦 处理批次 571 (第 2851-2855 条)...
  ✅ 本批次: +13 节点, +30 关系
  📊 累计: 11759 节点, 19208 关系

📦 处理批次 572 (第 2856-2860 条)...
  ✅ 本批次: +16 节点, +36 关系
  📊 累计: 11775 节点, 19244 关系

📦 处理批次 573 (第 2861-2865 条)...
  ✅ 本批次: +6 节点, +29 关系
  📊 累计: 11781 节点, 19273 关系

📦 处理批次 574 (第 2866-2870 条)...
  ✅ 本批次: +25 节点, +29 关系
  📊 累计: 11806 节点, 19302 关系

📦 处理批次 575 (第 2871-2875 条)...
  ✅ 本批次: +21 节点, +37 关系
  📊 累计: 11827 节点, 19339 关系

📦 处理批次 576 (第 2876-2880 条)...
  ✅ 本批次: +31 节点, +36 关系
  📊 累计: 11858 节点, 19375 关系

📦 处理批次 577 (第 2881-2885 条)...
  ✅ 本批次: +21 节点, +43 关系
  📊 累计: 11879 节点, 19418 关系

📦 处理批次 578 (第 2886-2890 条)...
  ✅ 本批次: +28 节点, +45 关系
  📊 累计: 11907 节点, 19463 关系

📦 处理批次 579 (第 2891-2895 条)...
  ✅ 本批次: +42 节点, +60 关系
  📊 累计: 11949 节点, 19523 关系

📦 处理批次 580 (第 2896-2900 条)...
  ✅ 本批次: +9 节点, +24 关系
  📊 累计: 11958 节点, 19547 关系

📦 处理批次 581 (第 2901-2905 条)...
  ✅ 本批次: +16 节点, +34 关系
  📊 累计: 11974 节点, 19581 关系

📦 处理批次 582 (第 2906-2910 条)...
  ✅ 本批次: +33 节点, +57 关系
  📊 累计: 12007 节点, 19638 关系

📦 处理批次 583 (第 2911-2915 条)...
  ✅ 本批次: +18 节点, +45 关系
  📊 累计: 12025 节点, 19683 关系

📦 处理批次 584 (第 2916-2920 条)...
  ✅ 本批次: +28 节点, +38 关系
  📊 累计: 12053 节点, 19721 关系

📦 处理批次 585 (第 2921-2925 条)...
  ✅ 本批次: +17 节点, +46 关系
  📊 累计: 12070 节点, 19767 关系

📦 处理批次 586 (第 2926-2930 条)...
  ✅ 本批次: +20 节点, +35 关系
  📊 累计: 12090 节点, 19802 关系

📦 处理批次 587 (第 2931-2935 条)...
  ✅ 本批次: +20 节点, +51 关系
  📊 累计: 12110 节点, 19853 关系

📦 处理批次 588 (第 2936-2940 条)...
  ✅ 本批次: +31 节点, +58 关系
  📊 累计: 12141 节点, 19911 关系

📦 处理批次 589 (第 2941-2945 条)...
  ✅ 本批次: +29 节点, +49 关系
  📊 累计: 12170 节点, 19960 关系

📦 处理批次 590 (第 2946-2950 条)...
  ✅ 本批次: +27 节点, +40 关系
  📊 累计: 12197 节点, 20000 关系

📦 处理批次 591 (第 2951-2955 条)...
  ✅ 本批次: +18 节点, +24 关系
  📊 累计: 12215 节点, 20024 关系

📦 处理批次 592 (第 2956-2960 条)...
  ✅ 本批次: +33 节点, +44 关系
  📊 累计: 12248 节点, 20068 关系

📦 处理批次 593 (第 2961-2965 条)...
  ✅ 本批次: +10 节点, +29 关系
  📊 累计: 12258 节点, 20097 关系

📦 处理批次 594 (第 2966-2970 条)...
  ✅ 本批次: +18 节点, +29 关系
  📊 累计: 12276 节点, 20126 关系

📦 处理批次 595 (第 2971-2975 条)...
  ✅ 本批次: +17 节点, +40 关系
  📊 累计: 12293 节点, 20166 关系

📦 处理批次 596 (第 2976-2980 条)...
  ✅ 本批次: +23 节点, +38 关系
  📊 累计: 12316 节点, 20204 关系

📦 处理批次 597 (第 2981-2985 条)...
  ✅ 本批次: +16 节点, +37 关系
  📊 累计: 12332 节点, 20241 关系

📦 处理批次 598 (第 2986-2990 条)...
  ✅ 本批次: +16 节点, +47 关系
  📊 累计: 12348 节点, 20288 关系

📦 处理批次 599 (第 2991-2995 条)...
  ✅ 本批次: +19 节点, +37 关系
  📊 累计: 12367 节点, 20325 关系

📦 处理批次 600 (第 2996-3000 条)...
  ✅ 本批次: +13 节点, +21 关系
  📊 累计: 12380 节点, 20346 关系

📦 处理批次 601 (第 3001-3005 条)...
  ✅ 本批次: +24 节点, +50 关系
  📊 累计: 12404 节点, 20396 关系

📦 处理批次 602 (第 3006-3010 条)...
  ✅ 本批次: +16 节点, +32 关系
  📊 累计: 12420 节点, 20428 关系

📦 处理批次 603 (第 3011-3015 条)...
  ✅ 本批次: +31 节点, +48 关系
  📊 累计: 12451 节点, 20476 关系

📦 处理批次 604 (第 3016-3020 条)...
  ✅ 本批次: +10 节点, +22 关系
  📊 累计: 12461 节点, 20498 关系

📦 处理批次 605 (第 3021-3025 条)...
  ✅ 本批次: +23 节点, +58 关系
  📊 累计: 12484 节点, 20556 关系

📦 处理批次 606 (第 3026-3030 条)...
  ✅ 本批次: +13 节点, +36 关系
  📊 累计: 12497 节点, 20592 关系

📦 处理批次 607 (第 3031-3035 条)...
  ✅ 本批次: +8 节点, +24 关系
  📊 累计: 12505 节点, 20616 关系

📦 处理批次 608 (第 3036-3040 条)...
  ✅ 本批次: +22 节点, +42 关系
  📊 累计: 12527 节点, 20658 关系

📦 处理批次 609 (第 3041-3045 条)...
  ✅ 本批次: +20 节点, +33 关系
  📊 累计: 12547 节点, 20691 关系

📦 处理批次 610 (第 3046-3050 条)...
  ✅ 本批次: +21 节点, +40 关系
  📊 累计: 12568 节点, 20731 关系

📦 处理批次 611 (第 3051-3055 条)...
  ✅ 本批次: +25 节点, +37 关系
  📊 累计: 12593 节点, 20768 关系

📦 处理批次 612 (第 3056-3060 条)...
  ✅ 本批次: +13 节点, +32 关系
  📊 累计: 12606 节点, 20800 关系

📦 处理批次 613 (第 3061-3065 条)...
  ✅ 本批次: +11 节点, +23 关系
  📊 累计: 12617 节点, 20823 关系

📦 处理批次 614 (第 3066-3070 条)...
  ✅ 本批次: +27 节点, +43 关系
  📊 累计: 12644 节点, 20866 关系

📦 处理批次 615 (第 3071-3075 条)...
  ✅ 本批次: +15 节点, +21 关系
  📊 累计: 12659 节点, 20887 关系

📦 处理批次 616 (第 3076-3080 条)...
  ✅ 本批次: +11 节点, +26 关系
  📊 累计: 12670 节点, 20913 关系

📦 处理批次 617 (第 3081-3085 条)...
  ✅ 本批次: +20 节点, +35 关系
  📊 累计: 12690 节点, 20948 关系

📦 处理批次 618 (第 3086-3090 条)...
  ✅ 本批次: +8 节点, +23 关系
  📊 累计: 12698 节点, 20971 关系

📦 处理批次 619 (第 3091-3095 条)...
  ✅ 本批次: +14 节点, +33 关系
  📊 累计: 12712 节点, 21004 关系

📦 处理批次 620 (第 3096-3100 条)...
  ✅ 本批次: +11 节点, +28 关系
  📊 累计: 12723 节点, 21032 关系

📦 处理批次 621 (第 3101-3105 条)...
  ✅ 本批次: +30 节点, +42 关系
  📊 累计: 12753 节点, 21074 关系

📦 处理批次 622 (第 3106-3110 条)...
  ✅ 本批次: +20 节点, +51 关系
  📊 累计: 12773 节点, 21125 关系

📦 处理批次 623 (第 3111-3115 条)...
  ✅ 本批次: +14 节点, +38 关系
  📊 累计: 12787 节点, 21163 关系

📦 处理批次 624 (第 3116-3120 条)...
  ✅ 本批次: +25 节点, +34 关系
  📊 累计: 12812 节点, 21197 关系

📦 处理批次 625 (第 3121-3125 条)...
  ✅ 本批次: +11 节点, +24 关系
  📊 累计: 12823 节点, 21221 关系

📦 处理批次 626 (第 3126-3130 条)...
  ✅ 本批次: +22 节点, +29 关系
  📊 累计: 12845 节点, 21250 关系

📦 处理批次 627 (第 3131-3135 条)...
  ✅ 本批次: +22 节点, +49 关系
  📊 累计: 12867 节点, 21299 关系

📦 处理批次 628 (第 3136-3140 条)...
  ✅ 本批次: +4 节点, +24 关系
  📊 累计: 12871 节点, 21323 关系

📦 处理批次 629 (第 3141-3145 条)...
  ✅ 本批次: +19 节点, +44 关系
  📊 累计: 12890 节点, 21367 关系

📦 处理批次 630 (第 3146-3150 条)...
  ✅ 本批次: +33 节点, +56 关系
  📊 累计: 12923 节点, 21423 关系

📦 处理批次 631 (第 3151-3155 条)...
  ✅ 本批次: +16 节点, +34 关系
  📊 累计: 12939 节点, 21457 关系

📦 处理批次 632 (第 3156-3160 条)...
  ✅ 本批次: +34 节点, +55 关系
  📊 累计: 12973 节点, 21512 关系

📦 处理批次 633 (第 3161-3165 条)...
  ✅ 本批次: +28 节点, +59 关系
  📊 累计: 13001 节点, 21571 关系

📦 处理批次 634 (第 3166-3170 条)...
  ✅ 本批次: +17 节点, +24 关系
  📊 累计: 13018 节点, 21595 关系

📦 处理批次 635 (第 3171-3175 条)...
  ✅ 本批次: +18 节点, +28 关系
  📊 累计: 13036 节点, 21623 关系

📦 处理批次 636 (第 3176-3180 条)...
  ✅ 本批次: +4 节点, +18 关系
  📊 累计: 13040 节点, 21641 关系

📦 处理批次 637 (第 3181-3185 条)...
  ✅ 本批次: +20 节点, +37 关系
  📊 累计: 13060 节点, 21678 关系

📦 处理批次 638 (第 3186-3190 条)...
  ✅ 本批次: +14 节点, +32 关系
  📊 累计: 13074 节点, 21710 关系

📦 处理批次 639 (第 3191-3195 条)...
  ✅ 本批次: +12 节点, +38 关系
  📊 累计: 13086 节点, 21748 关系

📦 处理批次 640 (第 3196-3200 条)...
  ✅ 本批次: +21 节点, +57 关系
  📊 累计: 13107 节点, 21805 关系

📦 处理批次 641 (第 3201-3205 条)...
  ✅ 本批次: +25 节点, +32 关系
  📊 累计: 13132 节点, 21837 关系

📦 处理批次 642 (第 3206-3210 条)...
  ✅ 本批次: +10 节点, +29 关系
  📊 累计: 13142 节点, 21866 关系

📦 处理批次 643 (第 3211-3215 条)...
  ✅ 本批次: +38 节点, +64 关系
  📊 累计: 13180 节点, 21930 关系

📦 处理批次 644 (第 3216-3220 条)...
  ✅ 本批次: +22 节点, +39 关系
  📊 累计: 13202 节点, 21969 关系

📦 处理批次 645 (第 3221-3225 条)...
  ✅ 本批次: +18 节点, +53 关系
  📊 累计: 13220 节点, 22022 关系

📦 处理批次 646 (第 3226-3230 条)...
  ✅ 本批次: +14 节点, +29 关系
  📊 累计: 13234 节点, 22051 关系

📦 处理批次 647 (第 3231-3235 条)...
  ✅ 本批次: +14 节点, +54 关系
  📊 累计: 13248 节点, 22105 关系

📦 处理批次 648 (第 3236-3240 条)...
  ✅ 本批次: +16 节点, +39 关系
  📊 累计: 13264 节点, 22144 关系

📦 处理批次 649 (第 3241-3245 条)...
  ✅ 本批次: +30 节点, +41 关系
  📊 累计: 13294 节点, 22185 关系

📦 处理批次 650 (第 3246-3250 条)...
  ✅ 本批次: +11 节点, +28 关系
  📊 累计: 13305 节点, 22213 关系

📦 处理批次 651 (第 3251-3255 条)...
  ✅ 本批次: +20 节点, +34 关系
  📊 累计: 13325 节点, 22247 关系

📦 处理批次 652 (第 3256-3260 条)...
  ✅ 本批次: +19 节点, +40 关系
  📊 累计: 13344 节点, 22287 关系

📦 处理批次 653 (第 3261-3265 条)...
  ✅ 本批次: +9 节点, +14 关系
  📊 累计: 13353 节点, 22301 关系

📦 处理批次 654 (第 3266-3270 条)...
  ✅ 本批次: +11 节点, +35 关系
  📊 累计: 13364 节点, 22336 关系

📦 处理批次 655 (第 3271-3275 条)...
  ✅ 本批次: +16 节点, +26 关系
  📊 累计: 13380 节点, 22362 关系

📦 处理批次 656 (第 3276-3280 条)...
  ✅ 本批次: +27 节点, +42 关系
  📊 累计: 13407 节点, 22404 关系

📦 处理批次 657 (第 3281-3285 条)...
  ✅ 本批次: +17 节点, +41 关系
  📊 累计: 13424 节点, 22445 关系

📦 处理批次 658 (第 3286-3290 条)...
  ✅ 本批次: +17 节点, +32 关系
  📊 累计: 13441 节点, 22477 关系

📦 处理批次 659 (第 3291-3295 条)...
  ✅ 本批次: +18 节点, +47 关系
  📊 累计: 13459 节点, 22524 关系

📦 处理批次 660 (第 3296-3300 条)...
  ✅ 本批次: +8 节点, +23 关系
  📊 累计: 13467 节点, 22547 关系

📦 处理批次 661 (第 3301-3305 条)...
  ✅ 本批次: +15 节点, +34 关系
  📊 累计: 13482 节点, 22581 关系

📦 处理批次 662 (第 3306-3310 条)...
  ✅ 本批次: +15 节点, +35 关系
  📊 累计: 13497 节点, 22616 关系

📦 处理批次 663 (第 3311-3315 条)...
  ✅ 本批次: +17 节点, +34 关系
  📊 累计: 13514 节点, 22650 关系

📦 处理批次 664 (第 3316-3320 条)...
  ✅ 本批次: +25 节点, +41 关系
  📊 累计: 13539 节点, 22691 关系

📦 处理批次 665 (第 3321-3325 条)...
  ✅ 本批次: +22 节点, +28 关系
  📊 累计: 13561 节点, 22719 关系

📦 处理批次 666 (第 3326-3330 条)...
  ✅ 本批次: +25 节点, +44 关系
  📊 累计: 13586 节点, 22763 关系

📦 处理批次 667 (第 3331-3335 条)...
  ✅ 本批次: +30 节点, +38 关系
  📊 累计: 13616 节点, 22801 关系

📦 处理批次 668 (第 3336-3340 条)...
  ✅ 本批次: +13 节点, +22 关系
  📊 累计: 13629 节点, 22823 关系

📦 处理批次 669 (第 3341-3345 条)...
  ✅ 本批次: +11 节点, +32 关系
  📊 累计: 13640 节点, 22855 关系

📦 处理批次 670 (第 3346-3350 条)...
  ✅ 本批次: +19 节点, +39 关系
  📊 累计: 13659 节点, 22894 关系

📦 处理批次 671 (第 3351-3355 条)...
  ✅ 本批次: +16 节点, +34 关系
  📊 累计: 13675 节点, 22928 关系

📦 处理批次 672 (第 3356-3360 条)...
  ✅ 本批次: +17 节点, +34 关系
  📊 累计: 13692 节点, 22962 关系

📦 处理批次 673 (第 3361-3365 条)...
  ✅ 本批次: +11 节点, +37 关系
  📊 累计: 13703 节点, 22999 关系

📦 处理批次 674 (第 3366-3370 条)...
  ✅ 本批次: +36 节点, +49 关系
  📊 累计: 13739 节点, 23048 关系

📦 处理批次 675 (第 3371-3375 条)...
  ✅ 本批次: +5 节点, +31 关系
  📊 累计: 13744 节点, 23079 关系

📦 处理批次 676 (第 3376-3380 条)...
  ✅ 本批次: +19 节点, +27 关系
  📊 累计: 13763 节点, 23106 关系

📦 处理批次 677 (第 3381-3385 条)...
  ✅ 本批次: +26 节点, +37 关系
  📊 累计: 13789 节点, 23143 关系

📦 处理批次 678 (第 3386-3390 条)...
  ✅ 本批次: +7 节点, +25 关系
  📊 累计: 13796 节点, 23168 关系

📦 处理批次 679 (第 3391-3395 条)...
  ✅ 本批次: +19 节点, +36 关系
  📊 累计: 13815 节点, 23204 关系

📦 处理批次 680 (第 3396-3400 条)...
  ✅ 本批次: +14 节点, +35 关系
  📊 累计: 13829 节点, 23239 关系

📦 处理批次 681 (第 3401-3405 条)...
  ✅ 本批次: +8 节点, +26 关系
  📊 累计: 13837 节点, 23265 关系

📦 处理批次 682 (第 3406-3410 条)...
  ✅ 本批次: +8 节点, +18 关系
  📊 累计: 13845 节点, 23283 关系

📦 处理批次 683 (第 3411-3415 条)...
  ✅ 本批次: +16 节点, +33 关系
  📊 累计: 13861 节点, 23316 关系

📦 处理批次 684 (第 3416-3420 条)...
  ✅ 本批次: +10 节点, +30 关系
  📊 累计: 13871 节点, 23346 关系

📦 处理批次 685 (第 3421-3425 条)...
  ✅ 本批次: +47 节点, +51 关系
  📊 累计: 13918 节点, 23397 关系

📦 处理批次 686 (第 3426-3430 条)...
  ✅ 本批次: +7 节点, +26 关系
  📊 累计: 13925 节点, 23423 关系

📦 处理批次 687 (第 3431-3435 条)...
  ✅ 本批次: +12 节点, +32 关系
  📊 累计: 13937 节点, 23455 关系

📦 处理批次 688 (第 3436-3440 条)...
  ✅ 本批次: +13 节点, +22 关系
  📊 累计: 13950 节点, 23477 关系

📦 处理批次 689 (第 3441-3445 条)...
  ✅ 本批次: +11 节点, +27 关系
  📊 累计: 13961 节点, 23504 关系

📦 处理批次 690 (第 3446-3450 条)...
  ✅ 本批次: +24 节点, +46 关系
  📊 累计: 13985 节点, 23550 关系

📦 处理批次 691 (第 3451-3455 条)...
  ✅ 本批次: +14 节点, +38 关系
  📊 累计: 13999 节点, 23588 关系

📦 处理批次 692 (第 3456-3460 条)...
  ✅ 本批次: +8 节点, +25 关系
  📊 累计: 14007 节点, 23613 关系

📦 处理批次 693 (第 3461-3465 条)...
  ✅ 本批次: +8 节点, +21 关系
  📊 累计: 14015 节点, 23634 关系

📦 处理批次 694 (第 3466-3470 条)...
  ✅ 本批次: +22 节点, +50 关系
  📊 累计: 14037 节点, 23684 关系

📦 处理批次 695 (第 3471-3475 条)...
  ✅ 本批次: +12 节点, +50 关系
  📊 累计: 14049 节点, 23734 关系

📦 处理批次 696 (第 3476-3480 条)...
  ✅ 本批次: +19 节点, +23 关系
  📊 累计: 14068 节点, 23757 关系

📦 处理批次 697 (第 3481-3485 条)...
  ✅ 本批次: +13 节点, +24 关系
  📊 累计: 14081 节点, 23781 关系

📦 处理批次 698 (第 3486-3490 条)...
  ✅ 本批次: +13 节点, +28 关系
  📊 累计: 14094 节点, 23809 关系

📦 处理批次 699 (第 3491-3495 条)...
  ✅ 本批次: +20 节点, +32 关系
  📊 累计: 14114 节点, 23841 关系

📦 处理批次 700 (第 3496-3500 条)...
  ✅ 本批次: +19 节点, +41 关系
  📊 累计: 14133 节点, 23882 关系

📦 处理批次 701 (第 3501-3505 条)...
  ✅ 本批次: +7 节点, +23 关系
  📊 累计: 14140 节点, 23905 关系

📦 处理批次 702 (第 3506-3510 条)...
  ✅ 本批次: +10 节点, +31 关系
  📊 累计: 14150 节点, 23936 关系

📦 处理批次 703 (第 3511-3515 条)...
  ✅ 本批次: +14 节点, +35 关系
  📊 累计: 14164 节点, 23971 关系

📦 处理批次 704 (第 3516-3520 条)...
  ✅ 本批次: +10 节点, +24 关系
  📊 累计: 14174 节点, 23995 关系

📦 处理批次 705 (第 3521-3525 条)...
  ✅ 本批次: +21 节点, +35 关系
  📊 累计: 14195 节点, 24030 关系

📦 处理批次 706 (第 3526-3530 条)...
  ✅ 本批次: +18 节点, +35 关系
  📊 累计: 14213 节点, 24065 关系

📦 处理批次 707 (第 3531-3535 条)...
  ✅ 本批次: +8 节点, +24 关系
  📊 累计: 14221 节点, 24089 关系

📦 处理批次 708 (第 3536-3540 条)...
  ✅ 本批次: +14 节点, +36 关系
  📊 累计: 14235 节点, 24125 关系

📦 处理批次 709 (第 3541-3545 条)...
  ✅ 本批次: +12 节点, +28 关系
  📊 累计: 14247 节点, 24153 关系

📦 处理批次 710 (第 3546-3550 条)...
  ✅ 本批次: +15 节点, +37 关系
  📊 累计: 14262 节点, 24190 关系

📦 处理批次 711 (第 3551-3555 条)...
  ✅ 本批次: +31 节点, +46 关系
  📊 累计: 14293 节点, 24236 关系

📦 处理批次 712 (第 3556-3560 条)...
  ✅ 本批次: +13 节点, +27 关系
  📊 累计: 14306 节点, 24263 关系

📦 处理批次 713 (第 3561-3565 条)...
  ✅ 本批次: +12 节点, +39 关系
  📊 累计: 14318 节点, 24302 关系

📦 处理批次 714 (第 3566-3570 条)...
  ✅ 本批次: +14 节点, +35 关系
  📊 累计: 14332 节点, 24337 关系

📦 处理批次 715 (第 3571-3575 条)...
  ✅ 本批次: +19 节点, +44 关系
  📊 累计: 14351 节点, 24381 关系

📦 处理批次 716 (第 3576-3580 条)...
  ✅ 本批次: +33 节点, +49 关系
  📊 累计: 14384 节点, 24430 关系

📦 处理批次 717 (第 3581-3585 条)...
  ✅ 本批次: +23 节点, +42 关系
  📊 累计: 14407 节点, 24472 关系

📦 处理批次 718 (第 3586-3590 条)...
  ✅ 本批次: +21 节点, +36 关系
  📊 累计: 14428 节点, 24508 关系

📦 处理批次 719 (第 3591-3595 条)...
  ✅ 本批次: +15 节点, +31 关系
  📊 累计: 14443 节点, 24539 关系

📦 处理批次 720 (第 3596-3600 条)...
  ✅ 本批次: +9 节点, +29 关系
  📊 累计: 14452 节点, 24568 关系

📦 处理批次 721 (第 3601-3605 条)...
  ✅ 本批次: +3 节点, +12 关系
  📊 累计: 14455 节点, 24580 关系

📦 处理批次 722 (第 3606-3610 条)...
  ✅ 本批次: +9 节点, +25 关系
  📊 累计: 14464 节点, 24605 关系

📦 处理批次 723 (第 3611-3615 条)...
  ✅ 本批次: +20 节点, +34 关系
  📊 累计: 14484 节点, 24639 关系

📦 处理批次 724 (第 3616-3620 条)...
  ✅ 本批次: +23 节点, +35 关系
  📊 累计: 14507 节点, 24674 关系

📦 处理批次 725 (第 3621-3625 条)...
  ✅ 本批次: +25 节点, +48 关系
  📊 累计: 14532 节点, 24722 关系

📦 处理批次 726 (第 3626-3630 条)...
  ✅ 本批次: +19 节点, +28 关系
  📊 累计: 14551 节点, 24750 关系

📦 处理批次 727 (第 3631-3635 条)...
  ✅ 本批次: +21 节点, +34 关系
  📊 累计: 14572 节点, 24784 关系

📦 处理批次 728 (第 3636-3640 条)...
  ✅ 本批次: +17 节点, +36 关系
  📊 累计: 14589 节点, 24820 关系

📦 处理批次 729 (第 3641-3645 条)...
  ✅ 本批次: +6 节点, +27 关系
  📊 累计: 14595 节点, 24847 关系

📦 处理批次 730 (第 3646-3650 条)...
  ✅ 本批次: +13 节点, +24 关系
  📊 累计: 14608 节点, 24871 关系

📦 处理批次 731 (第 3651-3655 条)...
  ✅ 本批次: +27 节点, +56 关系
  📊 累计: 14635 节点, 24927 关系

📦 处理批次 732 (第 3656-3660 条)...
  ✅ 本批次: +13 节点, +25 关系
  📊 累计: 14648 节点, 24952 关系

📦 处理批次 733 (第 3661-3665 条)...
  ✅ 本批次: +22 节点, +37 关系
  📊 累计: 14670 节点, 24989 关系

📦 处理批次 734 (第 3666-3670 条)...
  ✅ 本批次: +15 节点, +31 关系
  📊 累计: 14685 节点, 25020 关系

📦 处理批次 735 (第 3671-3675 条)...
  ✅ 本批次: +10 节点, +24 关系
  📊 累计: 14695 节点, 25044 关系

📦 处理批次 736 (第 3676-3680 条)...
  ✅ 本批次: +27 节点, +46 关系
  📊 累计: 14722 节点, 25090 关系

📦 处理批次 737 (第 3681-3685 条)...
  ✅ 本批次: +17 节点, +35 关系
  📊 累计: 14739 节点, 25125 关系

📦 处理批次 738 (第 3686-3690 条)...
  ✅ 本批次: +13 节点, +41 关系
  📊 累计: 14752 节点, 25166 关系

📦 处理批次 739 (第 3691-3695 条)...
  ✅ 本批次: +10 节点, +20 关系
  📊 累计: 14762 节点, 25186 关系

📦 处理批次 740 (第 3696-3700 条)...
  ✅ 本批次: +23 节点, +41 关系
  📊 累计: 14785 节点, 25227 关系

📦 处理批次 741 (第 3701-3705 条)...
  ✅ 本批次: +17 节点, +36 关系
  📊 累计: 14802 节点, 25263 关系

📦 处理批次 742 (第 3706-3710 条)...
  ✅ 本批次: +13 节点, +26 关系
  📊 累计: 14815 节点, 25289 关系

📦 处理批次 743 (第 3711-3715 条)...
  ✅ 本批次: +19 节点, +47 关系
  📊 累计: 14834 节点, 25336 关系

📦 处理批次 744 (第 3716-3720 条)...
  ✅ 本批次: +12 节点, +25 关系
  📊 累计: 14846 节点, 25361 关系

📦 处理批次 745 (第 3721-3725 条)...
  ✅ 本批次: +16 节点, +30 关系
  📊 累计: 14862 节点, 25391 关系

📦 处理批次 746 (第 3726-3730 条)...
  ✅ 本批次: +13 节点, +29 关系
  📊 累计: 14875 节点, 25420 关系

📦 处理批次 747 (第 3731-3735 条)...
  ✅ 本批次: +24 节点, +42 关系
  📊 累计: 14899 节点, 25462 关系

📦 处理批次 748 (第 3736-3740 条)...
  ✅ 本批次: +14 节点, +36 关系
  📊 累计: 14913 节点, 25498 关系

📦 处理批次 749 (第 3741-3745 条)...
  ✅ 本批次: +19 节点, +43 关系
  📊 累计: 14932 节点, 25541 关系

📦 处理批次 750 (第 3746-3750 条)...
  ✅ 本批次: +9 节点, +26 关系
  📊 累计: 14941 节点, 25567 关系

📦 处理批次 751 (第 3751-3755 条)...
  ✅ 本批次: +6 节点, +22 关系
  📊 累计: 14947 节点, 25589 关系

📦 处理批次 752 (第 3756-3760 条)...
  ✅ 本批次: +31 节点, +57 关系
  📊 累计: 14978 节点, 25646 关系

📦 处理批次 753 (第 3761-3765 条)...
  ✅ 本批次: +6 节点, +21 关系
  📊 累计: 14984 节点, 25667 关系

📦 处理批次 754 (第 3766-3770 条)...
  ✅ 本批次: +13 节点, +30 关系
  📊 累计: 14997 节点, 25697 关系

📦 处理批次 755 (第 3771-3775 条)...
  ✅ 本批次: +26 节点, +56 关系
  📊 累计: 15023 节点, 25753 关系

📦 处理批次 756 (第 3776-3780 条)...
  ✅ 本批次: +10 节点, +30 关系
  📊 累计: 15033 节点, 25783 关系

📦 处理批次 757 (第 3781-3785 条)...
  ✅ 本批次: +24 节点, +28 关系
  📊 累计: 15057 节点, 25811 关系

📦 处理批次 758 (第 3786-3790 条)...
  ✅ 本批次: +18 节点, +36 关系
  📊 累计: 15075 节点, 25847 关系

📦 处理批次 759 (第 3791-3795 条)...
  ✅ 本批次: +14 节点, +40 关系
  📊 累计: 15089 节点, 25887 关系

📦 处理批次 760 (第 3796-3800 条)...
  ✅ 本批次: +14 节点, +39 关系
  📊 累计: 15103 节点, 25926 关系

📦 处理批次 761 (第 3801-3805 条)...
  ✅ 本批次: +17 节点, +31 关系
  📊 累计: 15120 节点, 25957 关系

📦 处理批次 762 (第 3806-3810 条)...
  ✅ 本批次: +16 节点, +33 关系
  📊 累计: 15136 节点, 25990 关系

📦 处理批次 763 (第 3811-3815 条)...
  ✅ 本批次: +14 节点, +36 关系
  📊 累计: 15150 节点, 26026 关系

📦 处理批次 764 (第 3816-3820 条)...
  ✅ 本批次: +23 节点, +42 关系
  📊 累计: 15173 节点, 26068 关系

📦 处理批次 765 (第 3821-3825 条)...
  ✅ 本批次: +17 节点, +25 关系
  📊 累计: 15190 节点, 26093 关系

📦 处理批次 766 (第 3826-3830 条)...
  ✅ 本批次: +22 节点, +35 关系
  📊 累计: 15212 节点, 26128 关系

📦 处理批次 767 (第 3831-3835 条)...
  ✅ 本批次: +16 节点, +36 关系
  📊 累计: 15228 节点, 26164 关系

📦 处理批次 768 (第 3836-3840 条)...
  ✅ 本批次: +14 节点, +42 关系
  📊 累计: 15242 节点, 26206 关系

📦 处理批次 769 (第 3841-3845 条)...
  ✅ 本批次: +13 节点, +33 关系
  📊 累计: 15255 节点, 26239 关系

📦 处理批次 770 (第 3846-3850 条)...
  ✅ 本批次: +15 节点, +41 关系
  📊 累计: 15270 节点, 26280 关系

📦 处理批次 771 (第 3851-3855 条)...
  ✅ 本批次: +11 节点, +30 关系
  📊 累计: 15281 节点, 26310 关系

📦 处理批次 772 (第 3856-3860 条)...
  ✅ 本批次: +9 节点, +22 关系
  📊 累计: 15290 节点, 26332 关系

📦 处理批次 773 (第 3861-3865 条)...
  ✅ 本批次: +14 节点, +43 关系
  📊 累计: 15304 节点, 26375 关系

📦 处理批次 774 (第 3866-3870 条)...
  ✅ 本批次: +16 节点, +27 关系
  📊 累计: 15320 节点, 26402 关系

📦 处理批次 775 (第 3871-3875 条)...
  ✅ 本批次: +30 节点, +53 关系
  📊 累计: 15350 节点, 26455 关系

📦 处理批次 776 (第 3876-3880 条)...
  ✅ 本批次: +27 节点, +42 关系
  📊 累计: 15377 节点, 26497 关系

📦 处理批次 777 (第 3881-3885 条)...
  ✅ 本批次: +9 节点, +26 关系
  📊 累计: 15386 节点, 26523 关系

📦 处理批次 778 (第 3886-3890 条)...
  ✅ 本批次: +12 节点, +21 关系
  📊 累计: 15398 节点, 26544 关系

📦 处理批次 779 (第 3891-3895 条)...
  ✅ 本批次: +17 节点, +30 关系
  📊 累计: 15415 节点, 26574 关系

📦 处理批次 780 (第 3896-3900 条)...
  ✅ 本批次: +25 节点, +45 关系
  📊 累计: 15440 节点, 26619 关系

📦 处理批次 781 (第 3901-3905 条)...
  ✅ 本批次: +21 节点, +44 关系
  📊 累计: 15461 节点, 26663 关系

📦 处理批次 782 (第 3906-3910 条)...
  ✅ 本批次: +4 节点, +27 关系
  📊 累计: 15465 节点, 26690 关系

📦 处理批次 783 (第 3911-3915 条)...
  ✅ 本批次: +25 节点, +38 关系
  📊 累计: 15490 节点, 26728 关系

📦 处理批次 784 (第 3916-3920 条)...
  ✅ 本批次: +6 节点, +27 关系
  📊 累计: 15496 节点, 26755 关系

📦 处理批次 785 (第 3921-3925 条)...
  ✅ 本批次: +4 节点, +14 关系
  📊 累计: 15500 节点, 26769 关系

📦 处理批次 786 (第 3926-3930 条)...
  ✅ 本批次: +10 节点, +33 关系
  📊 累计: 15510 节点, 26802 关系

📦 处理批次 787 (第 3931-3935 条)...
  ✅ 本批次: +14 节点, +50 关系
  📊 累计: 15524 节点, 26852 关系

📦 处理批次 788 (第 3936-3940 条)...
  ✅ 本批次: +8 节点, +29 关系
  📊 累计: 15532 节点, 26881 关系

📦 处理批次 789 (第 3941-3945 条)...
  ✅ 本批次: +10 节点, +23 关系
  📊 累计: 15542 节点, 26904 关系

📦 处理批次 790 (第 3946-3950 条)...
  ✅ 本批次: +18 节点, +35 关系
  📊 累计: 15560 节点, 26939 关系

📦 处理批次 791 (第 3951-3955 条)...
  ✅ 本批次: +18 节点, +46 关系
  📊 累计: 15578 节点, 26985 关系

📦 处理批次 792 (第 3956-3960 条)...
  ✅ 本批次: +32 节点, +52 关系
  📊 累计: 15610 节点, 27037 关系

📦 处理批次 793 (第 3961-3965 条)...
  ✅ 本批次: +24 节点, +38 关系
  📊 累计: 15634 节点, 27075 关系

📦 处理批次 794 (第 3966-3970 条)...
  ✅ 本批次: +12 节点, +26 关系
  📊 累计: 15646 节点, 27101 关系

📦 处理批次 795 (第 3971-3975 条)...
  ✅ 本批次: +13 节点, +34 关系
  📊 累计: 15659 节点, 27135 关系

📦 处理批次 796 (第 3976-3980 条)...
  ✅ 本批次: +11 节点, +28 关系
  📊 累计: 15670 节点, 27163 关系

📦 处理批次 797 (第 3981-3985 条)...
  ✅ 本批次: +12 节点, +24 关系
  📊 累计: 15682 节点, 27187 关系

📦 处理批次 798 (第 3986-3990 条)...
  ✅ 本批次: +39 节点, +69 关系
  📊 累计: 15721 节点, 27256 关系

📦 处理批次 799 (第 3991-3995 条)...
  ✅ 本批次: +21 节点, +43 关系
  📊 累计: 15742 节点, 27299 关系

📦 处理批次 800 (第 3996-4000 条)...
  ✅ 本批次: +11 节点, +25 关系
  📊 累计: 15753 节点, 27324 关系

📦 处理批次 801 (第 4001-4005 条)...
  ✅ 本批次: +26 节点, +62 关系
  📊 累计: 15779 节点, 27386 关系

📦 处理批次 802 (第 4006-4010 条)...
  ✅ 本批次: +28 节点, +43 关系
  📊 累计: 15807 节点, 27429 关系

📦 处理批次 803 (第 4011-4015 条)...
  ✅ 本批次: +5 节点, +15 关系
  📊 累计: 15812 节点, 27444 关系

📦 处理批次 804 (第 4016-4020 条)...
  ✅ 本批次: +9 节点, +22 关系
  📊 累计: 15821 节点, 27466 关系

📦 处理批次 805 (第 4021-4025 条)...
  ✅ 本批次: +20 节点, +41 关系
  📊 累计: 15841 节点, 27507 关系

📦 处理批次 806 (第 4026-4030 条)...
  ✅ 本批次: +16 节点, +30 关系
  📊 累计: 15857 节点, 27537 关系

📦 处理批次 807 (第 4031-4035 条)...
  ✅ 本批次: +17 节点, +35 关系
  📊 累计: 15874 节点, 27572 关系

📦 处理批次 808 (第 4036-4040 条)...
  ✅ 本批次: +32 节点, +48 关系
  📊 累计: 15906 节点, 27620 关系

📦 处理批次 809 (第 4041-4045 条)...
  ✅ 本批次: +2 节点, +13 关系
  📊 累计: 15908 节点, 27633 关系

📦 处理批次 810 (第 4046-4050 条)...
  ✅ 本批次: +14 节点, +35 关系
  📊 累计: 15922 节点, 27668 关系

📦 处理批次 811 (第 4051-4055 条)...
  ✅ 本批次: +16 节点, +30 关系
  📊 累计: 15938 节点, 27698 关系

📦 处理批次 812 (第 4056-4060 条)...
  ✅ 本批次: +1 节点, +12 关系
  📊 累计: 15939 节点, 27710 关系

📦 处理批次 813 (第 4061-4065 条)...
  ✅ 本批次: +25 节点, +47 关系
  📊 累计: 15964 节点, 27757 关系

📦 处理批次 814 (第 4066-4070 条)...
  ✅ 本批次: +12 节点, +33 关系
  📊 累计: 15976 节点, 27790 关系

📦 处理批次 815 (第 4071-4075 条)...
  ✅ 本批次: +7 节点, +21 关系
  📊 累计: 15983 节点, 27811 关系

📦 处理批次 816 (第 4076-4080 条)...
  ✅ 本批次: +8 节点, +28 关系
  📊 累计: 15991 节点, 27839 关系

📦 处理批次 817 (第 4081-4085 条)...
  ✅ 本批次: +12 节点, +28 关系
  📊 累计: 16003 节点, 27867 关系

📦 处理批次 818 (第 4086-4090 条)...
  ✅ 本批次: +14 节点, +36 关系
  📊 累计: 16017 节点, 27903 关系

📦 处理批次 819 (第 4091-4095 条)...
  ✅ 本批次: +39 节点, +50 关系
  📊 累计: 16056 节点, 27953 关系

📦 处理批次 820 (第 4096-4100 条)...
  ✅ 本批次: +11 节点, +29 关系
  📊 累计: 16067 节点, 27982 关系

📦 处理批次 821 (第 4101-4105 条)...
  ✅ 本批次: +24 节点, +38 关系
  📊 累计: 16091 节点, 28020 关系

📦 处理批次 822 (第 4106-4110 条)...
  ✅ 本批次: +18 节点, +49 关系
  📊 累计: 16109 节点, 28069 关系

📦 处理批次 823 (第 4111-4115 条)...
  ✅ 本批次: +18 节点, +42 关系
  📊 累计: 16127 节点, 28111 关系

📦 处理批次 824 (第 4116-4120 条)...
  ✅ 本批次: +16 节点, +37 关系
  📊 累计: 16143 节点, 28148 关系

📦 处理批次 825 (第 4121-4125 条)...
  ✅ 本批次: +16 节点, +46 关系
  📊 累计: 16159 节点, 28194 关系

📦 处理批次 826 (第 4126-4130 条)...
  ✅ 本批次: +31 节点, +57 关系
  📊 累计: 16190 节点, 28251 关系

📦 处理批次 827 (第 4131-4135 条)...
  ✅ 本批次: +7 节点, +18 关系
  📊 累计: 16197 节点, 28269 关系

📦 处理批次 828 (第 4136-4140 条)...
  ✅ 本批次: +4 节点, +12 关系
  📊 累计: 16201 节点, 28281 关系

📦 处理批次 829 (第 4141-4145 条)...
  ✅ 本批次: +18 节点, +37 关系
  📊 累计: 16219 节点, 28318 关系

📦 处理批次 830 (第 4146-4150 条)...
  ✅ 本批次: +18 节点, +34 关系
  📊 累计: 16237 节点, 28352 关系

📦 处理批次 831 (第 4151-4155 条)...
  ✅ 本批次: +13 节点, +37 关系
  📊 累计: 16250 节点, 28389 关系

📦 处理批次 832 (第 4156-4160 条)...
  ✅ 本批次: +23 节点, +43 关系
  📊 累计: 16273 节点, 28432 关系

📦 处理批次 833 (第 4161-4165 条)...
  ✅ 本批次: +10 节点, +26 关系
  📊 累计: 16283 节点, 28458 关系

📦 处理批次 834 (第 4166-4170 条)...
  ✅ 本批次: +33 节点, +51 关系
  📊 累计: 16316 节点, 28509 关系

📦 处理批次 835 (第 4171-4175 条)...
  ✅ 本批次: +23 节点, +41 关系
  📊 累计: 16339 节点, 28550 关系

📦 处理批次 836 (第 4176-4180 条)...
  ✅ 本批次: +27 节点, +43 关系
  📊 累计: 16366 节点, 28593 关系

📦 处理批次 837 (第 4181-4185 条)...
  ✅ 本批次: +29 节点, +49 关系
  📊 累计: 16395 节点, 28642 关系

📦 处理批次 838 (第 4186-4190 条)...
  ✅ 本批次: +8 节点, +17 关系
  📊 累计: 16403 节点, 28659 关系

📦 处理批次 839 (第 4191-4195 条)...
  ✅ 本批次: +4 节点, +17 关系
  📊 累计: 16407 节点, 28676 关系

📦 处理批次 840 (第 4196-4200 条)...
  ✅ 本批次: +16 节点, +28 关系
  📊 累计: 16423 节点, 28704 关系

📦 处理批次 841 (第 4201-4205 条)...
  ✅ 本批次: +14 节点, +32 关系
  📊 累计: 16437 节点, 28736 关系

📦 处理批次 842 (第 4206-4210 条)...
  ✅ 本批次: +22 节点, +43 关系
  📊 累计: 16459 节点, 28779 关系

📦 处理批次 843 (第 4211-4215 条)...
  ✅ 本批次: +23 节点, +56 关系
  📊 累计: 16482 节点, 28835 关系

📦 处理批次 844 (第 4216-4220 条)...
  ✅ 本批次: +22 节点, +41 关系
  📊 累计: 16504 节点, 28876 关系

📦 处理批次 845 (第 4221-4225 条)...
  ✅ 本批次: +17 节点, +47 关系
  📊 累计: 16521 节点, 28923 关系

📦 处理批次 846 (第 4226-4230 条)...
  ✅ 本批次: +12 节点, +34 关系
  📊 累计: 16533 节点, 28957 关系

📦 处理批次 847 (第 4231-4235 条)...
  ✅ 本批次: +14 节点, +38 关系
  📊 累计: 16547 节点, 28995 关系

📦 处理批次 848 (第 4236-4240 条)...
  ✅ 本批次: +21 节点, +37 关系
  📊 累计: 16568 节点, 29032 关系

📦 处理批次 849 (第 4241-4245 条)...
  ✅ 本批次: +17 节点, +25 关系
  📊 累计: 16585 节点, 29057 关系

📦 处理批次 850 (第 4246-4250 条)...
  ✅ 本批次: +15 节点, +26 关系
  📊 累计: 16600 节点, 29083 关系

📦 处理批次 851 (第 4251-4255 条)...
  ✅ 本批次: +19 节点, +38 关系
  📊 累计: 16619 节点, 29121 关系

📦 处理批次 852 (第 4256-4260 条)...
  ✅ 本批次: +19 节点, +55 关系
  📊 累计: 16638 节点, 29176 关系

📦 处理批次 853 (第 4261-4265 条)...
  ✅ 本批次: +24 节点, +37 关系
  📊 累计: 16662 节点, 29213 关系

📦 处理批次 854 (第 4266-4270 条)...
  ✅ 本批次: +10 节点, +25 关系
  📊 累计: 16672 节点, 29238 关系

📦 处理批次 855 (第 4271-4275 条)...
  ✅ 本批次: +22 节点, +44 关系
  📊 累计: 16694 节点, 29282 关系

📦 处理批次 856 (第 4276-4280 条)...
  ✅ 本批次: +15 节点, +32 关系
  📊 累计: 16709 节点, 29314 关系

📦 处理批次 857 (第 4281-4285 条)...
  ✅ 本批次: +7 节点, +36 关系
  📊 累计: 16716 节点, 29350 关系

📦 处理批次 858 (第 4286-4290 条)...
  ✅ 本批次: +8 节点, +23 关系
  📊 累计: 16724 节点, 29373 关系

📦 处理批次 859 (第 4291-4295 条)...
  ✅ 本批次: +21 节点, +46 关系
  📊 累计: 16745 节点, 29419 关系

📦 处理批次 860 (第 4296-4300 条)...
  ✅ 本批次: +9 节点, +20 关系
  📊 累计: 16754 节点, 29439 关系

📦 处理批次 861 (第 4301-4305 条)...
  ✅ 本批次: +9 节点, +33 关系
  📊 累计: 16763 节点, 29472 关系

📦 处理批次 862 (第 4306-4310 条)...
  ✅ 本批次: +6 节点, +28 关系
  📊 累计: 16769 节点, 29500 关系

📦 处理批次 863 (第 4311-4315 条)...
  ✅ 本批次: +15 节点, +37 关系
  📊 累计: 16784 节点, 29537 关系

📦 处理批次 864 (第 4316-4320 条)...
  ✅ 本批次: +9 节点, +35 关系
  📊 累计: 16793 节点, 29572 关系

📦 处理批次 865 (第 4321-4325 条)...
  ✅ 本批次: +9 节点, +35 关系
  📊 累计: 16802 节点, 29607 关系

📦 处理批次 866 (第 4326-4330 条)...
  ✅ 本批次: +13 节点, +20 关系
  📊 累计: 16815 节点, 29627 关系

📦 处理批次 867 (第 4331-4335 条)...
  ✅ 本批次: +7 节点, +18 关系
  📊 累计: 16822 节点, 29645 关系

📦 处理批次 868 (第 4336-4340 条)...
  ✅ 本批次: +23 节点, +41 关系
  📊 累计: 16845 节点, 29686 关系

📦 处理批次 869 (第 4341-4345 条)...
  ✅ 本批次: +15 节点, +35 关系
  📊 累计: 16860 节点, 29721 关系

📦 处理批次 870 (第 4346-4350 条)...
  ✅ 本批次: +14 节点, +47 关系
  📊 累计: 16874 节点, 29768 关系

📦 处理批次 871 (第 4351-4355 条)...
  ✅ 本批次: +17 节点, +62 关系
  📊 累计: 16891 节点, 29830 关系

📦 处理批次 872 (第 4356-4360 条)...
  ✅ 本批次: +40 节点, +45 关系
  📊 累计: 16931 节点, 29875 关系

📦 处理批次 873 (第 4361-4365 条)...
  ✅ 本批次: +15 节点, +37 关系
  📊 累计: 16946 节点, 29912 关系

📦 处理批次 874 (第 4366-4370 条)...
  ✅ 本批次: +23 节点, +36 关系
  📊 累计: 16969 节点, 29948 关系

📦 处理批次 875 (第 4371-4375 条)...
  ✅ 本批次: +13 节点, +32 关系
  📊 累计: 16982 节点, 29980 关系

📦 处理批次 876 (第 4376-4380 条)...
  ✅ 本批次: +11 节点, +26 关系
  📊 累计: 16993 节点, 30006 关系

📦 处理批次 877 (第 4381-4385 条)...
  ✅ 本批次: +11 节点, +29 关系
  📊 累计: 17004 节点, 30035 关系

📦 处理批次 878 (第 4386-4390 条)...
  ✅ 本批次: +20 节点, +30 关系
  📊 累计: 17024 节点, 30065 关系

📦 处理批次 879 (第 4391-4395 条)...
  ✅ 本批次: +11 节点, +26 关系
  📊 累计: 17035 节点, 30091 关系

📦 处理批次 880 (第 4396-4400 条)...
  ✅ 本批次: +12 节点, +29 关系
  📊 累计: 17047 节点, 30120 关系

📦 处理批次 881 (第 4401-4405 条)...
  ✅ 本批次: +9 节点, +33 关系
  📊 累计: 17056 节点, 30153 关系

📦 处理批次 882 (第 4406-4410 条)...
  ✅ 本批次: +16 节点, +40 关系
  📊 累计: 17072 节点, 30193 关系

📦 处理批次 883 (第 4411-4415 条)...
  ✅ 本批次: +8 节点, +25 关系
  📊 累计: 17080 节点, 30218 关系

📦 处理批次 884 (第 4416-4420 条)...
  ✅ 本批次: +14 节点, +26 关系
  📊 累计: 17094 节点, 30244 关系

📦 处理批次 885 (第 4421-4425 条)...
  ✅ 本批次: +25 节点, +47 关系
  📊 累计: 17119 节点, 30291 关系

📦 处理批次 886 (第 4426-4430 条)...
  ✅ 本批次: +33 节点, +56 关系
  📊 累计: 17152 节点, 30347 关系

📦 处理批次 887 (第 4431-4435 条)...
  ✅ 本批次: +47 节点, +66 关系
  📊 累计: 17199 节点, 30413 关系

📦 处理批次 888 (第 4436-4440 条)...
  ✅ 本批次: +20 节点, +29 关系
  📊 累计: 17219 节点, 30442 关系

📦 处理批次 889 (第 4441-4445 条)...
  ✅ 本批次: +16 节点, +38 关系
  📊 累计: 17235 节点, 30480 关系

📦 处理批次 890 (第 4446-4450 条)...
  ✅ 本批次: +23 节点, +43 关系
  📊 累计: 17258 节点, 30523 关系

📦 处理批次 891 (第 4451-4455 条)...
  ✅ 本批次: +9 节点, +22 关系
  📊 累计: 17267 节点, 30545 关系

📦 处理批次 892 (第 4456-4460 条)...
  ✅ 本批次: +30 节点, +48 关系
  📊 累计: 17297 节点, 30593 关系

📦 处理批次 893 (第 4461-4465 条)...
  ✅ 本批次: +18 节点, +27 关系
  📊 累计: 17315 节点, 30620 关系

📦 处理批次 894 (第 4466-4470 条)...
  ✅ 本批次: +18 节点, +47 关系
  📊 累计: 17333 节点, 30667 关系

📦 处理批次 895 (第 4471-4475 条)...
  ✅ 本批次: +16 节点, +38 关系
  📊 累计: 17349 节点, 30705 关系

📦 处理批次 896 (第 4476-4480 条)...
  ✅ 本批次: +9 节点, +26 关系
  📊 累计: 17358 节点, 30731 关系

📦 处理批次 897 (第 4481-4485 条)...
  ✅ 本批次: +17 节点, +30 关系
  📊 累计: 17375 节点, 30761 关系

📦 处理批次 898 (第 4486-4490 条)...
  ✅ 本批次: +16 节点, +38 关系
  📊 累计: 17391 节点, 30799 关系

📦 处理批次 899 (第 4491-4495 条)...
  ✅ 本批次: +28 节点, +47 关系
  📊 累计: 17419 节点, 30846 关系

📦 处理批次 900 (第 4496-4500 条)...
  ✅ 本批次: +8 节点, +29 关系
  📊 累计: 17427 节点, 30875 关系

📦 处理批次 901 (第 4501-4505 条)...
  ✅ 本批次: +27 节点, +39 关系
  📊 累计: 17454 节点, 30914 关系

📦 处理批次 902 (第 4506-4510 条)...
  ✅ 本批次: +31 节点, +41 关系
  📊 累计: 17485 节点, 30955 关系

📦 处理批次 903 (第 4511-4515 条)...
  ✅ 本批次: +4 节点, +33 关系
  📊 累计: 17489 节点, 30988 关系

📦 处理批次 904 (第 4516-4520 条)...
  ✅ 本批次: +15 节点, +43 关系
  📊 累计: 17504 节点, 31031 关系

📦 处理批次 905 (第 4521-4525 条)...
  ✅ 本批次: +13 节点, +50 关系
  📊 累计: 17517 节点, 31081 关系

📦 处理批次 906 (第 4526-4530 条)...
  ✅ 本批次: +34 节点, +50 关系
  📊 累计: 17551 节点, 31131 关系

📦 处理批次 907 (第 4531-4535 条)...
  ✅ 本批次: +27 节点, +42 关系
  📊 累计: 17578 节点, 31173 关系

📦 处理批次 908 (第 4536-4540 条)...
  ✅ 本批次: +7 节点, +21 关系
  📊 累计: 17585 节点, 31194 关系

📦 处理批次 909 (第 4541-4545 条)...
  ✅ 本批次: +16 节点, +32 关系
  📊 累计: 17601 节点, 31226 关系

📦 处理批次 910 (第 4546-4550 条)...
  ✅ 本批次: +16 节点, +45 关系
  📊 累计: 17617 节点, 31271 关系

📦 处理批次 911 (第 4551-4555 条)...
  ✅ 本批次: +13 节点, +32 关系
  📊 累计: 17630 节点, 31303 关系

📦 处理批次 912 (第 4556-4560 条)...
  ✅ 本批次: +24 节点, +44 关系
  📊 累计: 17654 节点, 31347 关系

📦 处理批次 913 (第 4561-4565 条)...
  ✅ 本批次: +17 节点, +35 关系
  📊 累计: 17671 节点, 31382 关系

📦 处理批次 914 (第 4566-4570 条)...
  ✅ 本批次: +16 节点, +44 关系
  📊 累计: 17687 节点, 31426 关系

📦 处理批次 915 (第 4571-4575 条)...
  ✅ 本批次: +21 节点, +36 关系
  📊 累计: 17708 节点, 31462 关系

📦 处理批次 916 (第 4576-4580 条)...
  ✅ 本批次: +25 节点, +42 关系
  📊 累计: 17733 节点, 31504 关系

📦 处理批次 917 (第 4581-4585 条)...
  ✅ 本批次: +10 节点, +23 关系
  📊 累计: 17743 节点, 31527 关系

📦 处理批次 918 (第 4586-4590 条)...
  ✅ 本批次: +9 节点, +34 关系
  📊 累计: 17752 节点, 31561 关系

📦 处理批次 919 (第 4591-4595 条)...
  ✅ 本批次: +23 节点, +36 关系
  📊 累计: 17775 节点, 31597 关系

📦 处理批次 920 (第 4596-4600 条)...
  ✅ 本批次: +6 节点, +30 关系
  📊 累计: 17781 节点, 31627 关系

📦 处理批次 921 (第 4601-4605 条)...
  ✅ 本批次: +18 节点, +38 关系
  📊 累计: 17799 节点, 31665 关系

📦 处理批次 922 (第 4606-4610 条)...
  ✅ 本批次: +18 节点, +48 关系
  📊 累计: 17817 节点, 31713 关系

📦 处理批次 923 (第 4611-4615 条)...
  ✅ 本批次: +13 节点, +29 关系
  📊 累计: 17830 节点, 31742 关系

📦 处理批次 924 (第 4616-4620 条)...
  ✅ 本批次: +21 节点, +38 关系
  📊 累计: 17851 节点, 31780 关系

📦 处理批次 925 (第 4621-4625 条)...
  ✅ 本批次: +17 节点, +48 关系
  📊 累计: 17868 节点, 31828 关系

📦 处理批次 926 (第 4626-4630 条)...
  ✅ 本批次: +16 节点, +36 关系
  📊 累计: 17884 节点, 31864 关系

📦 处理批次 927 (第 4631-4635 条)...
  ✅ 本批次: +15 节点, +34 关系
  📊 累计: 17899 节点, 31898 关系

📦 处理批次 928 (第 4636-4640 条)...
  ✅ 本批次: +15 节点, +33 关系
  📊 累计: 17914 节点, 31931 关系

📦 处理批次 929 (第 4641-4645 条)...
  ✅ 本批次: +31 节点, +49 关系
  📊 累计: 17945 节点, 31980 关系

📦 处理批次 930 (第 4646-4650 条)...
  ✅ 本批次: +10 节点, +28 关系
  📊 累计: 17955 节点, 32008 关系

📦 处理批次 931 (第 4651-4655 条)...
  ✅ 本批次: +11 节点, +33 关系
  📊 累计: 17966 节点, 32041 关系

📦 处理批次 932 (第 4656-4660 条)...
  ✅ 本批次: +16 节点, +23 关系
  📊 累计: 17982 节点, 32064 关系

📦 处理批次 933 (第 4661-4665 条)...
  ✅ 本批次: +11 节点, +24 关系
  📊 累计: 17993 节点, 32088 关系

📦 处理批次 934 (第 4666-4670 条)...
  ✅ 本批次: +22 节点, +43 关系
  📊 累计: 18015 节点, 32131 关系

📦 处理批次 935 (第 4671-4675 条)...
  ✅ 本批次: +27 节点, +46 关系
  📊 累计: 18042 节点, 32177 关系

📦 处理批次 936 (第 4676-4680 条)...
  ✅ 本批次: +24 节点, +31 关系
  📊 累计: 18066 节点, 32208 关系

📦 处理批次 937 (第 4681-4685 条)...
  ✅ 本批次: +19 节点, +25 关系
  📊 累计: 18085 节点, 32233 关系

📦 处理批次 938 (第 4686-4690 条)...
  ✅ 本批次: +19 节点, +38 关系
  📊 累计: 18104 节点, 32271 关系

📦 处理批次 939 (第 4691-4695 条)...
  ✅ 本批次: +16 节点, +43 关系
  📊 累计: 18120 节点, 32314 关系

📦 处理批次 940 (第 4696-4700 条)...
  ✅ 本批次: +9 节点, +13 关系
  📊 累计: 18129 节点, 32327 关系

📦 处理批次 941 (第 4701-4705 条)...
  ✅ 本批次: +30 节点, +57 关系
  📊 累计: 18159 节点, 32384 关系

📦 处理批次 942 (第 4706-4710 条)...
  ✅ 本批次: +10 节点, +34 关系
  📊 累计: 18169 节点, 32418 关系

📦 处理批次 943 (第 4711-4715 条)...
  ✅ 本批次: +16 节点, +54 关系
  📊 累计: 18185 节点, 32472 关系

📦 处理批次 944 (第 4716-4720 条)...
  ✅ 本批次: +6 节点, +25 关系
  📊 累计: 18191 节点, 32497 关系

📦 处理批次 945 (第 4721-4725 条)...
  ✅ 本批次: +21 节点, +36 关系
  📊 累计: 18212 节点, 32533 关系

📦 处理批次 946 (第 4726-4728 条)...
  ✅ 本批次: +18 节点, +19 关系
  📊 累计: 18230 节点, 32552 关系

🎉 所有批次处理完成！

📈 最终统计:
  - 成功: 3995/4728
  - 失败: 733/4728
  - 总节点: 18230
  - 总关系: 32552

📁 输出文件:
  - data/政务_低质量_nodes.csv (18230 个节点)
  - data/政务_低质量_relationships.csv (32552 条关系)
