{
  "protected_files_unchanged": 1679,
  "method_figures_unchanged": true,
  "paper1": {
    "dev": {
      "outcomes": 80,
      "expected": 80,
      "complete": true,
      "actual_requests": 84
    },
    "test": {
      "outcomes": 216,
      "expected": 224,
      "complete": false,
      "actual_requests": 262
    }
  },
  "paper2_source_disjoint_documents": 300,
  "paper2_pilot": {
    "documents": 10,
    "actual_requests": 34,
    "transport_ok": 30,
    "compiled_rules": {
      "deletion": 154,
      "augmentation": 109
    },
    "natural_records": 106,
    "episodes": 5,
    "episodes_with_different_final_graphs": 0,
    "independent_semantic_review": false,
    "training_gate": "Pending independent rule/edit verification and formal implementation/statistics seal; pilot coverage is not evidence of semantic improvement."
  },
  "credentials_file_excluded_from_staging": true
}
