{
  "coverage": [
    {
      "dataset": "RuleTest-94",
      "strategy": "deletion",
      "records": 94,
      "typed_records": 94,
      "missing_type": 0,
      "missing_endpoint": 0,
      "compiled_rules": 5794,
      "matched_rules": 2,
      "matched_records": 20,
      "flagged_records": 10,
      "conflicts": 0
    },
    {
      "dataset": "RuleTest-94",
      "strategy": "augmentation",
      "records": 94,
      "typed_records": 94,
      "missing_type": 0,
      "missing_endpoint": 0,
      "compiled_rules": 12617,
      "matched_rules": 0,
      "matched_records": 0,
      "flagged_records": 0,
      "conflicts": 0
    },
    {
      "dataset": "RuleTest-94",
      "strategy": "union",
      "records": 94,
      "typed_records": 94,
      "missing_type": 0,
      "missing_endpoint": 0,
      "compiled_rules": 18143,
      "matched_rules": 2,
      "matched_records": 20,
      "flagged_records": 10,
      "conflicts": 0
    },
    {
      "dataset": "政务",
      "strategy": "deletion",
      "records": 17939,
      "typed_records": 0,
      "missing_type": 17939,
      "missing_endpoint": 0,
      "compiled_rules": 5794,
      "matched_rules": 0,
      "matched_records": 0,
      "flagged_records": 0,
      "conflicts": 0
    },
    {
      "dataset": "政务",
      "strategy": "augmentation",
      "records": 17939,
      "typed_records": 0,
      "missing_type": 17939,
      "missing_endpoint": 0,
      "compiled_rules": 12617,
      "matched_rules": 0,
      "matched_records": 0,
      "flagged_records": 0,
      "conflicts": 0
    },
    {
      "dataset": "政务",
      "strategy": "union",
      "records": 17939,
      "typed_records": 0,
      "missing_type": 17939,
      "missing_endpoint": 0,
      "compiled_rules": 18143,
      "matched_rules": 0,
      "matched_records": 0,
      "flagged_records": 0,
      "conflicts": 0
    },
    {
      "dataset": "金融",
      "strategy": "deletion",
      "records": 8180,
      "typed_records": 0,
      "missing_type": 8180,
      "missing_endpoint": 0,
      "compiled_rules": 5794,
      "matched_rules": 0,
      "matched_records": 0,
      "flagged_records": 0,
      "conflicts": 0
    },
    {
      "dataset": "金融",
      "strategy": "augmentation",
      "records": 8180,
      "typed_records": 0,
      "missing_type": 8180,
      "missing_endpoint": 0,
      "compiled_rules": 12617,
      "matched_rules": 0,
      "matched_records": 0,
      "flagged_records": 0,
      "conflicts": 0
    },
    {
      "dataset": "金融",
      "strategy": "union",
      "records": 8180,
      "typed_records": 0,
      "missing_type": 8180,
      "missing_endpoint": 0,
      "compiled_rules": 18143,
      "matched_rules": 0,
      "matched_records": 0,
      "flagged_records": 0,
      "conflicts": 0
    },
    {
      "dataset": "环境",
      "strategy": "deletion",
      "records": 151,
      "typed_records": 0,
      "missing_type": 151,
      "missing_endpoint": 0,
      "compiled_rules": 5794,
      "matched_rules": 0,
      "matched_records": 0,
      "flagged_records": 0,
      "conflicts": 0
    },
    {
      "dataset": "环境",
      "strategy": "augmentation",
      "records": 151,
      "typed_records": 0,
      "missing_type": 151,
      "missing_endpoint": 0,
      "compiled_rules": 12617,
      "matched_rules": 0,
      "matched_records": 0,
      "flagged_records": 0,
      "conflicts": 0
    },
    {
      "dataset": "环境",
      "strategy": "union",
      "records": 151,
      "typed_records": 0,
      "missing_type": 151,
      "missing_endpoint": 0,
      "compiled_rules": 18143,
      "matched_rules": 0,
      "matched_records": 0,
      "flagged_records": 0,
      "conflicts": 0
    }
  ],
  "schedule_count": 16,
  "api_calls": 0
}
