{"variant": "no_graph_features", "seed": 0, "episodes": 250, "wall_seconds": 134.0032414617017, "api_calls": 0, "training_transitions": 4500, "reward_mode": "scaled", "training_seed": 20000}
{"variant": "no_rule_features", "seed": 0, "episodes": 250, "wall_seconds": 129.0887532532215, "api_calls": 0, "training_transitions": 4500, "reward_mode": "scaled", "training_seed": 20000}
{"variant": "no_mask", "seed": 0, "episodes": 250, "wall_seconds": 123.06510617118329, "api_calls": 0, "training_transitions": 4500, "reward_mode": "scaled", "training_seed": 20000}
{"variant": "no_call_penalty", "seed": 0, "episodes": 250, "wall_seconds": 131.22251769155264, "api_calls": 0, "training_transitions": 4500, "reward_mode": "no_call_penalty", "training_seed": 20000}
{"variant": "small_count", "seed": 0, "episodes": 250, "wall_seconds": 131.87371202837676, "api_calls": 0, "training_transitions": 4500, "reward_mode": "small_count", "training_seed": 20000}
{"variant": "no_graph_features", "seed": 1, "episodes": 250, "wall_seconds": 134.14131952542812, "api_calls": 0, "training_transitions": 4500, "reward_mode": "scaled", "training_seed": 20001}
{"variant": "no_rule_features", "seed": 1, "episodes": 250, "wall_seconds": 124.3262234814465, "api_calls": 0, "training_transitions": 4500, "reward_mode": "scaled", "training_seed": 20001}
{"variant": "no_mask", "seed": 1, "episodes": 250, "wall_seconds": 117.7049667024985, "api_calls": 0, "training_transitions": 4500, "reward_mode": "scaled", "training_seed": 20001}
{"variant": "no_call_penalty", "seed": 1, "episodes": 250, "wall_seconds": 124.18219084665179, "api_calls": 0, "training_transitions": 4500, "reward_mode": "no_call_penalty", "training_seed": 20001}
{"variant": "small_count", "seed": 1, "episodes": 250, "wall_seconds": 126.88856032676995, "api_calls": 0, "training_transitions": 4500, "reward_mode": "small_count", "training_seed": 20001}
{"variant": "no_graph_features", "seed": 2, "episodes": 250, "wall_seconds": 129.56531193479896, "api_calls": 0, "training_transitions": 4499, "reward_mode": "scaled", "training_seed": 20002}
{"variant": "no_rule_features", "seed": 2, "episodes": 250, "wall_seconds": 123.9528656937182, "api_calls": 0, "training_transitions": 4500, "reward_mode": "scaled", "training_seed": 20002}
{"variant": "no_mask", "seed": 2, "episodes": 250, "wall_seconds": 117.01116669923067, "api_calls": 0, "training_transitions": 4500, "reward_mode": "scaled", "training_seed": 20002}
{"variant": "no_call_penalty", "seed": 2, "episodes": 250, "wall_seconds": 126.18173615541309, "api_calls": 0, "training_transitions": 4500, "reward_mode": "no_call_penalty", "training_seed": 20002}
{"variant": "small_count", "seed": 2, "episodes": 250, "wall_seconds": 127.4023399176076, "api_calls": 0, "training_transitions": 4500, "reward_mode": "small_count", "training_seed": 20002}
{"variant": "no_graph_features", "seed": 3, "episodes": 250, "wall_seconds": 126.9741093358025, "api_calls": 0, "training_transitions": 4500, "reward_mode": "scaled", "training_seed": 20003}
{"variant": "no_rule_features", "seed": 3, "episodes": 250, "wall_seconds": 124.48060939926654, "api_calls": 0, "training_transitions": 4500, "reward_mode": "scaled", "training_seed": 20003}
{"variant": "no_mask", "seed": 3, "episodes": 250, "wall_seconds": 116.72163469623774, "api_calls": 0, "training_transitions": 4500, "reward_mode": "scaled", "training_seed": 20003}
{"variant": "no_call_penalty", "seed": 3, "episodes": 250, "wall_seconds": 127.34755784086883, "api_calls": 0, "training_transitions": 4500, "reward_mode": "no_call_penalty", "training_seed": 20003}
{"variant": "small_count", "seed": 3, "episodes": 250, "wall_seconds": 128.6240191422403, "api_calls": 0, "training_transitions": 4499, "reward_mode": "small_count", "training_seed": 20003}
{"variant": "no_graph_features", "seed": 4, "episodes": 250, "wall_seconds": 129.09422986302525, "api_calls": 0, "training_transitions": 4500, "reward_mode": "scaled", "training_seed": 20004}
{"variant": "no_rule_features", "seed": 4, "episodes": 250, "wall_seconds": 126.9351860601455, "api_calls": 0, "training_transitions": 4500, "reward_mode": "scaled", "training_seed": 20004}
{"variant": "no_mask", "seed": 4, "episodes": 250, "wall_seconds": 118.55758687667549, "api_calls": 0, "training_transitions": 4500, "reward_mode": "scaled", "training_seed": 20004}
{"variant": "no_call_penalty", "seed": 4, "episodes": 250, "wall_seconds": 126.20424876082689, "api_calls": 0, "training_transitions": 4500, "reward_mode": "no_call_penalty", "training_seed": 20004}
{"variant": "small_count", "seed": 4, "episodes": 250, "wall_seconds": 128.33580420352519, "api_calls": 0, "training_transitions": 4500, "reward_mode": "small_count", "training_seed": 20004}
{"variant": "no_graph_features", "seed": 5, "episodes": 250, "wall_seconds": 129.8585886983201, "api_calls": 0, "training_transitions": 4500, "reward_mode": "scaled", "training_seed": 20005}
{"variant": "no_rule_features", "seed": 5, "episodes": 250, "wall_seconds": 126.08249601814896, "api_calls": 0, "training_transitions": 4500, "reward_mode": "scaled", "training_seed": 20005}
{"variant": "no_mask", "seed": 5, "episodes": 250, "wall_seconds": 116.73010756354779, "api_calls": 0, "training_transitions": 4500, "reward_mode": "scaled", "training_seed": 20005}
{"variant": "no_call_penalty", "seed": 5, "episodes": 250, "wall_seconds": 126.60028663743287, "api_calls": 0, "training_transitions": 4500, "reward_mode": "no_call_penalty", "training_seed": 20005}
{"variant": "small_count", "seed": 5, "episodes": 250, "wall_seconds": 128.2913921540603, "api_calls": 0, "training_transitions": 4500, "reward_mode": "small_count", "training_seed": 20005}
{"variant": "no_graph_features", "seed": 6, "episodes": 250, "wall_seconds": 129.61949369404465, "api_calls": 0, "training_transitions": 4500, "reward_mode": "scaled", "training_seed": 20006}
{"variant": "no_rule_features", "seed": 6, "episodes": 250, "wall_seconds": 125.34701321739703, "api_calls": 0, "training_transitions": 4500, "reward_mode": "scaled", "training_seed": 20006}
{"variant": "no_mask", "seed": 6, "episodes": 250, "wall_seconds": 118.69592960830778, "api_calls": 0, "training_transitions": 4500, "reward_mode": "scaled", "training_seed": 20006}
{"variant": "no_call_penalty", "seed": 6, "episodes": 250, "wall_seconds": 126.99492947850376, "api_calls": 0, "training_transitions": 4498, "reward_mode": "no_call_penalty", "training_seed": 20006}
{"variant": "small_count", "seed": 6, "episodes": 250, "wall_seconds": 128.53975557908416, "api_calls": 0, "training_transitions": 4499, "reward_mode": "small_count", "training_seed": 20006}
{"variant": "no_graph_features", "seed": 7, "episodes": 250, "wall_seconds": 129.61406893841922, "api_calls": 0, "training_transitions": 4500, "reward_mode": "scaled", "training_seed": 20007}
{"variant": "no_rule_features", "seed": 7, "episodes": 250, "wall_seconds": 125.44922115374357, "api_calls": 0, "training_transitions": 4500, "reward_mode": "scaled", "training_seed": 20007}
{"variant": "no_mask", "seed": 7, "episodes": 250, "wall_seconds": 119.15633646398783, "api_calls": 0, "training_transitions": 4500, "reward_mode": "scaled", "training_seed": 20007}
{"variant": "no_call_penalty", "seed": 7, "episodes": 250, "wall_seconds": 127.98228645697236, "api_calls": 0, "training_transitions": 4500, "reward_mode": "no_call_penalty", "training_seed": 20007}
{"variant": "small_count", "seed": 7, "episodes": 250, "wall_seconds": 128.3619531923905, "api_calls": 0, "training_transitions": 4500, "reward_mode": "small_count", "training_seed": 20007}
{"variant": "no_graph_features", "seed": 8, "episodes": 250, "wall_seconds": 128.89944094233215, "api_calls": 0, "training_transitions": 4500, "reward_mode": "scaled", "training_seed": 20008}
{"variant": "no_rule_features", "seed": 8, "episodes": 250, "wall_seconds": 125.66013574041426, "api_calls": 0, "training_transitions": 4500, "reward_mode": "scaled", "training_seed": 20008}
{"variant": "no_mask", "seed": 8, "episodes": 250, "wall_seconds": 117.84592046029866, "api_calls": 0, "training_transitions": 4500, "reward_mode": "scaled", "training_seed": 20008}
{"variant": "no_call_penalty", "seed": 8, "episodes": 250, "wall_seconds": 126.68928191997111, "api_calls": 0, "training_transitions": 4500, "reward_mode": "no_call_penalty", "training_seed": 20008}
{"variant": "small_count", "seed": 8, "episodes": 250, "wall_seconds": 127.11451572272927, "api_calls": 0, "training_transitions": 4500, "reward_mode": "small_count", "training_seed": 20008}
{"variant": "no_graph_features", "seed": 9, "episodes": 250, "wall_seconds": 126.19074242841452, "api_calls": 0, "training_transitions": 4498, "reward_mode": "scaled", "training_seed": 20009}
{"variant": "no_rule_features", "seed": 9, "episodes": 250, "wall_seconds": 122.87755513936281, "api_calls": 0, "training_transitions": 4500, "reward_mode": "scaled", "training_seed": 20009}
{"variant": "no_mask", "seed": 9, "episodes": 250, "wall_seconds": 116.10757179372013, "api_calls": 0, "training_transitions": 4500, "reward_mode": "scaled", "training_seed": 20009}
{"variant": "no_call_penalty", "seed": 9, "episodes": 250, "wall_seconds": 123.49717989005148, "api_calls": 0, "training_transitions": 4500, "reward_mode": "no_call_penalty", "training_seed": 20009}
{"variant": "small_count", "seed": 9, "episodes": 250, "wall_seconds": 125.2610969170928, "api_calls": 0, "training_transitions": 4499, "reward_mode": "small_count", "training_seed": 20009}
